Archive member included to satisfy reference by file (symbol)

C:/ST/STM32CubeIDE_2.1.1/STM32CubeIDE/plugins/com.st.stm32cube.ide.mcu.externaltools.gnu-tools-for-stm32.14.3.rel1.win32_1.0.100.202602081740/tools/bin/../lib/gcc/arm-none-eabi/14.3.1/../../../../arm-none-eabi/lib/thumb/v7-m/nofp\libc_nano.a(libc_a-assert.o)
                              ./Core/Src/bq25798/bq25798.o (__assert_func)
C:/ST/STM32CubeIDE_2.1.1/STM32CubeIDE/plugins/com.st.stm32cube.ide.mcu.externaltools.gnu-tools-for-stm32.14.3.rel1.win32_1.0.100.202602081740/tools/bin/../lib/gcc/arm-none-eabi/14.3.1/../../../../arm-none-eabi/lib/thumb/v7-m/nofp\libc_nano.a(libc_a-calloc.o)
                              ./Core/Src/ap33772s/ap33772s.o (calloc)
C:/ST/STM32CubeIDE_2.1.1/STM32CubeIDE/plugins/com.st.stm32cube.ide.mcu.externaltools.gnu-tools-for-stm32.14.3.rel1.win32_1.0.100.202602081740/tools/bin/../lib/gcc/arm-none-eabi/14.3.1/../../../../arm-none-eabi/lib/thumb/v7-m/nofp\libc_nano.a(libc_a-callocr.o)
                              C:/ST/STM32CubeIDE_2.1.1/STM32CubeIDE/plugins/com.st.stm32cube.ide.mcu.externaltools.gnu-tools-for-stm32.14.3.rel1.win32_1.0.100.202602081740/tools/bin/../lib/gcc/arm-none-eabi/14.3.1/../../../../arm-none-eabi/lib/thumb/v7-m/nofp\libc_nano.a(libc_a-calloc.o) (_calloc_r)
C:/ST/STM32CubeIDE_2.1.1/STM32CubeIDE/plugins/com.st.stm32cube.ide.mcu.externaltools.gnu-tools-for-stm32.14.3.rel1.win32_1.0.100.202602081740/tools/bin/../lib/gcc/arm-none-eabi/14.3.1/../../../../arm-none-eabi/lib/thumb/v7-m/nofp\libc_nano.a(libc_a-exit.o)
                              C:/ST/STM32CubeIDE_2.1.1/STM32CubeIDE/plugins/com.st.stm32cube.ide.mcu.externaltools.gnu-tools-for-stm32.14.3.rel1.win32_1.0.100.202602081740/tools/bin/../lib/gcc/arm-none-eabi/14.3.1/../../../../arm-none-eabi/lib/thumb/v7-m/nofp/crt0.o (exit)
C:/ST/STM32CubeIDE_2.1.1/STM32CubeIDE/plugins/com.st.stm32cube.ide.mcu.externaltools.gnu-tools-for-stm32.14.3.rel1.win32_1.0.100.202602081740/tools/bin/../lib/gcc/arm-none-eabi/14.3.1/../../../../arm-none-eabi/lib/thumb/v7-m/nofp\libc_nano.a(libc_a-malloc.o)
                              ./Core/Src/ap33772s/ap33772s.o (free)
C:/ST/STM32CubeIDE_2.1.1/STM32CubeIDE/plugins/com.st.stm32cube.ide.mcu.externaltools.gnu-tools-for-stm32.14.3.rel1.win32_1.0.100.202602081740/tools/bin/../lib/gcc/arm-none-eabi/14.3.1/../../../../arm-none-eabi/lib/thumb/v7-m/nofp\libc_nano.a(libc_a-mallocr.o)
                              C:/ST/STM32CubeIDE_2.1.1/STM32CubeIDE/plugins/com.st.stm32cube.ide.mcu.externaltools.gnu-tools-for-stm32.14.3.rel1.win32_1.0.100.202602081740/tools/bin/../lib/gcc/arm-none-eabi/14.3.1/../../../../arm-none-eabi/lib/thumb/v7-m/nofp\libc_nano.a(libc_a-callocr.o) (_malloc_r)
C:/ST/STM32CubeIDE_2.1.1/STM32CubeIDE/plugins/com.st.stm32cube.ide.mcu.externaltools.gnu-tools-for-stm32.14.3.rel1.win32_1.0.100.202602081740/tools/bin/../lib/gcc/arm-none-eabi/14.3.1/../../../../arm-none-eabi/lib/thumb/v7-m/nofp\libc_nano.a(libc_a-mlock.o)
                              C:/ST/STM32CubeIDE_2.1.1/STM32CubeIDE/plugins/com.st.stm32cube.ide.mcu.externaltools.gnu-tools-for-stm32.14.3.rel1.win32_1.0.100.202602081740/tools/bin/../lib/gcc/arm-none-eabi/14.3.1/../../../../arm-none-eabi/lib/thumb/v7-m/nofp\libc_nano.a(libc_a-mallocr.o) (__malloc_lock)
C:/ST/STM32CubeIDE_2.1.1/STM32CubeIDE/plugins/com.st.stm32cube.ide.mcu.externaltools.gnu-tools-for-stm32.14.3.rel1.win32_1.0.100.202602081740/tools/bin/../lib/gcc/arm-none-eabi/14.3.1/../../../../arm-none-eabi/lib/thumb/v7-m/nofp\libc_nano.a(libc_a-nano-vfprintf_float.o)
                              (_printf_float)
C:/ST/STM32CubeIDE_2.1.1/STM32CubeIDE/plugins/com.st.stm32cube.ide.mcu.externaltools.gnu-tools-for-stm32.14.3.rel1.win32_1.0.100.202602081740/tools/bin/../lib/gcc/arm-none-eabi/14.3.1/../../../../arm-none-eabi/lib/thumb/v7-m/nofp\libc_nano.a(libc_a-nano-vfprintf_i.o)
                              C:/ST/STM32CubeIDE_2.1.1/STM32CubeIDE/plugins/com.st.stm32cube.ide.mcu.externaltools.gnu-tools-for-stm32.14.3.rel1.win32_1.0.100.202602081740/tools/bin/../lib/gcc/arm-none-eabi/14.3.1/../../../../arm-none-eabi/lib/thumb/v7-m/nofp\libc_nano.a(libc_a-nano-vfprintf_float.o) (_printf_common)
C:/ST/STM32CubeIDE_2.1.1/STM32CubeIDE/plugins/com.st.stm32cube.ide.mcu.externaltools.gnu-tools-for-stm32.14.3.rel1.win32_1.0.100.202602081740/tools/bin/../lib/gcc/arm-none-eabi/14.3.1/../../../../arm-none-eabi/lib/thumb/v7-m/nofp\libc_nano.a(libc_a-findfp.o)
                              ./Middlewares/Third_Party/FreeRTOS/Source/tasks.o (__sf)
C:/ST/STM32CubeIDE_2.1.1/STM32CubeIDE/plugins/com.st.stm32cube.ide.mcu.externaltools.gnu-tools-for-stm32.14.3.rel1.win32_1.0.100.202602081740/tools/bin/../lib/gcc/arm-none-eabi/14.3.1/../../../../arm-none-eabi/lib/thumb/v7-m/nofp\libc_nano.a(libc_a-fprintf.o)
[...]
Memory Configuration

Name             Origin             Length             Attributes
RAM              0x20000000         0x00005000         xrw
FLASH            0x08000000         0x00010000         xr
*default*        0x00000000         0xffffffff

Linker script and memory map

LOAD C:/ST/STM32CubeIDE_2.1.1/STM32CubeIDE/plugins/com.st.stm32cube.ide.mcu.externaltools.gnu-tools-for-stm32.14.3.rel1.win32_1.0.100.202602081740/tools/bin/../lib/gcc/arm-none-eabi/14.3.1/thumb/v7-m/nofp/crti.o
LOAD C:/ST/STM32CubeIDE_2.1.1/STM32CubeIDE/plugins/com.st.stm32cube.ide.mcu.externaltools.gnu-tools-for-stm32.14.3.rel1.win32_1.0.100.202602081740/tools/bin/../lib/gcc/arm-none-eabi/14.3.1/thumb/v7-m/nofp/crtbegin.o
LOAD C:/ST/STM32CubeIDE_2.1.1/STM32CubeIDE/plugins/com.st.stm32cube.ide.mcu.externaltools.gnu-tools-for-stm32.14.3.rel1.win32_1.0.100.202602081740/tools/bin/../lib/gcc/arm-none-eabi/14.3.1/../../../../arm-none-eabi/lib/thumb/v7-m/nofp/crt0.o
LOAD ./Core/Src/ap33772s/ap33772s.o
LOAD ./Core/Src/ap33772s/apApp.o
LOAD ./Core/Src/bq25798/bq25798.o
LOAD ./Core/Src/bq25798/bqApp.o
LOAD ./Core/Src/freertos.o
LOAD ./Core/Src/main.o
LOAD ./Core/Src/stm32f1xx_hal_msp.o
LOAD ./Core/Src/stm32f1xx_hal_timebase_tim.o
LOAD ./Core/Src/stm32f1xx_it.o
LOAD ./Core/Src/syscalls.o
LOAD ./Core/Src/sysmem.o
LOAD ./Core/Src/system_stm32f1xx.o
LOAD ./Core/Src/i2c/i2c.o
LOAD ./Core/Src/log/log.o
LOAD ./Core/Src/tb6612fng/tb6612fng.o
LOAD ./Core/Src/vnh5180a/vnh5180a.o
LOAD ./Core/Startup/startup_stm32f103c8tx.o
LOAD ./Drivers/STM32F1xx_HAL_Driver/Src/stm32f1xx_hal.o
LOAD ./Drivers/STM32F1xx_HAL_Driver/Src/stm32f1xx_hal_cortex.o
LOAD ./Drivers/STM32F1xx_HAL_Driver/Src/stm32f1xx_hal_dma.o
LOAD ./Drivers/STM32F1xx_HAL_Driver/Src/stm32f1xx_hal_exti.o
LOAD ./Drivers/STM32F1xx_HAL_Driver/Src/stm32f1xx_hal_flash.o
LOAD ./Drivers/STM32F1xx_HAL_Driver/Src/stm32f1xx_hal_flash_ex.o
LOAD ./Drivers/STM32F1xx_HAL_Driver/Src/stm32f1xx_hal_gpio.o
LOAD ./Drivers/STM32F1xx_HAL_Driver/Src/stm32f1xx_hal_gpio_ex.o
LOAD ./Drivers/STM32F1xx_HAL_Driver/Src/stm32f1xx_hal_i2c.o
LOAD ./Drivers/STM32F1xx_HAL_Driver/Src/stm32f1xx_hal_pwr.o
LOAD ./Drivers/STM32F1xx_HAL_Driver/Src/stm32f1xx_hal_rcc.o
LOAD ./Drivers/STM32F1xx_HAL_Driver/Src/stm32f1xx_hal_rcc_ex.o
LOAD ./Drivers/STM32F1xx_HAL_Driver/Src/stm32f1xx_hal_tim.o
LOAD ./Drivers/STM32F1xx_HAL_Driver/Src/stm32f1xx_hal_tim_ex.o
LOAD ./Drivers/STM32F1xx_HAL_Driver/Src/stm32f1xx_hal_uart.o
LOAD ./Middlewares/Third_Party/FreeRTOS/Source/CMSIS_RTOS_V2/cmsis_os2.o
LOAD ./Middlewares/Third_Party/FreeRTOS/Source/croutine.o
LOAD ./Middlewares/Third_Party/FreeRTOS/Source/event_groups.o
LOAD ./Middlewares/Third_Party/FreeRTOS/Source/list.o
LOAD ./Middlewares/Third_Party/FreeRTOS/Source/queue.o
LOAD ./Middlewares/Third_Party/FreeRTOS/Source/stream_buffer.o
LOAD ./Middlewares/Third_Party/FreeRTOS/Source/tasks.o
LOAD ./Middlewares/Third_Party/FreeRTOS/Source/timers.o
LOAD ./Middlewares/Third_Party/FreeRTOS/Source/portable/GCC/ARM_CM3/port.o
LOAD ./Middlewares/Third_Party/FreeRTOS/Source/portable/MemMang/heap_4.o
START GROUP
LOAD C:/ST/STM32CubeIDE_2.1.1/STM32CubeIDE/plugins/com.st.stm32cube.ide.mcu.externaltools.gnu-tools-for-stm32.14.3.rel1.win32_1.0.100.202602081740/tools/bin/../lib/gcc/arm-none-eabi/14.3.1/../../../../arm-none-eabi/lib/thumb/v7-m/nofp\libc_nano.a
LOAD C:/ST/STM32CubeIDE_2.1.1/STM32CubeIDE/plugins/com.st.stm32cube.ide.mcu.externaltools.gnu-tools-for-stm32.14.3.rel1.win32_1.0.100.202602081740/tools/bin/../lib/gcc/arm-none-eabi/14.3.1/../../../../arm-none-eabi/lib/thumb/v7-m/nofp\libm.a
END GROUP
START GROUP
LOAD C:/ST/STM32CubeIDE_2.1.1/STM32CubeIDE/plugins/com.st.stm32cube.ide.mcu.externaltools.gnu-tools-for-stm32.14.3.rel1.win32_1.0.100.202602081740/tools/bin/../lib/gcc/arm-none-eabi/14.3.1/thumb/v7-m/nofp\libgcc.a
LOAD C:/ST/STM32CubeIDE_2.1.1/STM32CubeIDE/plugins/com.st.stm32cube.ide.mcu.externaltools.gnu-tools-for-stm32.14.3.rel1.win32_1.0.100.202602081740/tools/bin/../lib/gcc/arm-none-eabi/14.3.1/../../../../arm-none-eabi/lib/thumb/v7-m/nofp\libc_nano.a
END GROUP
START GROUP
LOAD C:/ST/STM32CubeIDE_2.1.1/STM32CubeIDE/plugins/com.st.stm32cube.ide.mcu.externaltools.gnu-tools-for-stm32.14.3.rel1.win32_1.0.100.202602081740/tools/bin/../lib/gcc/arm-none-eabi/14.3.1/thumb/v7-m/nofp\libgcc.a
LOAD C:/ST/STM32CubeIDE_2.1.1/STM32CubeIDE/plugins/com.st.stm32cube.ide.mcu.externaltools.gnu-tools-for-stm32.14.3.rel1.win32_1.0.100.202602081740/tools/bin/../lib/gcc/arm-none-eabi/14.3.1/../../../../arm-none-eabi/lib/thumb/v7-m/nofp\libc_nano.a
LOAD C:/ST/STM32CubeIDE_2.1.1/STM32CubeIDE/plugins/com.st.stm32cube.ide.mcu.externaltools.gnu-tools-for-stm32.14.3.rel1.win32_1.0.100.202602081740/tools/bin/../lib/gcc/arm-none-eabi/14.3.1/../../../../arm-none-eabi/lib/thumb/v7-m/nofp\libnosys.a
END GROUP
START GROUP
LOAD C:/ST/STM32CubeIDE_2.1.1/STM32CubeIDE/plugins/com.st.stm32cube.ide.mcu.externaltools.gnu-tools-for-stm32.14.3.rel1.win32_1.0.100.202602081740/tools/bin/../lib/gcc/arm-none-eabi/14.3.1/thumb/v7-m/nofp\libgcc.a
LOAD C:/ST/STM32CubeIDE_2.1.1/STM32CubeIDE/plugins/com.st.stm32cube.ide.mcu.externaltools.gnu-tools-for-stm32.14.3.rel1.win32_1.0.100.202602081740/tools/bin/../lib/gcc/arm-none-eabi/14.3.1/../../../../arm-none-eabi/lib/thumb/v7-m/nofp\libc_nano.a
LOAD C:/ST/STM32CubeIDE_2.1.1/STM32CubeIDE/plugins/com.st.stm32cube.ide.mcu.externaltools.gnu-tools-for-stm32.14.3.rel1.win32_1.0.100.202602081740/tools/bin/../lib/gcc/arm-none-eabi/14.3.1/../../../../arm-none-eabi/lib/thumb/v7-m/nofp\libnosys.a
END GROUP
LOAD C:/ST/STM32CubeIDE_2.1.1/STM32CubeIDE/plugins/com.st.stm32cube.ide.mcu.externaltools.gnu-tools-for-stm32.14.3.rel1.win32_1.0.100.202602081740/tools/bin/../lib/gcc/arm-none-eabi/14.3.1/thumb/v7-m/nofp/crtend.o
LOAD C:/ST/STM32CubeIDE_2.1.1/STM32CubeIDE/plugins/com.st.stm32cube.ide.mcu.externaltools.gnu-tools-for-stm32.14.3.rel1.win32_1.0.100.202602081740/tools/bin/../lib/gcc/arm-none-eabi/14.3.1/thumb/v7-m/nofp/crtn.o
                0x20005000                        _estack = (ORIGIN (RAM) + LENGTH (RAM))
                0x00000200                        _Min_Heap_Size = 0x200
                0x00000400                        _Min_Stack_Size = 0x400

.isr_vector     0x08000000      0x10c
                0x08000000                        . = ALIGN (0x4)
 *(.isr_vector)
 .isr_vector    0x08000000      0x10c ./Core/Startup/startup_stm32f103c8tx.o
                0x08000000                g_pfnVectors
                0x0800010c                        . = ALIGN (0x4)

.text           0x08000110     0xce40
                0x08000110                        . = ALIGN (0x4)
 *(.text)
 .text          0x08000110       0x40 C:/ST/STM32CubeIDE_2.1.1/STM32CubeIDE/plugins/com.st.stm32cube.ide.mcu.externaltools.gnu-tools-for-stm32.14.3.rel1.win32_1.0.100.202602081740/tools/bin/../lib/gcc/arm-none-eabi/14.3.1/thumb/v7-m/nofp/crtbegin.o
 .text          0x08000150       0x10 C:/ST/STM32CubeIDE_2.1.1/STM32CubeIDE/plugins/com.st.stm32cube.ide.mcu.externaltools.gnu-tools-for-stm32.14.3.rel1.win32_1.0.100.202602081740/tools/bin/../lib/gcc/arm-none-eabi/14.3.1/../../../../arm-none-eabi/lib/thumb/v7-m/nofp\libc_nano.a(libc_a-strlen.o)
                0x08000150                strlen
 .text          0x08000160      0x378 C:/ST/STM32CubeIDE_2.1.1/STM32CubeIDE/plugins/com.st.stm32cube.ide.mcu.externaltools.gnu-tools-for-stm32.14.3.rel1.win32_1.0.100.202602081740/tools/bin/../lib/gcc/arm-none-eabi/14.3.1/thumb/v7-m/nofp\libgcc.a(_arm_addsubdf3.o)
                0x08000160                __aeabi_drsub
                0x08000168                __aeabi_dsub
                0x08000168                __subdf3
                0x0800016c                __aeabi_dadd
                0x0800016c                __adddf3
                0x080003e4                __floatunsidf
                0x080003e4                __aeabi_ui2d
                0x08000404                __floatsidf
                0x08000404                __aeabi_i2d
                0x08000428                __aeabi_f2d
                0x08000428                __extendsfdf2
                0x0800046c                __floatundidf
                0x0800046c                __aeabi_ul2d
                0x0800047c                __floatdidf
                0x0800047c                __aeabi_l2d
 .text          0x080004d8      0x424 C:/ST/STM32CubeIDE_2.1.1/STM32CubeIDE/plugins/com.st.stm32cube.ide.mcu.externaltools.gnu-tools-for-stm32.14.3.rel1.win32_1.0.100.202602081740/tools/bin/../lib/gcc/arm-none-eabi/14.3.1/thumb/v7-m/nofp\libgcc.a(_arm_muldivdf3.o)
                0x080004d8                __aeabi_dmul
                0x080004d8                __muldf3
                0x0800072c                __divdf3
                0x0800072c                __aeabi_ddiv
 .text          0x080008fc      0x110 C:/ST/STM32CubeIDE_2.1.1/STM32CubeIDE/plugins/com.st.stm32cube.ide.mcu.externaltools.gnu-tools-for-stm32.14.3.rel1.win32_1.0.100.202602081740/tools/bin/../lib/gcc/arm-none-eabi/14.3.1/thumb/v7-m/nofp\libgcc.a(_arm_cmpdf2.o)
                0x080008fc                __gtdf2
                0x080008fc                __gedf2
                0x08000904                __ltdf2
                0x08000904                __ledf2
                0x0800090c                __nedf2
                0x0800090c                __eqdf2
                0x0800090c                __cmpdf2
                0x08000988                __aeabi_cdrcmple
                0x08000998                __aeabi_cdcmpeq
                0x08000998                __aeabi_cdcmple
                0x080009a8                __aeabi_dcmpeq
                0x080009bc                __aeabi_dcmplt
                0x080009d0                __aeabi_dcmple
                0x080009e4                __aeabi_dcmpge
                0x080009f8                __aeabi_dcmpgt
 .text          0x08000a0c       0x2c C:/ST/STM32CubeIDE_2.1.1/STM32CubeIDE/plugins/com.st.stm32cube.ide.mcu.externaltools.gnu-tools-for-stm32.14.3.rel1.win32_1.0.100.202602081740/tools/bin/../lib/gcc/arm-none-eabi/14.3.1/thumb/v7-m/nofp\libgcc.a(_arm_unorddf2.o)
                0x08000a0c                __unorddf2
                0x08000a0c                __aeabi_dcmpun
 .text          0x08000a38       0x50 C:/ST/STM32CubeIDE_2.1.1/STM32CubeIDE/plugins/com.st.stm32cube.ide.mcu.externaltools.gnu-tools-for-stm32.14.3.rel1.win32_1.0.100.202602081740/tools/bin/../lib/gcc/arm-none-eabi/14.3.1/thumb/v7-m/nofp\libgcc.a(_arm_fixdfsi.o)
                0x08000a38                __aeabi_d2iz
                0x08000a38                __fixdfsi
 .text          0x08000a88       0xa0 C:/ST/STM32CubeIDE_2.1.1/STM32CubeIDE/plugins/com.st.stm32cube.ide.mcu.externaltools.gnu-tools-for-stm32.14.3.rel1.win32_1.0.100.202602081740/tools/bin/../lib/gcc/arm-none-eabi/14.3.1/thumb/v7-m/nofp\libgcc.a(_arm_truncdfsf2.o)
                0x08000a88                __truncdfsf2
                0x08000a88                __aeabi_d2f
 .text          0x08000b28      0x2a0 C:/ST/STM32CubeIDE_2.1.1/STM32CubeIDE/plugins/com.st.stm32cube.ide.mcu.externaltools.gnu-tools-for-stm32.14.3.rel1.win32_1.0.100.202602081740/tools/bin/../lib/gcc/arm-none-eabi/14.3.1/thumb/v7-m/nofp\libgcc.a(_arm_muldivsf3.o)
                0x08000b28                __mulsf3
                0x08000b28                __aeabi_fmul
                0x08000c90                __aeabi_fdiv
                0x08000c90                __divsf3
 .text          0x08000dc8       0x40 C:/ST/STM32CubeIDE_2.1.1/STM32CubeIDE/plugins/com.st.stm32cube.ide.mcu.externaltools.gnu-tools-for-stm32.14.3.rel1.win32_1.0.100.202602081740/tools/bin/../lib/gcc/arm-none-eabi/14.3.1/thumb/v7-m/nofp\libgcc.a(_arm_fixunssfsi.o)
                0x08000dc8                __fixunssfsi
                0x08000dc8                __aeabi_f2uiz
 *(.text*)
 .text.ap_call_read
                0x08000e08       0x2a ./Core/Src/ap33772s/ap33772s.o
 .text.ap_call_write
                0x08000e32       0x2a ./Core/Src/ap33772s/ap33772s.o
 .text.ap_pdo_is_programmable
                0x08000e5c       0x20 ./Core/Src/ap33772s/ap33772s.o
 .text.ap_pdo_is_valid
                0x08000e7c       0x20 ./Core/Src/ap33772s/ap33772s.o
 .text.ap_pdo_current_code
                0x08000e9c       0x22 ./Core/Src/ap33772s/ap33772s.o
 .text.ap_pdo_voltage_field
                0x08000ebe       0x22 ./Core/Src/ap33772s/ap33772s.o
 .text.ap_decode_voltage_max_mv
                0x08000ee0       0x32 ./Core/Src/ap33772s/ap33772s.o
 .text.ap_pps_voltage_min_mv
                0x08000f12       0x2a ./Core/Src/ap33772s/ap33772s.o
 .text.ap_avs_voltage_min_mv
                0x08000f3c       0x2a ./Core/Src/ap33772s/ap33772s.o
 *fill*         0x08000f66        0x2 
 .text.ap_current_code_from_ma
                0x08000f68       0x5c ./Core/Src/ap33772s/ap33772s.o
 .text.ap_current_range_from_code
                0x08000fc4       0x6c ./Core/Src/ap33772s/ap33772s.o
 .text.ap_read_u8
                0x08001030       0x3c ./Core/Src/ap33772s/ap33772s.o
 .text.ap_read_u16
                0x0800106c       0x4c ./Core/Src/ap33772s/ap33772s.o
 .text.ap_write_u8
                0x080010b8       0x26 ./Core/Src/ap33772s/ap33772s.o
 .text.ap_get_power_capabilities
                0x080010de      0x11c ./Core/Src/ap33772s/ap33772s.o
                0x080010de                ap_get_power_capabilities
 *fill*         0x080011fa        0x2 
 .text.ap_init  0x080011fc       0x88 ./Core/Src/ap33772s/ap33772s.o
                0x080011fc                ap_init
 .text.ap_set_output
                0x08001284       0x3c ./Core/Src/ap33772s/ap33772s.o
                0x08001284                ap_set_output
 .text.ap_delay
                0x080012c0       0x20 ./Core/Src/ap33772s/ap33772s.o
                0x080012c0                ap_delay
 .text.ap_send_request
                0x080012e0       0x6a ./Core/Src/ap33772s/ap33772s.o
 *fill*         0x0800134a        0x2 
 .text.ap_request_pps
                0x0800134c       0xec ./Core/Src/ap33772s/ap33772s.o
                0x0800134c                ap_request_pps
 .text.ap_read_status
                0x08001438       0x4a ./Core/Src/ap33772s/ap33772s.o
                0x08001438                ap_read_status
 .text.ap_read_voltage
                0x08001482       0x56 ./Core/Src/ap33772s/ap33772s.o
                0x08001482                ap_read_voltage
 .text.ap_log_voltage
                0x080014d8       0x30 ./Core/Src/ap33772s/ap33772s.o
                0x080014d8                ap_log_voltage
 .text.ap_read_current
                0x08001508       0x56 ./Core/Src/ap33772s/ap33772s.o
                0x08001508                ap_read_current
 *fill*         0x0800155e        0x2 
 .text.ap_log_current
                0x08001560       0x30 ./Core/Src/ap33772s/ap33772s.o
                0x08001560                ap_log_current
 .text.ap_print_profile
                0x08001590      0x20c ./Core/Src/ap33772s/ap33772s.o
 .text.ap_print_profiles
                0x0800179c       0x40 ./Core/Src/ap33772s/ap33772s.o
                0x0800179c                ap_print_profiles
 .text.ap_get_pdo_info
                0x080017dc      0x156 ./Core/Src/ap33772s/ap33772s.o
                0x080017dc                ap_get_pdo_info
 *fill*         0x08001932        0x2 
 .text.ap_pps_voltage_min_desc
                0x08001934       0x54 ./Core/Src/ap33772s/ap33772s.o
                0x08001934                ap_pps_voltage_min_desc
 .text.ap_avs_voltage_min_desc
                0x08001988       0x54 ./Core/Src/ap33772s/ap33772s.o
                0x08001988                ap_avs_voltage_min_desc
 .text.ap_fixed_peak_current_desc
                0x080019dc       0x5c ./Core/Src/ap33772s/ap33772s.o
                0x080019dc                ap_fixed_peak_current_desc
 .text.bqWriteReg
                0x08001a38       0x2a ./Core/Src/bq25798/bq25798.o
                0x08001a38                bqWriteReg
 .text.bqReadReg
                0x08001a62       0x2a ./Core/Src/bq25798/bq25798.o
                0x08001a62                bqReadReg
 .text.bq_delay
                0x08001a8c       0x20 ./Core/Src/bq25798/bq25798.o
                0x08001a8c                bq_delay
 .text.bqSetReg
                0x08001aac       0x66 ./Core/Src/bq25798/bq25798.o
                0x08001aac                bqSetReg
 *fill*         0x08001b12        0x2 
 .text.bq_init  0x08001b14       0x6c ./Core/Src/bq25798/bq25798.o
                0x08001b14                bq_init
 .text.bqReadStatus1_3
                0x08001b80      0x234 ./Core/Src/bq25798/bq25798.o
                0x08001b80                bqReadStatus1_3
 .text.bqLogChargerStatusFault
                0x08001db4      0x138 ./Core/Src/bq25798/bq25798.o
                0x08001db4                bqLogChargerStatusFault
 .text.bqReadStatusFault
                0x08001eec      0x15c ./Core/Src/bq25798/bq25798.o
                0x08001eec                bqReadStatusFault
 .text.bqLogStatusFault
                0x08002048      0x168 ./Core/Src/bq25798/bq25798.o
                0x08002048                bqLogStatusFault
 .text.bqSetWatchdogTimer
                0x080021b0       0x24 ./Core/Src/bq25798/bq25798.o
                0x080021b0                bqSetWatchdogTimer
 .text.bqSetTsIgnore
                0x080021d4       0x24 ./Core/Src/bq25798/bq25798.o
                0x080021d4                bqSetTsIgnore
 .text.bqSetMinimalSystemVoltageLimit
                0x080021f8       0x40 ./Core/Src/bq25798/bq25798.o
                0x080021f8                bqSetMinimalSystemVoltageLimit
 .text.bqSetChargeVoltageLimit
                0x08002238       0x60 ./Core/Src/bq25798/bq25798.o
                0x08002238                bqSetChargeVoltageLimit
 .text.bqSetChargeCurrentLimit
                0x08002298       0x6c ./Core/Src/bq25798/bq25798.o
                0x08002298                bqSetChargeCurrentLimit
 .text.bqReadIBus
                0x08002304       0x74 ./Core/Src/bq25798/bq25798.o
                0x08002304                bqReadIBus
 .text.bqReadVBus
                0x08002378       0x74 ./Core/Src/bq25798/bq25798.o
                0x08002378                bqReadVBus
 .text.bqReadIBat
                0x080023ec       0x74 ./Core/Src/bq25798/bq25798.o
                0x080023ec                bqReadIBat
 .text.bqReadVBat
                0x08002460       0x74 ./Core/Src/bq25798/bq25798.o
                0x08002460                bqReadVBat
 .text.bqReadVSys
                0x080024d4       0x74 ./Core/Src/bq25798/bq25798.o
                0x080024d4                bqReadVSys
 .text.main     0x08002548       0xcc ./Core/Src/main.o
                0x08002548                main
 .text.SystemClock_Config
                0x08002614       0x8c ./Core/Src/main.o
                0x08002614                SystemClock_Config
 .text.MX_I2C1_Init
                0x080026a0       0x5c ./Core/Src/main.o
 .text.MX_I2C2_Init
                0x080026fc       0x5c ./Core/Src/main.o
 .text.MX_TIM3_Init
                0x08002758      0x100 ./Core/Src/main.o
 .text.MX_USART2_UART_Init
                0x08002858       0x54 ./Core/Src/main.o
 .text.MX_GPIO_Init
                0x080028ac      0x124 ./Core/Src/main.o
 .text.HAL_GPIO_EXTI_Callback
                0x080029d0       0x6c ./Core/Src/main.o
                0x080029d0                HAL_GPIO_EXTI_Callback
 .text.tb6612fngTask
                0x08002a3c       0x48 ./Core/Src/main.o
                0x08002a3c                tb6612fngTask
 .text.ap33772sTask
                0x08002a84       0x84 ./Core/Src/main.o
                0x08002a84                ap33772sTask
 .text.bq25798Task
                0x08002b08       0x94 ./Core/Src/main.o
                0x08002b08                bq25798Task
 .text.vnh5180aTask
                0x08002b9c       0x3c ./Core/Src/main.o
                0x08002b9c                vnh5180aTask
 .text.HAL_TIM_PeriodElapsedCallback
                0x08002bd8       0x1e ./Core/Src/main.o
                0x08002bd8                HAL_TIM_PeriodElapsedCallback
 .text.Error_Handler
                0x08002bf6        0xc ./Core/Src/main.o
                0x08002bf6                Error_Handler
 *fill*         0x08002c02        0x2 
 .text.HAL_MspInit
                0x08002c04       0x70 ./Core/Src/stm32f1xx_hal_msp.o
                0x08002c04                HAL_MspInit
 .text.HAL_I2C_MspInit
                0x08002c74       0xd8 ./Core/Src/stm32f1xx_hal_msp.o
                0x08002c74                HAL_I2C_MspInit
 .text.HAL_TIM_Base_MspInit
                0x08002d4c       0x3c ./Core/Src/stm32f1xx_hal_msp.o
                0x08002d4c                HAL_TIM_Base_MspInit
 .text.HAL_TIM_MspPostInit
                0x08002d88       0x98 ./Core/Src/stm32f1xx_hal_msp.o
                0x08002d88                HAL_TIM_MspPostInit
 .text.HAL_UART_MspInit
                0x08002e20       0x94 ./Core/Src/stm32f1xx_hal_msp.o
                0x08002e20                HAL_UART_MspInit
 .text.HAL_InitTick
                0x08002eb4       0xf8 ./Core/Src/stm32f1xx_hal_timebase_tim.o
                0x08002eb4                HAL_InitTick
 .text.NMI_Handler
                0x08002fac        0x8 ./Core/Src/stm32f1xx_it.o
                0x08002fac                NMI_Handler
 .text.HardFault_Handler
                0x08002fb4        0x8 ./Core/Src/stm32f1xx_it.o
                0x08002fb4                HardFault_Handler
 .text.MemManage_Handler
                0x08002fbc        0x8 ./Core/Src/stm32f1xx_it.o
                0x08002fbc                MemManage_Handler
 .text.BusFault_Handler
                0x08002fc4        0x8 ./Core/Src/stm32f1xx_it.o
                0x08002fc4                BusFault_Handler
 .text.UsageFault_Handler
                0x08002fcc        0x8 ./Core/Src/stm32f1xx_it.o
                0x08002fcc                UsageFault_Handler
 .text.DebugMon_Handler
                0x08002fd4        0xc ./Core/Src/stm32f1xx_it.o
                0x08002fd4                DebugMon_Handler
 .text.EXTI3_IRQHandler
                0x08002fe0        0xe ./Core/Src/stm32f1xx_it.o
                0x08002fe0                EXTI3_IRQHandler
 *fill*         0x08002fee        0x2 
 .text.TIM2_IRQHandler
                0x08002ff0       0x14 ./Core/Src/stm32f1xx_it.o
                0x08002ff0                TIM2_IRQHandler
 .text._getpid  0x08003004        0xe ./Core/Src/syscalls.o
                0x08003004                _getpid
 .text._kill    0x08003012       0x20 ./Core/Src/syscalls.o
                0x08003012                _kill
 .text._exit    0x08003032       0x16 ./Core/Src/syscalls.o
                0x08003032                _exit
 .text._read    0x08003048       0x3a ./Core/Src/syscalls.o
                0x08003048                _read
 .text._write   0x08003082       0x38 ./Core/Src/syscalls.o
                0x08003082                _write
 .text._close   0x080030ba       0x16 ./Core/Src/syscalls.o
                0x080030ba                _close
 .text._fstat   0x080030d0       0x1e ./Core/Src/syscalls.o
                0x080030d0                _fstat
 .text._isatty  0x080030ee       0x14 ./Core/Src/syscalls.o
                0x080030ee                _isatty
 .text._lseek   0x08003102       0x18 ./Core/Src/syscalls.o
                0x08003102                _lseek
 *fill*         0x0800311a        0x2 
 .text._sbrk    0x0800311c       0x6c ./Core/Src/sysmem.o
                0x0800311c                _sbrk
 .text.SystemInit
                0x08003188        0xc ./Core/Src/system_stm32f1xx.o
                0x08003188                SystemInit
 .text.clearWriteBuf
                0x08003194       0x30 ./Core/Src/i2c/i2c.o
                0x08003194                clearWriteBuf
 .text.clearReadBuf
                0x080031c4       0x30 ./Core/Src/i2c/i2c.o
                0x080031c4                clearReadBuf
 .text.i2cApWrite
                0x080031f4       0x58 ./Core/Src/i2c/i2c.o
                0x080031f4                i2cApWrite
 .text.i2cApRead
                0x0800324c       0x58 ./Core/Src/i2c/i2c.o
                0x0800324c                i2cApRead
 .text.i2cApDelay
                0x080032a4       0x18 ./Core/Src/i2c/i2c.o
                0x080032a4                i2cApDelay
 .text.i2cBqWrite
                0x080032bc       0x58 ./Core/Src/i2c/i2c.o
                0x080032bc                i2cBqWrite
 .text.i2cBqRead
                0x08003314       0x58 ./Core/Src/i2c/i2c.o
                0x08003314                i2cBqRead
 .text.i2cBqDelay
                0x0800336c       0x18 ./Core/Src/i2c/i2c.o
                0x0800336c                i2cBqDelay
 .text.logString
                0x08003384       0x38 ./Core/Src/log/log.o
                0x08003384                logString
 .text.logInteger
                0x080033bc       0x3c ./Core/Src/log/log.o
                0x080033bc                logInteger
 .text.nextLine
                0x080033f8       0x14 ./Core/Src/log/log.o
                0x080033f8                nextLine
 .text.tbSetStndbyPin
                0x0800340c       0x24 ./Core/Src/tb6612fng/tb6612fng.o
                0x0800340c                tbSetStndbyPin
 .text.tbSetAin1Pin
                0x08003430       0x24 ./Core/Src/tb6612fng/tb6612fng.o
                0x08003430                tbSetAin1Pin
 .text.tbSetAin2Pin
                0x08003454       0x24 ./Core/Src/tb6612fng/tb6612fng.o
                0x08003454                tbSetAin2Pin
 .text.tbPmwStart
                0x08003478       0x14 ./Core/Src/tb6612fng/tb6612fng.o
                0x08003478                tbPmwStart
 .text.tbSetDutyCycle
                0x0800348c       0x24 ./Core/Src/tb6612fng/tb6612fng.o
                0x0800348c                tbSetDutyCycle
 .text.tbMotorCw
                0x080034b0       0x8c ./Core/Src/tb6612fng/tb6612fng.o
                0x080034b0                tbMotorCw
 *fill*         0x0800353c        0x4 
 .text.tbMotorCcw
                0x08003540       0x8c ./Core/Src/tb6612fng/tb6612fng.o
                0x08003540                tbMotorCcw
 .text.tbMotorStop
                0x080035cc       0x28 ./Core/Src/tb6612fng/tb6612fng.o
                0x080035cc                tbMotorStop
 .text.tbMotorDrive
                0x080035f4       0x36 ./Core/Src/tb6612fng/tb6612fng.o
                0x080035f4                tbMotorDrive
 .text.tbMotorDriveRevolutions
                0x0800362a       0x42 ./Core/Src/tb6612fng/tb6612fng.o
                0x0800362a                tbMotorDriveRevolutions
 .text.vnSetInAPin
                0x0800366c       0x24 ./Core/Src/vnh5180a/vnh5180a.o
                0x0800366c                vnSetInAPin
 .text.vnSetInBPin
                0x08003690       0x24 ./Core/Src/vnh5180a/vnh5180a.o
                0x08003690                vnSetInBPin
 .text.vnReadDiagAPin
                0x080036b4       0x24 ./Core/Src/vnh5180a/vnh5180a.o
                0x080036b4                vnReadDiagAPin
 .text.vnReadDiagBPin
                0x080036d8       0x24 ./Core/Src/vnh5180a/vnh5180a.o
                0x080036d8                vnReadDiagBPin
 .text.vnCheckMotorStatus
                0x080036fc       0x4c ./Core/Src/vnh5180a/vnh5180a.o
                0x080036fc                vnCheckMotorStatus
 .text.vnPmwStart
                0x08003748       0x14 ./Core/Src/vnh5180a/vnh5180a.o
                0x08003748                vnPmwStart
 .text.vnSetDutyCycle
                0x0800375c       0x24 ./Core/Src/vnh5180a/vnh5180a.o
                0x0800375c                vnSetDutyCycle
 .text.vnResetDutyCycle
                0x08003780       0x18 ./Core/Src/vnh5180a/vnh5180a.o
                0x08003780                vnResetDutyCycle
 .text.vnMotorCw
                0x08003798       0xa0 ./Core/Src/vnh5180a/vnh5180a.o
                0x08003798                vnMotorCw
 .text.vnMotorCcw
                0x08003838       0xa0 ./Core/Src/vnh5180a/vnh5180a.o
                0x08003838                vnMotorCcw
 .text.vnMotorBrakeToGnd
                0x080038d8       0x48 ./Core/Src/vnh5180a/vnh5180a.o
                0x080038d8                vnMotorBrakeToGnd
 .text.vnMotorDrive
                0x08003920       0x2e ./Core/Src/vnh5180a/vnh5180a.o
                0x08003920                vnMotorDrive
 .text.vnMotorDriveDuration
                0x0800394e       0x3c ./Core/Src/vnh5180a/vnh5180a.o
                0x0800394e                vnMotorDriveDuration
 *fill*         0x0800398a        0x2 
 .text.Reset_Handler
                0x0800398c       0x48 ./Core/Startup/startup_stm32f103c8tx.o
                0x0800398c                Reset_Handler
 .text.Default_Handler
                0x080039d4        0x2 ./Core/Startup/startup_stm32f103c8tx.o
                0x080039d4                RTC_Alarm_IRQHandler
                0x080039d4                EXTI2_IRQHandler
                0x080039d4                TIM1_CC_IRQHandler
                0x080039d4                PVD_IRQHandler
                0x080039d4                EXTI0_IRQHandler
                0x080039d4                I2C2_EV_IRQHandler
                0x080039d4                ADC1_2_IRQHandler
                0x080039d4                SPI1_IRQHandler
                0x080039d4                TAMPER_IRQHandler
                0x080039d4                DMA1_Channel4_IRQHandler
                0x080039d4                USART3_IRQHandler
                0x080039d4                RTC_IRQHandler
                0x080039d4                DMA1_Channel7_IRQHandler
                0x080039d4                CAN1_RX1_IRQHandler
                0x080039d4                TIM4_IRQHandler
                0x080039d4                I2C1_EV_IRQHandler
                0x080039d4                DMA1_Channel6_IRQHandler
                0x080039d4                TIM3_IRQHandler
                0x080039d4                RCC_IRQHandler
                0x080039d4                TIM1_TRG_COM_IRQHandler
                0x080039d4                DMA1_Channel1_IRQHandler
                0x080039d4                Default_Handler
                0x080039d4                EXTI15_10_IRQHandler
                0x080039d4                EXTI9_5_IRQHandler
                0x080039d4                SPI2_IRQHandler
                0x080039d4                DMA1_Channel5_IRQHandler
                0x080039d4                EXTI4_IRQHandler
                0x080039d4                USB_LP_CAN1_RX0_IRQHandler
                0x080039d4                USB_HP_CAN1_TX_IRQHandler
                0x080039d4                DMA1_Channel3_IRQHandler
                0x080039d4                TIM1_UP_IRQHandler
                0x080039d4                WWDG_IRQHandler
                0x080039d4                TIM1_BRK_IRQHandler
                0x080039d4                EXTI1_IRQHandler
                0x080039d4                USART2_IRQHandler
                0x080039d4                I2C2_ER_IRQHandler
                0x080039d4                DMA1_Channel2_IRQHandler
                0x080039d4                CAN1_SCE_IRQHandler
                0x080039d4                FLASH_IRQHandler
                0x080039d4                USART1_IRQHandler
                0x080039d4                I2C1_ER_IRQHandler
                0x080039d4                USBWakeUp_IRQHandler
 *fill*         0x080039d6        0x2 
 .text.HAL_Init
                0x080039d8       0x2c ./Drivers/STM32F1xx_HAL_Driver/Src/stm32f1xx_hal.o
                0x080039d8                HAL_Init
 .text.HAL_IncTick
                0x08003a04       0x24 ./Drivers/STM32F1xx_HAL_Driver/Src/stm32f1xx_hal.o
                0x08003a04                HAL_IncTick
 .text.HAL_GetTick
                0x08003a28       0x14 ./Drivers/STM32F1xx_HAL_Driver/Src/stm32f1xx_hal.o
                0x08003a28                HAL_GetTick
 .text.__NVIC_SetPriorityGrouping
                0x08003a3c       0x48 ./Drivers/STM32F1xx_HAL_Driver/Src/stm32f1xx_hal_cortex.o
 .text.__NVIC_GetPriorityGrouping
                0x08003a84       0x1c ./Drivers/STM32F1xx_HAL_Driver/Src/stm32f1xx_hal_cortex.o
 .text.__NVIC_EnableIRQ
                0x08003aa0       0x38 ./Drivers/STM32F1xx_HAL_Driver/Src/stm32f1xx_hal_cortex.o
 .text.__NVIC_SetPriority
                0x08003ad8       0x54 ./Drivers/STM32F1xx_HAL_Driver/Src/stm32f1xx_hal_cortex.o
 .text.NVIC_EncodePriority
                0x08003b2c       0x64 ./Drivers/STM32F1xx_HAL_Driver/Src/stm32f1xx_hal_cortex.o
 .text.HAL_NVIC_SetPriorityGrouping
                0x08003b90       0x16 ./Drivers/STM32F1xx_HAL_Driver/Src/stm32f1xx_hal_cortex.o
                0x08003b90                HAL_NVIC_SetPriorityGrouping
 .text.HAL_NVIC_SetPriority
                0x08003ba6       0x38 ./Drivers/STM32F1xx_HAL_Driver/Src/stm32f1xx_hal_cortex.o
                0x08003ba6                HAL_NVIC_SetPriority
 .text.HAL_NVIC_EnableIRQ
                0x08003bde       0x1c ./Drivers/STM32F1xx_HAL_Driver/Src/stm32f1xx_hal_cortex.o
                0x08003bde                HAL_NVIC_EnableIRQ
 *fill*         0x08003bfa        0x2 
 .text.HAL_GPIO_Init
                0x08003bfc      0x308 ./Drivers/STM32F1xx_HAL_Driver/Src/stm32f1xx_hal_gpio.o
                0x08003bfc                HAL_GPIO_Init
 .text.HAL_GPIO_ReadPin
                0x08003f04       0x2e ./Drivers/STM32F1xx_HAL_Driver/Src/stm32f1xx_hal_gpio.o
                0x08003f04                HAL_GPIO_ReadPin
 .text.HAL_GPIO_WritePin
                0x08003f32       0x30 ./Drivers/STM32F1xx_HAL_Driver/Src/stm32f1xx_hal_gpio.o
                0x08003f32                HAL_GPIO_WritePin
 *fill*         0x08003f62        0x2 
 .text.HAL_GPIO_EXTI_IRQHandler
                0x08003f64       0x30 ./Drivers/STM32F1xx_HAL_Driver/Src/stm32f1xx_hal_gpio.o
                0x08003f64                HAL_GPIO_EXTI_IRQHandler
 .text.HAL_I2C_Init
                0x08003f94      0x288 ./Drivers/STM32F1xx_HAL_Driver/Src/stm32f1xx_hal_i2c.o
                0x08003f94                HAL_I2C_Init
 .text.HAL_I2C_Mem_Write
                0x0800421c      0x1f4 ./Drivers/STM32F1xx_HAL_Driver/Src/stm32f1xx_hal_i2c.o
                0x0800421c                HAL_I2C_Mem_Write
 .text.HAL_I2C_Mem_Read
                0x08004410      0x4e8 ./Drivers/STM32F1xx_HAL_Driver/Src/stm32f1xx_hal_i2c.o
                0x08004410                HAL_I2C_Mem_Read
 .text.I2C_RequestMemoryWrite
                0x080048f8      0x12c ./Drivers/STM32F1xx_HAL_Driver/Src/stm32f1xx_hal_i2c.o
 .text.I2C_RequestMemoryRead
                0x08004a24      0x1d0 ./Drivers/STM32F1xx_HAL_Driver/Src/stm32f1xx_hal_i2c.o
 .text.I2C_WaitOnFlagUntilTimeout
                0x08004bf4       0xf4 ./Drivers/STM32F1xx_HAL_Driver/Src/stm32f1xx_hal_i2c.o
 .text.I2C_WaitOnMasterAddressFlagUntilTimeout
                0x08004ce8      0x140 ./Drivers/STM32F1xx_HAL_Driver/Src/stm32f1xx_hal_i2c.o
 .text.I2C_WaitOnTXEFlagUntilTimeout
                0x08004e28       0x90 ./Drivers/STM32F1xx_HAL_Driver/Src/stm32f1xx_hal_i2c.o
 .text.I2C_WaitOnBTFFlagUntilTimeout
                0x08004eb8       0x90 ./Drivers/STM32F1xx_HAL_Driver/Src/stm32f1xx_hal_i2c.o
 .text.I2C_WaitOnRXNEFlagUntilTimeout
                0x08004f48       0xba ./Drivers/STM32F1xx_HAL_Driver/Src/stm32f1xx_hal_i2c.o
 .text.I2C_IsAcknowledgeFailed
                0x08005002       0x5c ./Drivers/STM32F1xx_HAL_Driver/Src/stm32f1xx_hal_i2c.o
 *fill*         0x0800505e        0x2 
 .text.HAL_RCC_OscConfig
                0x08005060      0x504 ./Drivers/STM32F1xx_HAL_Driver/Src/stm32f1xx_hal_rcc.o
                0x08005060                HAL_RCC_OscConfig
 .text.HAL_RCC_ClockConfig
                0x08005564      0x1d4 ./Drivers/STM32F1xx_HAL_Driver/Src/stm32f1xx_hal_rcc.o
                0x08005564                HAL_RCC_ClockConfig
 .text.HAL_RCC_GetSysClockFreq
                0x08005738       0xac ./Drivers/STM32F1xx_HAL_Driver/Src/stm32f1xx_hal_rcc.o
                0x08005738                HAL_RCC_GetSysClockFreq
 .text.HAL_RCC_GetHCLKFreq
                0x080057e4       0x14 ./Drivers/STM32F1xx_HAL_Driver/Src/stm32f1xx_hal_rcc.o
                0x080057e4                HAL_RCC_GetHCLKFreq
 .text.HAL_RCC_GetPCLK1Freq
                0x080057f8       0x28 ./Drivers/STM32F1xx_HAL_Driver/Src/stm32f1xx_hal_rcc.o
                0x080057f8                HAL_RCC_GetPCLK1Freq
 .text.HAL_RCC_GetPCLK2Freq
                0x08005820       0x28 ./Drivers/STM32F1xx_HAL_Driver/Src/stm32f1xx_hal_rcc.o
                0x08005820                HAL_RCC_GetPCLK2Freq
 .text.HAL_RCC_GetClockConfig
                0x08005848       0x60 ./Drivers/STM32F1xx_HAL_Driver/Src/stm32f1xx_hal_rcc.o
                0x08005848                HAL_RCC_GetClockConfig
 .text.RCC_Delay
                0x080058a8       0x3c ./Drivers/STM32F1xx_HAL_Driver/Src/stm32f1xx_hal_rcc.o
 .text.HAL_TIM_Base_Init
                0x080058e4       0x9e ./Drivers/STM32F1xx_HAL_Driver/Src/stm32f1xx_hal_tim.o
                0x080058e4                HAL_TIM_Base_Init
 *fill*         0x08005982        0x2 
 .text.HAL_TIM_Base_Start_IT
                0x08005984       0xa4 ./Drivers/STM32F1xx_HAL_Driver/Src/stm32f1xx_hal_tim.o
                0x08005984                HAL_TIM_Base_Start_IT
 .text.HAL_TIM_PWM_Init
                0x08005a28       0x9e ./Drivers/STM32F1xx_HAL_Driver/Src/stm32f1xx_hal_tim.o
                0x08005a28                HAL_TIM_PWM_Init
 .text.HAL_TIM_PWM_MspInit
                0x08005ac6       0x12 ./Drivers/STM32F1xx_HAL_Driver/Src/stm32f1xx_hal_tim.o
                0x08005ac6                HAL_TIM_PWM_MspInit
 .text.HAL_TIM_PWM_Start
                0x08005ad8      0x144 ./Drivers/STM32F1xx_HAL_Driver/Src/stm32f1xx_hal_tim.o
                0x08005ad8                HAL_TIM_PWM_Start
 .text.HAL_TIM_IRQHandler
                0x08005c1c      0x1e0 ./Drivers/STM32F1xx_HAL_Driver/Src/stm32f1xx_hal_tim.o
                0x08005c1c                HAL_TIM_IRQHandler
 .text.HAL_TIM_PWM_ConfigChannel
                0x08005dfc      0x184 ./Drivers/STM32F1xx_HAL_Driver/Src/stm32f1xx_hal_tim.o
                0x08005dfc                HAL_TIM_PWM_ConfigChannel
 .text.HAL_TIM_ConfigClockSource
                0x08005f80      0x18e ./Drivers/STM32F1xx_HAL_Driver/Src/stm32f1xx_hal_tim.o
                0x08005f80                HAL_TIM_ConfigClockSource
 .text.HAL_TIM_OC_DelayElapsedCallback
                0x0800610e       0x12 ./Drivers/STM32F1xx_HAL_Driver/Src/stm32f1xx_hal_tim.o
                0x0800610e                HAL_TIM_OC_DelayElapsedCallback
 .text.HAL_TIM_IC_CaptureCallback
                0x08006120       0x12 ./Drivers/STM32F1xx_HAL_Driver/Src/stm32f1xx_hal_tim.o
                0x08006120                HAL_TIM_IC_CaptureCallback
 .text.HAL_TIM_PWM_PulseFinishedCallback
                0x08006132       0x12 ./Drivers/STM32F1xx_HAL_Driver/Src/stm32f1xx_hal_tim.o
                0x08006132                HAL_TIM_PWM_PulseFinishedCallback
 .text.HAL_TIM_TriggerCallback
                0x08006144       0x12 ./Drivers/STM32F1xx_HAL_Driver/Src/stm32f1xx_hal_tim.o
                0x08006144                HAL_TIM_TriggerCallback
 *fill*         0x08006156        0x2 
 .text.TIM_Base_SetConfig
                0x08006158       0xdc ./Drivers/STM32F1xx_HAL_Driver/Src/stm32f1xx_hal_tim.o
                0x08006158                TIM_Base_SetConfig
 .text.TIM_OC1_SetConfig
                0x08006234       0xcc ./Drivers/STM32F1xx_HAL_Driver/Src/stm32f1xx_hal_tim.o
 .text.TIM_OC2_SetConfig
                0x08006300       0xd4 ./Drivers/STM32F1xx_HAL_Driver/Src/stm32f1xx_hal_tim.o
                0x08006300                TIM_OC2_SetConfig
 .text.TIM_OC3_SetConfig
                0x080063d4       0xd4 ./Drivers/STM32F1xx_HAL_Driver/Src/stm32f1xx_hal_tim.o
 .text.TIM_OC4_SetConfig
                0x080064a8       0x9c ./Drivers/STM32F1xx_HAL_Driver/Src/stm32f1xx_hal_tim.o
 .text.TIM_TI1_ConfigInputStage
                0x08006544       0x5c ./Drivers/STM32F1xx_HAL_Driver/Src/stm32f1xx_hal_tim.o
 .text.TIM_TI2_ConfigInputStage
                0x080065a0       0x5e ./Drivers/STM32F1xx_HAL_Driver/Src/stm32f1xx_hal_tim.o
 .text.TIM_ITRx_SetConfig
                0x080065fe       0x34 ./Drivers/STM32F1xx_HAL_Driver/Src/stm32f1xx_hal_tim.o
 .text.TIM_ETR_SetConfig
                0x08006632       0x3e ./Drivers/STM32F1xx_HAL_Driver/Src/stm32f1xx_hal_tim.o
                0x08006632                TIM_ETR_SetConfig
 .text.TIM_CCxChannelCmd
                0x08006670       0x48 ./Drivers/STM32F1xx_HAL_Driver/Src/stm32f1xx_hal_tim.o
                0x08006670                TIM_CCxChannelCmd
 .text.HAL_TIMEx_MasterConfigSynchronization
                0x080066b8       0xbc ./Drivers/STM32F1xx_HAL_Driver/Src/stm32f1xx_hal_tim_ex.o
                0x080066b8                HAL_TIMEx_MasterConfigSynchronization
 .text.HAL_TIMEx_CommutCallback
                0x08006774       0x12 ./Drivers/STM32F1xx_HAL_Driver/Src/stm32f1xx_hal_tim_ex.o
                0x08006774                HAL_TIMEx_CommutCallback
 .text.HAL_TIMEx_BreakCallback
                0x08006786       0x12 ./Drivers/STM32F1xx_HAL_Driver/Src/stm32f1xx_hal_tim_ex.o
                0x08006786                HAL_TIMEx_BreakCallback
 .text.HAL_UART_Init
                0x08006798       0xa0 ./Drivers/STM32F1xx_HAL_Driver/Src/stm32f1xx_hal_uart.o
                0x08006798                HAL_UART_Init
 .text.HAL_UART_Transmit
                0x08006838      0x116 ./Drivers/STM32F1xx_HAL_Driver/Src/stm32f1xx_hal_uart.o
                0x08006838                HAL_UART_Transmit
 .text.UART_WaitOnFlagUntilTimeout
                0x0800694e       0xb2 ./Drivers/STM32F1xx_HAL_Driver/Src/stm32f1xx_hal_uart.o
 .text.UART_EndRxTransfer
                0x08006a00       0xc4 ./Drivers/STM32F1xx_HAL_Driver/Src/stm32f1xx_hal_uart.o
 .text.UART_SetConfig
                0x08006ac4      0x11c ./Drivers/STM32F1xx_HAL_Driver/Src/stm32f1xx_hal_uart.o
 .text.__NVIC_SetPriority
                0x08006be0       0x54 ./Middlewares/Third_Party/FreeRTOS/Source/CMSIS_RTOS_V2/cmsis_os2.o
 .text.SysTick_Handler
                0x08006c34       0x20 ./Middlewares/Third_Party/FreeRTOS/Source/CMSIS_RTOS_V2/cmsis_os2.o
                0x08006c34                SysTick_Handler
 .text.SVC_Setup
                0x08006c54       0x12 ./Middlewares/Third_Party/FreeRTOS/Source/CMSIS_RTOS_V2/cmsis_os2.o
 *fill*         0x08006c66        0x2 
 .text.osKernelInitialize
                0x08006c68       0x44 ./Middlewares/Third_Party/FreeRTOS/Source/CMSIS_RTOS_V2/cmsis_os2.o
                0x08006c68                osKernelInitialize
 .text.osKernelStart
                0x08006cac       0x4c ./Middlewares/Third_Party/FreeRTOS/Source/CMSIS_RTOS_V2/cmsis_os2.o
                0x08006cac                osKernelStart
 .text.osThreadNew
                0x08006cf8      0x124 ./Middlewares/Third_Party/FreeRTOS/Source/CMSIS_RTOS_V2/cmsis_os2.o
                0x08006cf8                osThreadNew
 .text.osDelay  0x08006e1c       0x36 ./Middlewares/Third_Party/FreeRTOS/Source/CMSIS_RTOS_V2/cmsis_os2.o
                0x08006e1c                osDelay
 .text.osSemaphoreNew
                0x08006e52      0x112 ./Middlewares/Third_Party/FreeRTOS/Source/CMSIS_RTOS_V2/cmsis_os2.o
                0x08006e52                osSemaphoreNew
 .text.osSemaphoreAcquire
                0x08006f64       0xa4 ./Middlewares/Third_Party/FreeRTOS/Source/CMSIS_RTOS_V2/cmsis_os2.o
                0x08006f64                osSemaphoreAcquire
 .text.vApplicationGetIdleTaskMemory
                0x08007008       0x30 ./Middlewares/Third_Party/FreeRTOS/Source/CMSIS_RTOS_V2/cmsis_os2.o
                0x08007008                vApplicationGetIdleTaskMemory
 .text.vApplicationGetTimerTaskMemory
                0x08007038       0x34 ./Middlewares/Third_Party/FreeRTOS/Source/CMSIS_RTOS_V2/cmsis_os2.o
                0x08007038                vApplicationGetTimerTaskMemory
 .text.vListInitialise
                0x0800706c       0x3e ./Middlewares/Third_Party/FreeRTOS/Source/list.o
                0x0800706c                vListInitialise
 .text.vListInitialiseItem
                0x080070aa       0x18 ./Middlewares/Third_Party/FreeRTOS/Source/list.o
                0x080070aa                vListInitialiseItem
 .text.vListInsertEnd
                0x080070c2       0x46 ./Middlewares/Third_Party/FreeRTOS/Source/list.o
                0x080070c2                vListInsertEnd
 .text.vListInsert
                0x08007108       0x70 ./Middlewares/Third_Party/FreeRTOS/Source/list.o
                0x08007108                vListInsert
 .text.uxListRemove
                0x08007178       0x52 ./Middlewares/Third_Party/FreeRTOS/Source/list.o
                0x08007178                uxListRemove
 *fill*         0x080071ca        0x2 
 .text.xQueueGenericReset
                0x080071cc       0xd4 ./Middlewares/Third_Party/FreeRTOS/Source/queue.o
                0x080071cc                xQueueGenericReset
 .text.xQueueGenericCreateStatic
                0x080072a0       0xfa ./Middlewares/Third_Party/FreeRTOS/Source/queue.o
                0x080072a0                xQueueGenericCreateStatic
 .text.xQueueGenericCreate
                0x0800739a       0x76 ./Middlewares/Third_Party/FreeRTOS/Source/queue.o
                0x0800739a                xQueueGenericCreate
 .text.prvInitialiseNewQueue
                0x08007410       0x46 ./Middlewares/Third_Party/FreeRTOS/Source/queue.o
 .text.xQueueCreateCountingSemaphoreStatic
                0x08007456       0x72 ./Middlewares/Third_Party/FreeRTOS/Source/queue.o
                0x08007456                xQueueCreateCountingSemaphoreStatic
 .text.xQueueCreateCountingSemaphore
                0x080074c8       0x6a ./Middlewares/Third_Party/FreeRTOS/Source/queue.o
                0x080074c8                xQueueCreateCountingSemaphore
 *fill*         0x08007532        0x2 
 .text.xQueueGenericSend
                0x08007534      0x204 ./Middlewares/Third_Party/FreeRTOS/Source/queue.o
                0x08007534                xQueueGenericSend
 .text.xQueueGenericSendFromISR
                0x08007738      0x13c ./Middlewares/Third_Party/FreeRTOS/Source/queue.o
                0x08007738                xQueueGenericSendFromISR
 .text.xQueueGiveFromISR
                0x08007874      0x120 ./Middlewares/Third_Party/FreeRTOS/Source/queue.o
                0x08007874                xQueueGiveFromISR
 .text.xQueueReceive
                0x08007994      0x1c4 ./Middlewares/Third_Party/FreeRTOS/Source/queue.o
                0x08007994                xQueueReceive
 .text.xQueueSemaphoreTake
                0x08007b58      0x220 ./Middlewares/Third_Party/FreeRTOS/Source/queue.o
                0x08007b58                xQueueSemaphoreTake
 .text.xQueueReceiveFromISR
                0x08007d78      0x104 ./Middlewares/Third_Party/FreeRTOS/Source/queue.o
                0x08007d78                xQueueReceiveFromISR
 .text.vQueueDelete
                0x08007e7c       0x48 ./Middlewares/Third_Party/FreeRTOS/Source/queue.o
                0x08007e7c                vQueueDelete
 .text.prvGetDisinheritPriorityAfterTimeout
                0x08007ec4       0x2e ./Middlewares/Third_Party/FreeRTOS/Source/queue.o
 .text.prvCopyDataToQueue
                0x08007ef2       0xd4 ./Middlewares/Third_Party/FreeRTOS/Source/queue.o
 .text.prvCopyDataFromQueue
                0x08007fc6       0x4c ./Middlewares/Third_Party/FreeRTOS/Source/queue.o
 .text.prvUnlockQueue
                0x08008012       0xa4 ./Middlewares/Third_Party/FreeRTOS/Source/queue.o
 .text.prvIsQueueEmpty
                0x080080b6       0x2c ./Middlewares/Third_Party/FreeRTOS/Source/queue.o
 .text.prvIsQueueFull
                0x080080e2       0x30 ./Middlewares/Third_Party/FreeRTOS/Source/queue.o
 *fill*         0x08008112        0x2 
 .text.vQueueAddToRegistry
                0x08008114       0x50 ./Middlewares/Third_Party/FreeRTOS/Source/queue.o
                0x08008114                vQueueAddToRegistry
 .text.vQueueUnregisterQueue
                0x08008164       0x54 ./Middlewares/Third_Party/FreeRTOS/Source/queue.o
                0x08008164                vQueueUnregisterQueue
 .text.vQueueWaitForMessageRestricted
                0x080081b8       0x68 ./Middlewares/Third_Party/FreeRTOS/Source/queue.o
                0x080081b8                vQueueWaitForMessageRestricted
 .text.xTaskCreateStatic
                0x08008220       0xc0 ./Middlewares/Third_Party/FreeRTOS/Source/tasks.o
                0x08008220                xTaskCreateStatic
 .text.xTaskCreate
                0x080082e0       0x8a ./Middlewares/Third_Party/FreeRTOS/Source/tasks.o
                0x080082e0                xTaskCreate
 *fill*         0x0800836a        0x2 
 .text.prvInitialiseNewTask
                0x0800836c      0x150 ./Middlewares/Third_Party/FreeRTOS/Source/tasks.o
 .text.prvAddNewTaskToReadyList
                0x080084bc       0xe0 ./Middlewares/Third_Party/FreeRTOS/Source/tasks.o
 .text.vTaskDelay
                0x0800859c       0x6c ./Middlewares/Third_Party/FreeRTOS/Source/tasks.o
                0x0800859c                vTaskDelay
 .text.vTaskStartScheduler
                0x08008608       0xe0 ./Middlewares/Third_Party/FreeRTOS/Source/tasks.o
                0x08008608                vTaskStartScheduler
 .text.vTaskSuspendAll
                0x080086e8       0x1c ./Middlewares/Third_Party/FreeRTOS/Source/tasks.o
                0x080086e8                vTaskSuspendAll
 .text.xTaskResumeAll
                0x08008704      0x13c ./Middlewares/Third_Party/FreeRTOS/Source/tasks.o
                0x08008704                xTaskResumeAll
 .text.xTaskGetTickCount
                0x08008840       0x1c ./Middlewares/Third_Party/FreeRTOS/Source/tasks.o
                0x08008840                xTaskGetTickCount
 .text.xTaskIncrementTick
                0x0800885c      0x174 ./Middlewares/Third_Party/FreeRTOS/Source/tasks.o
                0x0800885c                xTaskIncrementTick
 .text.vTaskSwitchContext
                0x080089d0       0xc8 ./Middlewares/Third_Party/FreeRTOS/Source/tasks.o
                0x080089d0                vTaskSwitchContext
 .text.vTaskPlaceOnEventList
                0x08008a98       0x4c ./Middlewares/Third_Party/FreeRTOS/Source/tasks.o
                0x08008a98                vTaskPlaceOnEventList
 .text.vTaskPlaceOnEventListRestricted
                0x08008ae4       0x58 ./Middlewares/Third_Party/FreeRTOS/Source/tasks.o
                0x08008ae4                vTaskPlaceOnEventListRestricted
 .text.xTaskRemoveFromEventList
                0x08008b3c       0xc8 ./Middlewares/Third_Party/FreeRTOS/Source/tasks.o
                0x08008b3c                xTaskRemoveFromEventList
 .text.vTaskInternalSetTimeOutState
                0x08008c04       0x2c ./Middlewares/Third_Party/FreeRTOS/Source/tasks.o
                0x08008c04                vTaskInternalSetTimeOutState
 .text.xTaskCheckForTimeOut
                0x08008c30       0xc8 ./Middlewares/Third_Party/FreeRTOS/Source/tasks.o
                0x08008c30                xTaskCheckForTimeOut
 .text.vTaskMissedYield
                0x08008cf8       0x18 ./Middlewares/Third_Party/FreeRTOS/Source/tasks.o
                0x08008cf8                vTaskMissedYield
 .text.prvIdleTask
                0x08008d10       0x30 ./Middlewares/Third_Party/FreeRTOS/Source/tasks.o
 .text.prvInitialiseTaskLists
                0x08008d40       0x80 ./Middlewares/Third_Party/FreeRTOS/Source/tasks.o
 .text.prvCheckTasksWaitingTermination
                0x08008dc0       0x5c ./Middlewares/Third_Party/FreeRTOS/Source/tasks.o
 .text.prvDeleteTCB
                0x08008e1c       0x6a ./Middlewares/Third_Party/FreeRTOS/Source/tasks.o
 *fill*         0x08008e86        0x2 
 .text.prvResetNextTaskUnblockTime
                0x08008e88       0x40 ./Middlewares/Third_Party/FreeRTOS/Source/tasks.o
 .text.xTaskGetSchedulerState
                0x08008ec8       0x3c ./Middlewares/Third_Party/FreeRTOS/Source/tasks.o
                0x08008ec8                xTaskGetSchedulerState
 .text.xTaskPriorityInherit
                0x08008f04       0xd0 ./Middlewares/Third_Party/FreeRTOS/Source/tasks.o
                0x08008f04                xTaskPriorityInherit
 .text.xTaskPriorityDisinherit
                0x08008fd4       0xe0 ./Middlewares/Third_Party/FreeRTOS/Source/tasks.o
                0x08008fd4                xTaskPriorityDisinherit
 .text.vTaskPriorityDisinheritAfterTimeout
                0x080090b4      0x108 ./Middlewares/Third_Party/FreeRTOS/Source/tasks.o
                0x080090b4                vTaskPriorityDisinheritAfterTimeout
 .text.pvTaskIncrementMutexHeldCount
                0x080091bc       0x28 ./Middlewares/Third_Party/FreeRTOS/Source/tasks.o
                0x080091bc                pvTaskIncrementMutexHeldCount
 .text.prvAddCurrentTaskToDelayedList
                0x080091e4       0xa8 ./Middlewares/Third_Party/FreeRTOS/Source/tasks.o
 .text.xTimerCreateTimerTask
                0x0800928c       0x94 ./Middlewares/Third_Party/FreeRTOS/Source/timers.o
                0x0800928c                xTimerCreateTimerTask
 .text.xTimerGenericCommand
                0x08009320       0x9c ./Middlewares/Third_Party/FreeRTOS/Source/timers.o
                0x08009320                xTimerGenericCommand
 .text.prvProcessExpiredTimer
                0x080093bc       0x9c ./Middlewares/Third_Party/FreeRTOS/Source/timers.o
 .text.prvTimerTask
                0x08009458       0x26 ./Middlewares/Third_Party/FreeRTOS/Source/timers.o
 *fill*         0x0800947e        0x2 
 .text.prvProcessTimerOrBlockTask
                0x08009480       0x9c ./Middlewares/Third_Party/FreeRTOS/Source/timers.o
 .text.prvGetNextExpireTime
                0x0800951c       0x44 ./Middlewares/Third_Party/FreeRTOS/Source/timers.o
 .text.prvSampleTimeNow
                0x08009560       0x40 ./Middlewares/Third_Party/FreeRTOS/Source/timers.o
 .text.prvInsertTimerInActiveList
                0x080095a0       0x84 ./Middlewares/Third_Party/FreeRTOS/Source/timers.o
 .text.prvProcessReceivedCommands
                0x08009624      0x1cc ./Middlewares/Third_Party/FreeRTOS/Source/timers.o
 .text.prvSwitchTimerLists
                0x080097f0       0xcc ./Middlewares/Third_Party/FreeRTOS/Source/timers.o
 .text.prvCheckForValidListAndQueue
                0x080098bc       0x80 ./Middlewares/Third_Party/FreeRTOS/Source/timers.o
 .text.pxPortInitialiseStack
                0x0800993c       0x58 ./Middlewares/Third_Party/FreeRTOS/Source/portable/GCC/ARM_CM3/port.o
                0x0800993c                pxPortInitialiseStack
 .text.prvTaskExitError
                0x08009994       0x58 ./Middlewares/Third_Party/FreeRTOS/Source/portable/GCC/ARM_CM3/port.o
 *fill*         0x080099ec        0x4 
 .text.SVC_Handler
                0x080099f0       0x28 ./Middlewares/Third_Party/FreeRTOS/Source/portable/GCC/ARM_CM3/port.o
                0x080099f0                SVC_Handler
 .text.prvPortStartFirstTask
                0x08009a18       0x20 ./Middlewares/Third_Party/FreeRTOS/Source/portable/GCC/ARM_CM3/port.o
 .text.xPortStartScheduler
                0x08009a38       0xe4 ./Middlewares/Third_Party/FreeRTOS/Source/portable/GCC/ARM_CM3/port.o
                0x08009a38                xPortStartScheduler
 .text.vPortEnterCritical
                0x08009b1c       0x60 ./Middlewares/Third_Party/FreeRTOS/Source/portable/GCC/ARM_CM3/port.o
                0x08009b1c                vPortEnterCritical
 .text.vPortExitCritical
                0x08009b7c       0x54 ./Middlewares/Third_Party/FreeRTOS/Source/portable/GCC/ARM_CM3/port.o
                0x08009b7c                vPortExitCritical
 .text.PendSV_Handler
                0x08009bd0       0x48 ./Middlewares/Third_Party/FreeRTOS/Source/portable/GCC/ARM_CM3/port.o
                0x08009bd0                PendSV_Handler
 .text.xPortSysTickHandler
                0x08009c18       0x44 ./Middlewares/Third_Party/FreeRTOS/Source/portable/GCC/ARM_CM3/port.o
                0x08009c18                xPortSysTickHandler
 .text.vPortSetupTimerInterrupt
                0x08009c5c       0x44 ./Middlewares/Third_Party/FreeRTOS/Source/portable/GCC/ARM_CM3/port.o
                0x08009c5c                vPortSetupTimerInterrupt
 .text.vPortValidateInterruptPriority
                0x08009ca0       0x80 ./Middlewares/Third_Party/FreeRTOS/Source/portable/GCC/ARM_CM3/port.o
                0x08009ca0                vPortValidateInterruptPriority
 .text.pvPortMalloc
                0x08009d20      0x19c ./Middlewares/Third_Party/FreeRTOS/Source/portable/MemMang/heap_4.o
                0x08009d20                pvPortMalloc
 .text.vPortFree
                0x08009ebc       0xc8 ./Middlewares/Third_Party/FreeRTOS/Source/portable/MemMang/heap_4.o
                0x08009ebc                vPortFree
 .text.prvHeapInit
                0x08009f84       0xc4 ./Middlewares/Third_Party/FreeRTOS/Source/portable/MemMang/heap_4.o
 .text.prvInsertBlockIntoFreeList
                0x0800a048       0xb0 ./Middlewares/Third_Party/FreeRTOS/Source/portable/MemMang/heap_4.o
 .text.__assert_func
                0x0800a0f8       0x3c C:/ST/STM32CubeIDE_2.1.1/STM32CubeIDE/plugins/com.st.stm32cube.ide.mcu.externaltools.gnu-tools-for-stm32.14.3.rel1.win32_1.0.100.202602081740/tools/bin/../lib/gcc/arm-none-eabi/14.3.1/../../../../arm-none-eabi/lib/thumb/v7-m/nofp\libc_nano.a(libc_a-assert.o)
                0x0800a0f8                __assert_func
 .text.calloc   0x0800a134       0x10 C:/ST/STM32CubeIDE_2.1.1/STM32CubeIDE/plugins/com.st.stm32cube.ide.mcu.externaltools.gnu-tools-for-stm32.14.3.rel1.win32_1.0.100.202602081740/tools/bin/../lib/gcc/arm-none-eabi/14.3.1/../../../../arm-none-eabi/lib/thumb/v7-m/nofp\libc_nano.a(libc_a-calloc.o)
                0x0800a134                calloc
 .text._calloc_r
                0x0800a144       0x28 C:/ST/STM32CubeIDE_2.1.1/STM32CubeIDE/plugins/com.st.stm32cube.ide.mcu.externaltools.gnu-tools-for-stm32.14.3.rel1.win32_1.0.100.202602081740/tools/bin/../lib/gcc/arm-none-eabi/14.3.1/../../../../arm-none-eabi/lib/thumb/v7-m/nofp\libc_nano.a(libc_a-callocr.o)
                0x0800a144                _calloc_r
 .text.malloc   0x0800a16c       0x10 C:/ST/STM32CubeIDE_2.1.1/STM32CubeIDE/plugins/com.st.stm32cube.ide.mcu.externaltools.gnu-tools-for-stm32.14.3.rel1.win32_1.0.100.202602081740/tools/bin/../lib/gcc/arm-none-eabi/14.3.1/../../../../arm-none-eabi/lib/thumb/v7-m/nofp\libc_nano.a(libc_a-malloc.o)
                0x0800a16c                malloc
 .text.sbrk_aligned
                0x0800a17c       0x44 C:/ST/STM32CubeIDE_2.1.1/STM32CubeIDE/plugins/com.st.stm32cube.ide.mcu.externaltools.gnu-tools-for-stm32.14.3.rel1.win32_1.0.100.202602081740/tools/bin/../lib/gcc/arm-none-eabi/14.3.1/../../../../arm-none-eabi/lib/thumb/v7-m/nofp\libc_nano.a(libc_a-mallocr.o)
 .text._malloc_r
                0x0800a1c0      0x100 C:/ST/STM32CubeIDE_2.1.1/STM32CubeIDE/plugins/com.st.stm32cube.ide.mcu.externaltools.gnu-tools-for-stm32.14.3.rel1.win32_1.0.100.202602081740/tools/bin/../lib/gcc/arm-none-eabi/14.3.1/../../../../arm-none-eabi/lib/thumb/v7-m/nofp\libc_nano.a(libc_a-mallocr.o)
                0x0800a1c0                _malloc_r
 .text.__malloc_lock
                0x0800a2c0        0xc C:/ST/STM32CubeIDE_2.1.1/STM32CubeIDE/plugins/com.st.stm32cube.ide.mcu.externaltools.gnu-tools-for-stm32.14.3.rel1.win32_1.0.100.202602081740/tools/bin/../lib/gcc/arm-none-eabi/14.3.1/../../../../arm-none-eabi/lib/thumb/v7-m/nofp\libc_nano.a(libc_a-mlock.o)
                0x0800a2c0                __malloc_lock
 .text.__malloc_unlock
                0x0800a2cc        0xc C:/ST/STM32CubeIDE_2.1.1/STM32CubeIDE/plugins/com.st.stm32cube.ide.mcu.externaltools.gnu-tools-for-stm32.14.3.rel1.win32_1.0.100.202602081740/tools/bin/../lib/gcc/arm-none-eabi/14.3.1/../../../../arm-none-eabi/lib/thumb/v7-m/nofp\libc_nano.a(libc_a-mlock.o)
                0x0800a2cc                __malloc_unlock
 .text.__cvt    0x0800a2d8       0xc8 C:/ST/STM32CubeIDE_2.1.1/STM32CubeIDE/plugins/com.st.stm32cube.ide.mcu.externaltools.gnu-tools-for-stm32.14.3.rel1.win32_1.0.100.202602081740/tools/bin/../lib/gcc/arm-none-eabi/14.3.1/../../../../arm-none-eabi/lib/thumb/v7-m/nofp\libc_nano.a(libc_a-nano-vfprintf_float.o)
                0x0800a2d8                __cvt
 .text.__exponent
                0x0800a3a0       0x74 C:/ST/STM32CubeIDE_2.1.1/STM32CubeIDE/plugins/com.st.stm32cube.ide.mcu.externaltools.gnu-tools-for-stm32.14.3.rel1.win32_1.0.100.202602081740/tools/bin/../lib/gcc/arm-none-eabi/14.3.1/../../../../arm-none-eabi/lib/thumb/v7-m/nofp\libc_nano.a(libc_a-nano-vfprintf_float.o)
                0x0800a3a0                __exponent
 .text._printf_float
                0x0800a414      0x458 C:/ST/STM32CubeIDE_2.1.1/STM32CubeIDE/plugins/com.st.stm32cube.ide.mcu.externaltools.gnu-tools-for-stm32.14.3.rel1.win32_1.0.100.202602081740/tools/bin/../lib/gcc/arm-none-eabi/14.3.1/../../../../arm-none-eabi/lib/thumb/v7-m/nofp\libc_nano.a(libc_a-nano-vfprintf_float.o)
                0x0800a414                _printf_float
 .text._printf_common
                0x0800a86c       0xe4 C:/ST/STM32CubeIDE_2.1.1/STM32CubeIDE/plugins/com.st.stm32cube.ide.mcu.externaltools.gnu-tools-for-stm32.14.3.rel1.win32_1.0.100.202602081740/tools/bin/../lib/gcc/arm-none-eabi/14.3.1/../../../../arm-none-eabi/lib/thumb/v7-m/nofp\libc_nano.a(libc_a-nano-vfprintf_i.o)
                0x0800a86c                _printf_common
 .text._printf_i
                0x0800a950      0x24c C:/ST/STM32CubeIDE_2.1.1/STM32CubeIDE/plugins/com.st.stm32cube.ide.mcu.externaltools.gnu-tools-for-stm32.14.3.rel1.win32_1.0.100.202602081740/tools/bin/../lib/gcc/arm-none-eabi/14.3.1/../../../../arm-none-eabi/lib/thumb/v7-m/nofp\libc_nano.a(libc_a-nano-vfprintf_i.o)
                0x0800a950                _printf_i
 .text.std      0x0800ab9c       0x6c C:/ST/STM32CubeIDE_2.1.1/STM32CubeIDE/plugins/com.st.stm32cube.ide.mcu.externaltools.gnu-tools-for-stm32.14.3.rel1.win32_1.0.100.202602081740/tools/bin/../lib/gcc/arm-none-eabi/14.3.1/../../../../arm-none-eabi/lib/thumb/v7-m/nofp\libc_nano.a(libc_a-findfp.o)
 .text.stdio_exit_handler
                0x0800ac08       0x18 C:/ST/STM32CubeIDE_2.1.1/STM32CubeIDE/plugins/com.st.stm32cube.ide.mcu.externaltools.gnu-tools-for-stm32.14.3.rel1.win32_1.0.100.202602081740/tools/bin/../lib/gcc/arm-none-eabi/14.3.1/../../../../arm-none-eabi/lib/thumb/v7-m/nofp\libc_nano.a(libc_a-findfp.o)
 .text.cleanup_stdio
                0x0800ac20       0x40 C:/ST/STM32CubeIDE_2.1.1/STM32CubeIDE/plugins/com.st.stm32cube.ide.mcu.externaltools.gnu-tools-for-stm32.14.3.rel1.win32_1.0.100.202602081740/tools/bin/../lib/gcc/arm-none-eabi/14.3.1/../../../../arm-none-eabi/lib/thumb/v7-m/nofp\libc_nano.a(libc_a-findfp.o)
 .text.global_stdio_init.part.0
                0x0800ac60       0x40 C:/ST/STM32CubeIDE_2.1.1/STM32CubeIDE/plugins/com.st.stm32cube.ide.mcu.externaltools.gnu-tools-for-stm32.14.3.rel1.win32_1.0.100.202602081740/tools/bin/../lib/gcc/arm-none-eabi/14.3.1/../../../../arm-none-eabi/lib/thumb/v7-m/nofp\libc_nano.a(libc_a-findfp.o)
 .text.__sfp_lock_acquire
                0x0800aca0        0xc C:/ST/STM32CubeIDE_2.1.1/STM32CubeIDE/plugins/com.st.stm32cube.ide.mcu.externaltools.gnu-tools-for-stm32.14.3.rel1.win32_1.0.100.202602081740/tools/bin/../lib/gcc/arm-none-eabi/14.3.1/../../../../arm-none-eabi/lib/thumb/v7-m/nofp\libc_nano.a(libc_a-findfp.o)
                0x0800aca0                __sfp_lock_acquire
 .text.__sfp_lock_release
                0x0800acac        0xc C:/ST/STM32CubeIDE_2.1.1/STM32CubeIDE/plugins/com.st.stm32cube.ide.mcu.externaltools.gnu-tools-for-stm32.14.3.rel1.win32_1.0.100.202602081740/tools/bin/../lib/gcc/arm-none-eabi/14.3.1/../../../../arm-none-eabi/lib/thumb/v7-m/nofp\libc_nano.a(libc_a-findfp.o)
                0x0800acac                __sfp_lock_release
 .text.__sinit  0x0800acb8       0x30 C:/ST/STM32CubeIDE_2.1.1/STM32CubeIDE/plugins/com.st.stm32cube.ide.mcu.externaltools.gnu-tools-for-stm32.14.3.rel1.win32_1.0.100.202602081740/tools/bin/../lib/gcc/arm-none-eabi/14.3.1/../../../../arm-none-eabi/lib/thumb/v7-m/nofp\libc_nano.a(libc_a-findfp.o)
                0x0800acb8                __sinit
 .text.fprintf  0x0800ace8       0x24 C:/ST/STM32CubeIDE_2.1.1/STM32CubeIDE/plugins/com.st.stm32cube.ide.mcu.externaltools.gnu-tools-for-stm32.14.3.rel1.win32_1.0.100.202602081740/tools/bin/../lib/gcc/arm-none-eabi/14.3.1/../../../../arm-none-eabi/lib/thumb/v7-m/nofp\libc_nano.a(libc_a-fprintf.o)
                0x0800ace8                fiprintf
                0x0800ace8                fprintf
 .text._fwalk_sglue
                0x0800ad0c       0x3c C:/ST/STM32CubeIDE_2.1.1/STM32CubeIDE/plugins/com.st.stm32cube.ide.mcu.externaltools.gnu-tools-for-stm32.14.3.rel1.win32_1.0.100.202602081740/tools/bin/../lib/gcc/arm-none-eabi/14.3.1/../../../../arm-none-eabi/lib/thumb/v7-m/nofp\libc_nano.a(libc_a-fwalk.o)
                0x0800ad0c                _fwalk_sglue
 .text.printf   0x0800ad48       0x24 C:/ST/STM32CubeIDE_2.1.1/STM32CubeIDE/plugins/com.st.stm32cube.ide.mcu.externaltools.gnu-tools-for-stm32.14.3.rel1.win32_1.0.100.202602081740/tools/bin/../lib/gcc/arm-none-eabi/14.3.1/../../../../arm-none-eabi/lib/thumb/v7-m/nofp\libc_nano.a(libc_a-printf.o)
                0x0800ad48                iprintf
                0x0800ad48                printf
 .text.snprintf
                0x0800ad6c       0x6c C:/ST/STM32CubeIDE_2.1.1/STM32CubeIDE/plugins/com.st.stm32cube.ide.mcu.externaltools.gnu-tools-for-stm32.14.3.rel1.win32_1.0.100.202602081740/tools/bin/../lib/gcc/arm-none-eabi/14.3.1/../../../../arm-none-eabi/lib/thumb/v7-m/nofp\libc_nano.a(libc_a-snprintf.o)
                0x0800ad6c                sniprintf
                0x0800ad6c                snprintf
 .text.sprintf  0x0800add8       0x44 C:/ST/STM32CubeIDE_2.1.1/STM32CubeIDE/plugins/com.st.stm32cube.ide.mcu.externaltools.gnu-tools-for-stm32.14.3.rel1.win32_1.0.100.202602081740/tools/bin/../lib/gcc/arm-none-eabi/14.3.1/../../../../arm-none-eabi/lib/thumb/v7-m/nofp\libc_nano.a(libc_a-sprintf.o)
                0x0800add8                siprintf
                0x0800add8                sprintf
 .text.__sread  0x0800ae1c       0x22 C:/ST/STM32CubeIDE_2.1.1/STM32CubeIDE/plugins/com.st.stm32cube.ide.mcu.externaltools.gnu-tools-for-stm32.14.3.rel1.win32_1.0.100.202602081740/tools/bin/../lib/gcc/arm-none-eabi/14.3.1/../../../../arm-none-eabi/lib/thumb/v7-m/nofp\libc_nano.a(libc_a-stdio.o)
                0x0800ae1c                __sread
 .text.__swrite
                0x0800ae3e       0x38 C:/ST/STM32CubeIDE_2.1.1/STM32CubeIDE/plugins/com.st.stm32cube.ide.mcu.externaltools.gnu-tools-for-stm32.14.3.rel1.win32_1.0.100.202602081740/tools/bin/../lib/gcc/arm-none-eabi/14.3.1/../../../../arm-none-eabi/lib/thumb/v7-m/nofp\libc_nano.a(libc_a-stdio.o)
                0x0800ae3e                __swrite
 .text.__sseek  0x0800ae76       0x26 C:/ST/STM32CubeIDE_2.1.1/STM32CubeIDE/plugins/com.st.stm32cube.ide.mcu.externaltools.gnu-tools-for-stm32.14.3.rel1.win32_1.0.100.202602081740/tools/bin/../lib/gcc/arm-none-eabi/14.3.1/../../../../arm-none-eabi/lib/thumb/v7-m/nofp\libc_nano.a(libc_a-stdio.o)
                0x0800ae76                __sseek
 .text.__sclose
                0x0800ae9c        0x8 C:/ST/STM32CubeIDE_2.1.1/STM32CubeIDE/plugins/com.st.stm32cube.ide.mcu.externaltools.gnu-tools-for-stm32.14.3.rel1.win32_1.0.100.202602081740/tools/bin/../lib/gcc/arm-none-eabi/14.3.1/../../../../arm-none-eabi/lib/thumb/v7-m/nofp\libc_nano.a(libc_a-stdio.o)
                0x0800ae9c                __sclose
 .text.memset   0x0800aea4       0x10 C:/ST/STM32CubeIDE_2.1.1/STM32CubeIDE/plugins/com.st.stm32cube.ide.mcu.externaltools.gnu-tools-for-stm32.14.3.rel1.win32_1.0.100.202602081740/tools/bin/../lib/gcc/arm-none-eabi/14.3.1/../../../../arm-none-eabi/lib/thumb/v7-m/nofp\libc_nano.a(libc_a-memset.o)
                0x0800aea4                memset
 .text._localeconv_r
                0x0800aeb4        0x8 C:/ST/STM32CubeIDE_2.1.1/STM32CubeIDE/plugins/com.st.stm32cube.ide.mcu.externaltools.gnu-tools-for-stm32.14.3.rel1.win32_1.0.100.202602081740/tools/bin/../lib/gcc/arm-none-eabi/14.3.1/../../../../arm-none-eabi/lib/thumb/v7-m/nofp\libc_nano.a(libc_a-localeconv.o)
                0x0800aeb4                _localeconv_r
 .text._close_r
                0x0800aebc       0x20 C:/ST/STM32CubeIDE_2.1.1/STM32CubeIDE/plugins/com.st.stm32cube.ide.mcu.externaltools.gnu-tools-for-stm32.14.3.rel1.win32_1.0.100.202602081740/tools/bin/../lib/gcc/arm-none-eabi/14.3.1/../../../../arm-none-eabi/lib/thumb/v7-m/nofp\libc_nano.a(libc_a-closer.o)
                0x0800aebc                _close_r
 .text._reclaim_reent
                0x0800aedc       0xbc C:/ST/STM32CubeIDE_2.1.1/STM32CubeIDE/plugins/com.st.stm32cube.ide.mcu.externaltools.gnu-tools-for-stm32.14.3.rel1.win32_1.0.100.202602081740/tools/bin/../lib/gcc/arm-none-eabi/14.3.1/../../../../arm-none-eabi/lib/thumb/v7-m/nofp\libc_nano.a(libc_a-reent.o)
                0x0800aedc                _reclaim_reent
 .text._lseek_r
                0x0800af98       0x24 C:/ST/STM32CubeIDE_2.1.1/STM32CubeIDE/plugins/com.st.stm32cube.ide.mcu.externaltools.gnu-tools-for-stm32.14.3.rel1.win32_1.0.100.202602081740/tools/bin/../lib/gcc/arm-none-eabi/14.3.1/../../../../arm-none-eabi/lib/thumb/v7-m/nofp\libc_nano.a(libc_a-lseekr.o)
                0x0800af98                _lseek_r
 .text._read_r  0x0800afbc       0x24 C:/ST/STM32CubeIDE_2.1.1/STM32CubeIDE/plugins/com.st.stm32cube.ide.mcu.externaltools.gnu-tools-for-stm32.14.3.rel1.win32_1.0.100.202602081740/tools/bin/../lib/gcc/arm-none-eabi/14.3.1/../../../../arm-none-eabi/lib/thumb/v7-m/nofp\libc_nano.a(libc_a-readr.o)
                0x0800afbc                _read_r
 .text._sbrk_r  0x0800afe0       0x20 C:/ST/STM32CubeIDE_2.1.1/STM32CubeIDE/plugins/com.st.stm32cube.ide.mcu.externaltools.gnu-tools-for-stm32.14.3.rel1.win32_1.0.100.202602081740/tools/bin/../lib/gcc/arm-none-eabi/14.3.1/../../../../arm-none-eabi/lib/thumb/v7-m/nofp\libc_nano.a(libc_a-sbrkr.o)
                0x0800afe0                _sbrk_r
 .text._write_r
                0x0800b000       0x24 C:/ST/STM32CubeIDE_2.1.1/STM32CubeIDE/plugins/com.st.stm32cube.ide.mcu.externaltools.gnu-tools-for-stm32.14.3.rel1.win32_1.0.100.202602081740/tools/bin/../lib/gcc/arm-none-eabi/14.3.1/../../../../arm-none-eabi/lib/thumb/v7-m/nofp\libc_nano.a(libc_a-writer.o)
                0x0800b000                _write_r
 .text.__errno  0x0800b024        0xc C:/ST/STM32CubeIDE_2.1.1/STM32CubeIDE/plugins/com.st.stm32cube.ide.mcu.externaltools.gnu-tools-for-stm32.14.3.rel1.win32_1.0.100.202602081740/tools/bin/../lib/gcc/arm-none-eabi/14.3.1/../../../../arm-none-eabi/lib/thumb/v7-m/nofp\libc_nano.a(libc_a-errno.o)
                0x0800b024                __errno
 .text.__libc_init_array
                0x0800b030       0x48 C:/ST/STM32CubeIDE_2.1.1/STM32CubeIDE/plugins/com.st.stm32cube.ide.mcu.externaltools.gnu-tools-for-stm32.14.3.rel1.win32_1.0.100.202602081740/tools/bin/../lib/gcc/arm-none-eabi/14.3.1/../../../../arm-none-eabi/lib/thumb/v7-m/nofp\libc_nano.a(libc_a-init.o)
                0x0800b030                __libc_init_array
 .text.__retarget_lock_init_recursive
                0x0800b078        0x2 C:/ST/STM32CubeIDE_2.1.1/STM32CubeIDE/plugins/com.st.stm32cube.ide.mcu.externaltools.gnu-tools-for-stm32.14.3.rel1.win32_1.0.100.202602081740/tools/bin/../lib/gcc/arm-none-eabi/14.3.1/../../../../arm-none-eabi/lib/thumb/v7-m/nofp\libc_nano.a(libc_a-lock.o)
                0x0800b078                __retarget_lock_init_recursive
 .text.__retarget_lock_acquire_recursive
                0x0800b07a        0x2 C:/ST/STM32CubeIDE_2.1.1/STM32CubeIDE/plugins/com.st.stm32cube.ide.mcu.externaltools.gnu-tools-for-stm32.14.3.rel1.win32_1.0.100.202602081740/tools/bin/../lib/gcc/arm-none-eabi/14.3.1/../../../../arm-none-eabi/lib/thumb/v7-m/nofp\libc_nano.a(libc_a-lock.o)
                0x0800b07a                __retarget_lock_acquire_recursive
 .text.__retarget_lock_release_recursive
                0x0800b07c        0x2 C:/ST/STM32CubeIDE_2.1.1/STM32CubeIDE/plugins/com.st.stm32cube.ide.mcu.externaltools.gnu-tools-for-stm32.14.3.rel1.win32_1.0.100.202602081740/tools/bin/../lib/gcc/arm-none-eabi/14.3.1/../../../../arm-none-eabi/lib/thumb/v7-m/nofp\libc_nano.a(libc_a-lock.o)
                0x0800b07c                __retarget_lock_release_recursive
 .text.memchr   0x0800b07e       0x1c C:/ST/STM32CubeIDE_2.1.1/STM32CubeIDE/plugins/com.st.stm32cube.ide.mcu.externaltools.gnu-tools-for-stm32.14.3.rel1.win32_1.0.100.202602081740/tools/bin/../lib/gcc/arm-none-eabi/14.3.1/../../../../arm-none-eabi/lib/thumb/v7-m/nofp\libc_nano.a(libc_a-memchr-stub.o)
                0x0800b07e                memchr
 .text.memcpy   0x0800b09a       0x1c C:/ST/STM32CubeIDE_2.1.1/STM32CubeIDE/plugins/com.st.stm32cube.ide.mcu.externaltools.gnu-tools-for-stm32.14.3.rel1.win32_1.0.100.202602081740/tools/bin/../lib/gcc/arm-none-eabi/14.3.1/../../../../arm-none-eabi/lib/thumb/v7-m/nofp\libc_nano.a(libc_a-memcpy-stub.o)
                0x0800b09a                memcpy
 .text.abort    0x0800b0b6        0xe C:/ST/STM32CubeIDE_2.1.1/STM32CubeIDE/plugins/com.st.stm32cube.ide.mcu.externaltools.gnu-tools-for-stm32.14.3.rel1.win32_1.0.100.202602081740/tools/bin/../lib/gcc/arm-none-eabi/14.3.1/../../../../arm-none-eabi/lib/thumb/v7-m/nofp\libc_nano.a(libc_a-abort.o)
                0x0800b0b6                abort
 .text.quorem   0x0800b0c4      0x110 C:/ST/STM32CubeIDE_2.1.1/STM32CubeIDE/plugins/com.st.stm32cube.ide.mcu.externaltools.gnu-tools-for-stm32.14.3.rel1.win32_1.0.100.202602081740/tools/bin/../lib/gcc/arm-none-eabi/14.3.1/../../../../arm-none-eabi/lib/thumb/v7-m/nofp\libc_nano.a(libc_a-dtoa.o)
 *fill*         0x0800b1d4        0x4 
 .text._dtoa_r  0x0800b1d8      0xbcc C:/ST/STM32CubeIDE_2.1.1/STM32CubeIDE/plugins/com.st.stm32cube.ide.mcu.externaltools.gnu-tools-for-stm32.14.3.rel1.win32_1.0.100.202602081740/tools/bin/../lib/gcc/arm-none-eabi/14.3.1/../../../../arm-none-eabi/lib/thumb/v7-m/nofp\libc_nano.a(libc_a-dtoa.o)
                0x0800b1d8                _dtoa_r
 .text._free_r  0x0800bda4       0x90 C:/ST/STM32CubeIDE_2.1.1/STM32CubeIDE/plugins/com.st.stm32cube.ide.mcu.externaltools.gnu-tools-for-stm32.14.3.rel1.win32_1.0.100.202602081740/tools/bin/../lib/gcc/arm-none-eabi/14.3.1/../../../../arm-none-eabi/lib/thumb/v7-m/nofp\libc_nano.a(libc_a-freer.o)
                0x0800bda4                _free_r
 .text._Balloc  0x0800be34       0x7c C:/ST/STM32CubeIDE_2.1.1/STM32CubeIDE/plugins/com.st.stm32cube.ide.mcu.externaltools.gnu-tools-for-stm32.14.3.rel1.win32_1.0.100.202602081740/tools/bin/../lib/gcc/arm-none-eabi/14.3.1/../../../../arm-none-eabi/lib/thumb/v7-m/nofp\libc_nano.a(libc_a-mprec.o)
                0x0800be34                _Balloc
 .text._Bfree   0x0800beb0       0x44 C:/ST/STM32CubeIDE_2.1.1/STM32CubeIDE/plugins/com.st.stm32cube.ide.mcu.externaltools.gnu-tools-for-stm32.14.3.rel1.win32_1.0.100.202602081740/tools/bin/../lib/gcc/arm-none-eabi/14.3.1/../../../../arm-none-eabi/lib/thumb/v7-m/nofp\libc_nano.a(libc_a-mprec.o)
                0x0800beb0                _Bfree
 .text.__multadd
                0x0800bef4       0x8c C:/ST/STM32CubeIDE_2.1.1/STM32CubeIDE/plugins/com.st.stm32cube.ide.mcu.externaltools.gnu-tools-for-stm32.14.3.rel1.win32_1.0.100.202602081740/tools/bin/../lib/gcc/arm-none-eabi/14.3.1/../../../../arm-none-eabi/lib/thumb/v7-m/nofp\libc_nano.a(libc_a-mprec.o)
                0x0800bef4                __multadd
 .text.__hi0bits
                0x0800bf80       0x3e C:/ST/STM32CubeIDE_2.1.1/STM32CubeIDE/plugins/com.st.stm32cube.ide.mcu.externaltools.gnu-tools-for-stm32.14.3.rel1.win32_1.0.100.202602081740/tools/bin/../lib/gcc/arm-none-eabi/14.3.1/../../../../arm-none-eabi/lib/thumb/v7-m/nofp\libc_nano.a(libc_a-mprec.o)
                0x0800bf80                __hi0bits
 .text.__lo0bits
                0x0800bfbe       0x5a C:/ST/STM32CubeIDE_2.1.1/STM32CubeIDE/plugins/com.st.stm32cube.ide.mcu.externaltools.gnu-tools-for-stm32.14.3.rel1.win32_1.0.100.202602081740/tools/bin/../lib/gcc/arm-none-eabi/14.3.1/../../../../arm-none-eabi/lib/thumb/v7-m/nofp\libc_nano.a(libc_a-mprec.o)
                0x0800bfbe                __lo0bits
 .text.__i2b    0x0800c018       0x2c C:/ST/STM32CubeIDE_2.1.1/STM32CubeIDE/plugins/com.st.stm32cube.ide.mcu.externaltools.gnu-tools-for-stm32.14.3.rel1.win32_1.0.100.202602081740/tools/bin/../lib/gcc/arm-none-eabi/14.3.1/../../../../arm-none-eabi/lib/thumb/v7-m/nofp\libc_nano.a(libc_a-mprec.o)
                0x0800c018                __i2b
 .text.__multiply
                0x0800c044      0x150 C:/ST/STM32CubeIDE_2.1.1/STM32CubeIDE/plugins/com.st.stm32cube.ide.mcu.externaltools.gnu-tools-for-stm32.14.3.rel1.win32_1.0.100.202602081740/tools/bin/../lib/gcc/arm-none-eabi/14.3.1/../../../../arm-none-eabi/lib/thumb/v7-m/nofp\libc_nano.a(libc_a-mprec.o)
                0x0800c044                __multiply
 .text.__pow5mult
                0x0800c194       0xb8 C:/ST/STM32CubeIDE_2.1.1/STM32CubeIDE/plugins/com.st.stm32cube.ide.mcu.externaltools.gnu-tools-for-stm32.14.3.rel1.win32_1.0.100.202602081740/tools/bin/../lib/gcc/arm-none-eabi/14.3.1/../../../../arm-none-eabi/lib/thumb/v7-m/nofp\libc_nano.a(libc_a-mprec.o)
                0x0800c194                __pow5mult
 .text.__lshift
                0x0800c24c       0xd8 C:/ST/STM32CubeIDE_2.1.1/STM32CubeIDE/plugins/com.st.stm32cube.ide.mcu.externaltools.gnu-tools-for-stm32.14.3.rel1.win32_1.0.100.202602081740/tools/bin/../lib/gcc/arm-none-eabi/14.3.1/../../../../arm-none-eabi/lib/thumb/v7-m/nofp\libc_nano.a(libc_a-mprec.o)
                0x0800c24c                __lshift
 .text.__mcmp   0x0800c324       0x36 C:/ST/STM32CubeIDE_2.1.1/STM32CubeIDE/plugins/com.st.stm32cube.ide.mcu.externaltools.gnu-tools-for-stm32.14.3.rel1.win32_1.0.100.202602081740/tools/bin/../lib/gcc/arm-none-eabi/14.3.1/../../../../arm-none-eabi/lib/thumb/v7-m/nofp\libc_nano.a(libc_a-mprec.o)
                0x0800c324                __mcmp
 *fill*         0x0800c35a        0x2 
 .text.__mdiff  0x0800c35c      0x130 C:/ST/STM32CubeIDE_2.1.1/STM32CubeIDE/plugins/com.st.stm32cube.ide.mcu.externaltools.gnu-tools-for-stm32.14.3.rel1.win32_1.0.100.202602081740/tools/bin/../lib/gcc/arm-none-eabi/14.3.1/../../../../arm-none-eabi/lib/thumb/v7-m/nofp\libc_nano.a(libc_a-mprec.o)
                0x0800c35c                __mdiff
 .text.__d2b    0x0800c48c       0xb0 C:/ST/STM32CubeIDE_2.1.1/STM32CubeIDE/plugins/com.st.stm32cube.ide.mcu.externaltools.gnu-tools-for-stm32.14.3.rel1.win32_1.0.100.202602081740/tools/bin/../lib/gcc/arm-none-eabi/14.3.1/../../../../arm-none-eabi/lib/thumb/v7-m/nofp\libc_nano.a(libc_a-mprec.o)
                0x0800c48c                __d2b
 .text.__ssputs_r
                0x0800c53c       0xc0 C:/ST/STM32CubeIDE_2.1.1/STM32CubeIDE/plugins/com.st.stm32cube.ide.mcu.externaltools.gnu-tools-for-stm32.14.3.rel1.win32_1.0.100.202602081740/tools/bin/../lib/gcc/arm-none-eabi/14.3.1/../../../../arm-none-eabi/lib/thumb/v7-m/nofp\libc_nano.a(libc_a-nano-svfprintf.o)
                0x0800c53c                __ssputs_r
 .text._svfprintf_r
                0x0800c5fc      0x1f0 C:/ST/STM32CubeIDE_2.1.1/STM32CubeIDE/plugins/com.st.stm32cube.ide.mcu.externaltools.gnu-tools-for-stm32.14.3.rel1.win32_1.0.100.202602081740/tools/bin/../lib/gcc/arm-none-eabi/14.3.1/../../../../arm-none-eabi/lib/thumb/v7-m/nofp\libc_nano.a(libc_a-nano-svfprintf.o)
                0x0800c5fc                _svfiprintf_r
                0x0800c5fc                _svfprintf_r
 .text.__sfputc_r
                0x0800c7ec       0x2a C:/ST/STM32CubeIDE_2.1.1/STM32CubeIDE/plugins/com.st.stm32cube.ide.mcu.externaltools.gnu-tools-for-stm32.14.3.rel1.win32_1.0.100.202602081740/tools/bin/../lib/gcc/arm-none-eabi/14.3.1/../../../../arm-none-eabi/lib/thumb/v7-m/nofp\libc_nano.a(libc_a-nano-vfprintf.o)
 .text.__sfputs_r
                0x0800c816       0x24 C:/ST/STM32CubeIDE_2.1.1/STM32CubeIDE/plugins/com.st.stm32cube.ide.mcu.externaltools.gnu-tools-for-stm32.14.3.rel1.win32_1.0.100.202602081740/tools/bin/../lib/gcc/arm-none-eabi/14.3.1/../../../../arm-none-eabi/lib/thumb/v7-m/nofp\libc_nano.a(libc_a-nano-vfprintf.o)
                0x0800c816                __sfputs_r
 *fill*         0x0800c83a        0x2 
 .text._vfprintf_r
                0x0800c83c      0x228 C:/ST/STM32CubeIDE_2.1.1/STM32CubeIDE/plugins/com.st.stm32cube.ide.mcu.externaltools.gnu-tools-for-stm32.14.3.rel1.win32_1.0.100.202602081740/tools/bin/../lib/gcc/arm-none-eabi/14.3.1/../../../../arm-none-eabi/lib/thumb/v7-m/nofp\libc_nano.a(libc_a-nano-vfprintf.o)
                0x0800c83c                _vfprintf_r
                0x0800c83c                _vfiprintf_r
 .text.__sflush_r
                0x0800ca64       0xfc C:/ST/STM32CubeIDE_2.1.1/STM32CubeIDE/plugins/com.st.stm32cube.ide.mcu.externaltools.gnu-tools-for-stm32.14.3.rel1.win32_1.0.100.202602081740/tools/bin/../lib/gcc/arm-none-eabi/14.3.1/../../../../arm-none-eabi/lib/thumb/v7-m/nofp\libc_nano.a(libc_a-fflush.o)
                0x0800ca64                __sflush_r
 .text._fflush_r
                0x0800cb60       0x50 C:/ST/STM32CubeIDE_2.1.1/STM32CubeIDE/plugins/com.st.stm32cube.ide.mcu.externaltools.gnu-tools-for-stm32.14.3.rel1.win32_1.0.100.202602081740/tools/bin/../lib/gcc/arm-none-eabi/14.3.1/../../../../arm-none-eabi/lib/thumb/v7-m/nofp\libc_nano.a(libc_a-fflush.o)
                0x0800cb60                _fflush_r
 .text.__swbuf_r
                0x0800cbb0       0x7c C:/ST/STM32CubeIDE_2.1.1/STM32CubeIDE/plugins/com.st.stm32cube.ide.mcu.externaltools.gnu-tools-for-stm32.14.3.rel1.win32_1.0.100.202602081740/tools/bin/../lib/gcc/arm-none-eabi/14.3.1/../../../../arm-none-eabi/lib/thumb/v7-m/nofp\libc_nano.a(libc_a-wbuf.o)
                0x0800cbb0                __swbuf_r
 .text.__swsetup_r
                0x0800cc2c       0xa8 C:/ST/STM32CubeIDE_2.1.1/STM32CubeIDE/plugins/com.st.stm32cube.ide.mcu.externaltools.gnu-tools-for-stm32.14.3.rel1.win32_1.0.100.202602081740/tools/bin/../lib/gcc/arm-none-eabi/14.3.1/../../../../arm-none-eabi/lib/thumb/v7-m/nofp\libc_nano.a(libc_a-wsetup.o)
                0x0800cc2c                __swsetup_r
 .text.memmove  0x0800ccd4       0x32 C:/ST/STM32CubeIDE_2.1.1/STM32CubeIDE/plugins/com.st.stm32cube.ide.mcu.externaltools.gnu-tools-for-stm32.14.3.rel1.win32_1.0.100.202602081740/tools/bin/../lib/gcc/arm-none-eabi/14.3.1/../../../../arm-none-eabi/lib/thumb/v7-m/nofp\libc_nano.a(libc_a-memmove.o)
                0x0800ccd4                memmove
 .text._raise_r
                0x0800cd06       0x50 C:/ST/STM32CubeIDE_2.1.1/STM32CubeIDE/plugins/com.st.stm32cube.ide.mcu.externaltools.gnu-tools-for-stm32.14.3.rel1.win32_1.0.100.202602081740/tools/bin/../lib/gcc/arm-none-eabi/14.3.1/../../../../arm-none-eabi/lib/thumb/v7-m/nofp\libc_nano.a(libc_a-signal.o)
                0x0800cd06                _raise_r
 *fill*         0x0800cd56        0x2 
 .text.raise    0x0800cd58       0x10 C:/ST/STM32CubeIDE_2.1.1/STM32CubeIDE/plugins/com.st.stm32cube.ide.mcu.externaltools.gnu-tools-for-stm32.14.3.rel1.win32_1.0.100.202602081740/tools/bin/../lib/gcc/arm-none-eabi/14.3.1/../../../../arm-none-eabi/lib/thumb/v7-m/nofp\libc_nano.a(libc_a-signal.o)
                0x0800cd58                raise
 .text._kill_r  0x0800cd68       0x24 C:/ST/STM32CubeIDE_2.1.1/STM32CubeIDE/plugins/com.st.stm32cube.ide.mcu.externaltools.gnu-tools-for-stm32.14.3.rel1.win32_1.0.100.202602081740/tools/bin/../lib/gcc/arm-none-eabi/14.3.1/../../../../arm-none-eabi/lib/thumb/v7-m/nofp\libc_nano.a(libc_a-signalr.o)
                0x0800cd68                _kill_r
 .text._getpid_r
                0x0800cd8c        0x4 C:/ST/STM32CubeIDE_2.1.1/STM32CubeIDE/plugins/com.st.stm32cube.ide.mcu.externaltools.gnu-tools-for-stm32.14.3.rel1.win32_1.0.100.202602081740/tools/bin/../lib/gcc/arm-none-eabi/14.3.1/../../../../arm-none-eabi/lib/thumb/v7-m/nofp\libc_nano.a(libc_a-signalr.o)
                0x0800cd8c                _getpid_r
 .text.__ascii_mbtowc
                0x0800cd90       0x24 C:/ST/STM32CubeIDE_2.1.1/STM32CubeIDE/plugins/com.st.stm32cube.ide.mcu.externaltools.gnu-tools-for-stm32.14.3.rel1.win32_1.0.100.202602081740/tools/bin/../lib/gcc/arm-none-eabi/14.3.1/../../../../arm-none-eabi/lib/thumb/v7-m/nofp\libc_nano.a(libc_a-mbtowc_r.o)
                0x0800cd90                __ascii_mbtowc
 .text._realloc_r
                0x0800cdb4       0x5c C:/ST/STM32CubeIDE_2.1.1/STM32CubeIDE/plugins/com.st.stm32cube.ide.mcu.externaltools.gnu-tools-for-stm32.14.3.rel1.win32_1.0.100.202602081740/tools/bin/../lib/gcc/arm-none-eabi/14.3.1/../../../../arm-none-eabi/lib/thumb/v7-m/nofp\libc_nano.a(libc_a-reallocr.o)
                0x0800cdb4                _realloc_r
 .text.__ascii_wctomb
                0x0800ce10       0x1a C:/ST/STM32CubeIDE_2.1.1/STM32CubeIDE/plugins/com.st.stm32cube.ide.mcu.externaltools.gnu-tools-for-stm32.14.3.rel1.win32_1.0.100.202602081740/tools/bin/../lib/gcc/arm-none-eabi/14.3.1/../../../../arm-none-eabi/lib/thumb/v7-m/nofp\libc_nano.a(libc_a-wctomb_r.o)
                0x0800ce10                __ascii_wctomb
 .text.__swhatbuf_r
                0x0800ce2a       0x48 C:/ST/STM32CubeIDE_2.1.1/STM32CubeIDE/plugins/com.st.stm32cube.ide.mcu.externaltools.gnu-tools-for-stm32.14.3.rel1.win32_1.0.100.202602081740/tools/bin/../lib/gcc/arm-none-eabi/14.3.1/../../../../arm-none-eabi/lib/thumb/v7-m/nofp\libc_nano.a(libc_a-makebuf.o)
                0x0800ce2a                __swhatbuf_r
 .text.__smakebuf_r
                0x0800ce72       0x72 C:/ST/STM32CubeIDE_2.1.1/STM32CubeIDE/plugins/com.st.stm32cube.ide.mcu.externaltools.gnu-tools-for-stm32.14.3.rel1.win32_1.0.100.202602081740/tools/bin/../lib/gcc/arm-none-eabi/14.3.1/../../../../arm-none-eabi/lib/thumb/v7-m/nofp\libc_nano.a(libc_a-makebuf.o)
                0x0800ce72                __smakebuf_r
 .text._fstat_r
                0x0800cee4       0x24 C:/ST/STM32CubeIDE_2.1.1/STM32CubeIDE/plugins/com.st.stm32cube.ide.mcu.externaltools.gnu-tools-for-stm32.14.3.rel1.win32_1.0.100.202602081740/tools/bin/../lib/gcc/arm-none-eabi/14.3.1/../../../../arm-none-eabi/lib/thumb/v7-m/nofp\libc_nano.a(libc_a-fstatr.o)
                0x0800cee4                _fstat_r
 .text._isatty_r
                0x0800cf08       0x20 C:/ST/STM32CubeIDE_2.1.1/STM32CubeIDE/plugins/com.st.stm32cube.ide.mcu.externaltools.gnu-tools-for-stm32.14.3.rel1.win32_1.0.100.202602081740/tools/bin/../lib/gcc/arm-none-eabi/14.3.1/../../../../arm-none-eabi/lib/thumb/v7-m/nofp\libc_nano.a(libc_a-isattyr.o)
                0x0800cf08                _isatty_r
 .text._malloc_usable_size_r
                0x0800cf28       0x10 C:/ST/STM32CubeIDE_2.1.1/STM32CubeIDE/plugins/com.st.stm32cube.ide.mcu.externaltools.gnu-tools-for-stm32.14.3.rel1.win32_1.0.100.202602081740/tools/bin/../lib/gcc/arm-none-eabi/14.3.1/../../../../arm-none-eabi/lib/thumb/v7-m/nofp\libc_nano.a(libc_a-msizer.o)
                0x0800cf28                _malloc_usable_size_r
 *(.glue_7)
 .glue_7        0x0800cf38        0x0 linker stubs
 *(.glue_7t)
 .glue_7t       0x0800cf38        0x0 linker stubs
 *(.eh_frame)
 .eh_frame      0x0800cf38        0x0 C:/ST/STM32CubeIDE_2.1.1/STM32CubeIDE/plugins/com.st.stm32cube.ide.mcu.externaltools.gnu-tools-for-stm32.14.3.rel1.win32_1.0.100.202602081740/tools/bin/../lib/gcc/arm-none-eabi/14.3.1/thumb/v7-m/nofp/crtbegin.o
 *(.init)
 .init          0x0800cf38        0x4 C:/ST/STM32CubeIDE_2.1.1/STM32CubeIDE/plugins/com.st.stm32cube.ide.mcu.externaltools.gnu-tools-for-stm32.14.3.rel1.win32_1.0.100.202602081740/tools/bin/../lib/gcc/arm-none-eabi/14.3.1/thumb/v7-m/nofp/crti.o
                0x0800cf38                _init
 .init          0x0800cf3c        0x8 C:/ST/STM32CubeIDE_2.1.1/STM32CubeIDE/plugins/com.st.stm32cube.ide.mcu.externaltools.gnu-tools-for-stm32.14.3.rel1.win32_1.0.100.202602081740/tools/bin/../lib/gcc/arm-none-eabi/14.3.1/thumb/v7-m/nofp/crtn.o
 *(.fini)
 .fini          0x0800cf44        0x4 C:/ST/STM32CubeIDE_2.1.1/STM32CubeIDE/plugins/com.st.stm32cube.ide.mcu.externaltools.gnu-tools-for-stm32.14.3.rel1.win32_1.0.100.202602081740/tools/bin/../lib/gcc/arm-none-eabi/14.3.1/thumb/v7-m/nofp/crti.o
                0x0800cf44                _fini
 .fini          0x0800cf48        0x8 C:/ST/STM32CubeIDE_2.1.1/STM32CubeIDE/plugins/com.st.stm32cube.ide.mcu.externaltools.gnu-tools-for-stm32.14.3.rel1.win32_1.0.100.202602081740/tools/bin/../lib/gcc/arm-none-eabi/14.3.1/thumb/v7-m/nofp/crtn.o
                0x0800cf50                        . = ALIGN (0x4)
                0x0800cf50                        _etext = .

.vfp11_veneer   0x0800cf50        0x0
 .vfp11_veneer  0x0800cf50        0x0 linker stubs

.v4_bx          0x0800cf50        0x0
 .v4_bx         0x0800cf50        0x0 linker stubs

.iplt           0x0800cf50        0x0
 .iplt          0x0800cf50        0x0 C:/ST/STM32CubeIDE_2.1.1/STM32CubeIDE/plugins/com.st.stm32cube.ide.mcu.externaltools.gnu-tools-for-stm32.14.3.rel1.win32_1.0.100.202602081740/tools/bin/../lib/gcc/arm-none-eabi/14.3.1/thumb/v7-m/nofp/crtbegin.o

.rodata         0x0800cf50      0xce4
                0x0800cf50                        . = ALIGN (0x4)
 *(.rodata)
 .rodata        0x0800cf50      0x1d8 ./Core/Src/ap33772s/ap33772s.o
 .rodata        0x0800d128      0x3e6 ./Core/Src/bq25798/bq25798.o
 *fill*         0x0800d50e        0x2 
 .rodata        0x0800d510       0x36 ./Core/Src/main.o
 *fill*         0x0800d546        0x2 
 .rodata        0x0800d548       0x4f ./Core/Src/i2c/i2c.o
 *fill*         0x0800d597        0x1 
 .rodata        0x0800d598        0xf ./Core/Src/log/log.o
 *fill*         0x0800d5a7        0x1 
 .rodata        0x0800d5a8       0x85 ./Core/Src/tb6612fng/tb6612fng.o
 *fill*         0x0800d62d        0x3 
 .rodata        0x0800d630      0x17c ./Core/Src/vnh5180a/vnh5180a.o
 .rodata        0x0800d7ac        0x5 ./Middlewares/Third_Party/FreeRTOS/Source/tasks.o
 *fill*         0x0800d7b1        0x3 
 .rodata        0x0800d7b4        0xd ./Middlewares/Third_Party/FreeRTOS/Source/timers.o
 *(.rodata*)
 *fill*         0x0800d7c1        0x3 
 .rodata.__func__.2
                0x0800d7c4       0x10 ./Core/Src/bq25798/bq25798.o
 .rodata.__func__.0
                0x0800d7d4       0x12 ./Core/Src/bq25798/bq25798.o
 *fill*         0x0800d7e6        0x2 
 .rodata.tbTask_attributes
                0x0800d7e8       0x24 ./Core/Src/main.o
                0x0800d7e8                tbTask_attributes
 .rodata.apTask_attributes
                0x0800d80c       0x24 ./Core/Src/main.o
                0x0800d80c                apTask_attributes
 .rodata.bqTask_attributes
                0x0800d830       0x24 ./Core/Src/main.o
                0x0800d830                bqTask_attributes
 .rodata.vnTask_attributes
                0x0800d854       0x24 ./Core/Src/main.o
                0x0800d854                vnTask_attributes
 .rodata.vnTaskSem_attributes
                0x0800d878       0x10 ./Core/Src/main.o
                0x0800d878                vnTaskSem_attributes
 .rodata.tbTaskSem_attributes
                0x0800d888       0x10 ./Core/Src/main.o
                0x0800d888                tbTaskSem_attributes
 .rodata.AHBPrescTable
                0x0800d898       0x10 ./Core/Src/system_stm32f1xx.o
                0x0800d898                AHBPrescTable
 .rodata.APBPrescTable
                0x0800d8a8        0x8 ./Core/Src/system_stm32f1xx.o
                0x0800d8a8                APBPrescTable
 .rodata.aPLLMULFactorTable.1
                0x0800d8b0       0x10 ./Drivers/STM32F1xx_HAL_Driver/Src/stm32f1xx_hal_rcc.o
 .rodata.aPredivFactorTable.0
                0x0800d8c0        0x2 ./Drivers/STM32F1xx_HAL_Driver/Src/stm32f1xx_hal_rcc.o
 .rodata.__assert_func.str1.1
                0x0800d8c2      0x171 C:/ST/STM32CubeIDE_2.1.1/STM32CubeIDE/plugins/com.st.stm32cube.ide.mcu.externaltools.gnu-tools-for-stm32.14.3.rel1.win32_1.0.100.202602081740/tools/bin/../lib/gcc/arm-none-eabi/14.3.1/../../../../arm-none-eabi/lib/thumb/v7-m/nofp\libc_nano.a(libc_a-assert.o)
                                 0x3d (size before relaxing)
 .rodata._printf_float.str1.1
                0x0800da33       0x12 C:/ST/STM32CubeIDE_2.1.1/STM32CubeIDE/plugins/com.st.stm32cube.ide.mcu.externaltools.gnu-tools-for-stm32.14.3.rel1.win32_1.0.100.202602081740/tools/bin/../lib/gcc/arm-none-eabi/14.3.1/../../../../arm-none-eabi/lib/thumb/v7-m/nofp\libc_nano.a(libc_a-nano-vfprintf_float.o)
 .rodata._printf_i.str1.1
                0x0800da33       0x22 C:/ST/STM32CubeIDE_2.1.1/STM32CubeIDE/plugins/com.st.stm32cube.ide.mcu.externaltools.gnu-tools-for-stm32.14.3.rel1.win32_1.0.100.202602081740/tools/bin/../lib/gcc/arm-none-eabi/14.3.1/../../../../arm-none-eabi/lib/thumb/v7-m/nofp\libc_nano.a(libc_a-nano-vfprintf_i.o)
 .rodata._dtoa_r.str1.1
                0x0800da33       0x8f C:/ST/STM32CubeIDE_2.1.1/STM32CubeIDE/plugins/com.st.stm32cube.ide.mcu.externaltools.gnu-tools-for-stm32.14.3.rel1.win32_1.0.100.202602081740/tools/bin/../lib/gcc/arm-none-eabi/14.3.1/../../../../arm-none-eabi/lib/thumb/v7-m/nofp\libc_nano.a(libc_a-dtoa.o)
 .rodata._Balloc.str1.1
                0x0800da33       0x70 C:/ST/STM32CubeIDE_2.1.1/STM32CubeIDE/plugins/com.st.stm32cube.ide.mcu.externaltools.gnu-tools-for-stm32.14.3.rel1.win32_1.0.100.202602081740/tools/bin/../lib/gcc/arm-none-eabi/14.3.1/../../../../arm-none-eabi/lib/thumb/v7-m/nofp\libc_nano.a(libc_a-mprec.o)
 .rodata.__multadd.str1.1
                0x0800da33       0x11 C:/ST/STM32CubeIDE_2.1.1/STM32CubeIDE/plugins/com.st.stm32cube.ide.mcu.externaltools.gnu-tools-for-stm32.14.3.rel1.win32_1.0.100.202602081740/tools/bin/../lib/gcc/arm-none-eabi/14.3.1/../../../../arm-none-eabi/lib/thumb/v7-m/nofp\libc_nano.a(libc_a-mprec.o)
 *fill*         0x0800da33        0x1 
 .rodata.p05.0  0x0800da34        0xc C:/ST/STM32CubeIDE_2.1.1/STM32CubeIDE/plugins/com.st.stm32cube.ide.mcu.externaltools.gnu-tools-for-stm32.14.3.rel1.win32_1.0.100.202602081740/tools/bin/../lib/gcc/arm-none-eabi/14.3.1/../../../../arm-none-eabi/lib/thumb/v7-m/nofp\libc_nano.a(libc_a-mprec.o)
 .rodata.__mprec_bigtens
                0x0800da40       0x28 C:/ST/STM32CubeIDE_2.1.1/STM32CubeIDE/plugins/com.st.stm32cube.ide.mcu.externaltools.gnu-tools-for-stm32.14.3.rel1.win32_1.0.100.202602081740/tools/bin/../lib/gcc/arm-none-eabi/14.3.1/../../../../arm-none-eabi/lib/thumb/v7-m/nofp\libc_nano.a(libc_a-mprec.o)
                0x0800da40                __mprec_bigtens
 .rodata.__mprec_tens