Archive member included to satisfy reference by file (symbol)

C:/ST/STM32CubeIDE_1.19.0/STM32CubeIDE/plugins/com.st.stm32cube.ide.mcu.externaltools.gnu-tools-for-stm32.13.3.rel1.win32_1.0.0.202411081344/tools/bin/../lib/gcc/arm-none-eabi/13.3.1/../../../../arm-none-eabi/lib/thumb/v7-m/nofp\libc_nano.a(libc_a-assert.o)
                              ./Core/Src/bq25798/bq25798.o (__assert_func)
C:/ST/STM32CubeIDE_1.19.0/STM32CubeIDE/plugins/com.st.stm32cube.ide.mcu.externaltools.gnu-tools-for-stm32.13.3.rel1.win32_1.0.0.202411081344/tools/bin/../lib/gcc/arm-none-eabi/13.3.1/../../../../arm-none-eabi/lib/thumb/v7-m/nofp\libc_nano.a(libc_a-calloc.o)
                              ./Core/Src/ap33772s/ap33772s.o (calloc)
C:/ST/STM32CubeIDE_1.19.0/STM32CubeIDE/plugins/com.st.stm32cube.ide.mcu.externaltools.gnu-tools-for-stm32.13.3.rel1.win32_1.0.0.202411081344/tools/bin/../lib/gcc/arm-none-eabi/13.3.1/../../../../arm-none-eabi/lib/thumb/v7-m/nofp\libc_nano.a(libc_a-callocr.o)
                              C:/ST/STM32CubeIDE_1.19.0/STM32CubeIDE/plugins/com.st.stm32cube.ide.mcu.externaltools.gnu-tools-for-stm32.13.3.rel1.win32_1.0.0.202411081344/tools/bin/../lib/gcc/arm-none-eabi/13.3.1/../../../../arm-none-eabi/lib/thumb/v7-m/nofp\libc_nano.a(libc_a-calloc.o) (_calloc_r)
C:/ST/STM32CubeIDE_1.19.0/STM32CubeIDE/plugins/com.st.stm32cube.ide.mcu.externaltools.gnu-tools-for-stm32.13.3.rel1.win32_1.0.0.202411081344/tools/bin/../lib/gcc/arm-none-eabi/13.3.1/../../../../arm-none-eabi/lib/thumb/v7-m/nofp\libc_nano.a(libc_a-exit.o)
                              C:/ST/STM32CubeIDE_1.19.0/STM32CubeIDE/plugins/com.st.stm32cube.ide.mcu.externaltools.gnu-tools-for-stm32.13.3.rel1.win32_1.0.0.202411081344/tools/bin/../lib/gcc/arm-none-eabi/13.3.1/../../../../arm-none-eabi/lib/thumb/v7-m/nofp/crt0.o (exit)
C:/ST/STM32CubeIDE_1.19.0/STM32CubeIDE/plugins/com.st.stm32cube.ide.mcu.externaltools.gnu-tools-for-stm32.13.3.rel1.win32_1.0.0.202411081344/tools/bin/../lib/gcc/arm-none-eabi/13.3.1/../../../../arm-none-eabi/lib/thumb/v7-m/nofp\libc_nano.a(libc_a-malloc.o)
                              ./Core/Src/ap33772s/ap33772s.o (free)
C:/ST/STM32CubeIDE_1.19.0/STM32CubeIDE/plugins/com.st.stm32cube.ide.mcu.externaltools.gnu-tools-for-stm32.13.3.rel1.win32_1.0.0.202411081344/tools/bin/../lib/gcc/arm-none-eabi/13.3.1/../../../../arm-none-eabi/lib/thumb/v7-m/nofp\libc_nano.a(libc_a-mallocr.o)
                              C:/ST/STM32CubeIDE_1.19.0/STM32CubeIDE/plugins/com.st.stm32cube.ide.mcu.externaltools.gnu-tools-for-stm32.13.3.rel1.win32_1.0.0.202411081344/tools/bin/../lib/gcc/arm-none-eabi/13.3.1/../../../../arm-none-eabi/lib/thumb/v7-m/nofp\libc_nano.a(libc_a-callocr.o) (_malloc_r)
C:/ST/STM32CubeIDE_1.19.0/STM32CubeIDE/plugins/com.st.stm32cube.ide.mcu.externaltools.gnu-tools-for-stm32.13.3.rel1.win32_1.0.0.202411081344/tools/bin/../lib/gcc/arm-none-eabi/13.3.1/../../../../arm-none-eabi/lib/thumb/v7-m/nofp\libc_nano.a(libc_a-mlock.o)
                              C:/ST/STM32CubeIDE_1.19.0/STM32CubeIDE/plugins/com.st.stm32cube.ide.mcu.externaltools.gnu-tools-for-stm32.13.3.rel1.win32_1.0.0.202411081344/tools/bin/../lib/gcc/arm-none-eabi/13.3.1/../../../../arm-none-eabi/lib/thumb/v7-m/nofp\libc_nano.a(libc_a-mallocr.o) (__malloc_lock)
C:/ST/STM32CubeIDE_1.19.0/STM32CubeIDE/plugins/com.st.stm32cube.ide.mcu.externaltools.gnu-tools-for-stm32.13.3.rel1.win32_1.0.0.202411081344/tools/bin/../lib/gcc/arm-none-eabi/13.3.1/../../../../arm-none-eabi/lib/thumb/v7-m/nofp\libc_nano.a(libc_a-nano-vfprintf_float.o)
                              (_printf_float)
C:/ST/STM32CubeIDE_1.19.0/STM32CubeIDE/plugins/com.st.stm32cube.ide.mcu.externaltools.gnu-tools-for-stm32.13.3.rel1.win32_1.0.0.202411081344/tools/bin/../lib/gcc/arm-none-eabi/13.3.1/../../../../arm-none-eabi/lib/thumb/v7-m/nofp\libc_nano.a(libc_a-nano-vfprintf_i.o)
                              C:/ST/STM32CubeIDE_1.19.0/STM32CubeIDE/plugins/com.st.stm32cube.ide.mcu.externaltools.gnu-tools-for-stm32.13.3.rel1.win32_1.0.0.202411081344/tools/bin/../lib/gcc/arm-none-eabi/13.3.1/../../../../arm-none-eabi/lib/thumb/v7-m/nofp\libc_nano.a(libc_a-nano-vfprintf_float.o) (_printf_common)
C:/ST/STM32CubeIDE_1.19.0/STM32CubeIDE/plugins/com.st.stm32cube.ide.mcu.externaltools.gnu-tools-for-stm32.13.3.rel1.win32_1.0.0.202411081344/tools/bin/../lib/gcc/arm-none-eabi/13.3.1/../../../../arm-none-eabi/lib/thumb/v7-m/nofp\libc_nano.a(libc_a-findfp.o)
                              ./Middlewares/Third_Party/FreeRTOS/Source/tasks.o (__sf)
C:/ST/STM32CubeIDE_1.19.0/STM32CubeIDE/plugins/com.st.stm32cube.ide.mcu.externaltools.gnu-tools-for-stm32.13.3.rel1.win32_1.0.0.202411081344/tools/bin/../lib/gcc/arm-none-eabi/13.3.1/../../../../arm-none-eabi/lib/thumb/v7-m/nofp\libc_nano.a(libc_a-fprintf.o)
[...]
Memory Configuration

Name             Origin             Length             Attributes
RAM              0x20000000         0x00005000         xrw
FLASH            0x08000000         0x00010000         xr
*default*        0x00000000         0xffffffff

Linker script and memory map

LOAD C:/ST/STM32CubeIDE_1.19.0/STM32CubeIDE/plugins/com.st.stm32cube.ide.mcu.externaltools.gnu-tools-for-stm32.13.3.rel1.win32_1.0.0.202411081344/tools/bin/../lib/gcc/arm-none-eabi/13.3.1/thumb/v7-m/nofp/crti.o
LOAD C:/ST/STM32CubeIDE_1.19.0/STM32CubeIDE/plugins/com.st.stm32cube.ide.mcu.externaltools.gnu-tools-for-stm32.13.3.rel1.win32_1.0.0.202411081344/tools/bin/../lib/gcc/arm-none-eabi/13.3.1/thumb/v7-m/nofp/crtbegin.o
LOAD C:/ST/STM32CubeIDE_1.19.0/STM32CubeIDE/plugins/com.st.stm32cube.ide.mcu.externaltools.gnu-tools-for-stm32.13.3.rel1.win32_1.0.0.202411081344/tools/bin/../lib/gcc/arm-none-eabi/13.3.1/../../../../arm-none-eabi/lib/thumb/v7-m/nofp/crt0.o
LOAD ./Core/Src/ap33772s/ap33772s.o
LOAD ./Core/Src/ap33772s/apApp.o
LOAD ./Core/Src/bq25798/bq25798.o
LOAD ./Core/Src/bq25798/bqApp.o
LOAD ./Core/Src/freertos.o
LOAD ./Core/Src/main.o
LOAD ./Core/Src/stm32f1xx_hal_msp.o
LOAD ./Core/Src/stm32f1xx_hal_timebase_tim.o
LOAD ./Core/Src/stm32f1xx_it.o
LOAD ./Core/Src/syscalls.o
LOAD ./Core/Src/sysmem.o
LOAD ./Core/Src/system_stm32f1xx.o
LOAD ./Core/Src/i2c/i2c.o
LOAD ./Core/Src/log/log.o
LOAD ./Core/Src/tb6612fng/tb6612fng.o
LOAD ./Core/Src/vnh5180a/vnh5180a.o
LOAD ./Core/Startup/startup_stm32f103c8tx.o
LOAD ./Drivers/STM32F1xx_HAL_Driver/Src/stm32f1xx_hal.o
LOAD ./Drivers/STM32F1xx_HAL_Driver/Src/stm32f1xx_hal_cortex.o
LOAD ./Drivers/STM32F1xx_HAL_Driver/Src/stm32f1xx_hal_dma.o
LOAD ./Drivers/STM32F1xx_HAL_Driver/Src/stm32f1xx_hal_exti.o
LOAD ./Drivers/STM32F1xx_HAL_Driver/Src/stm32f1xx_hal_flash.o
LOAD ./Drivers/STM32F1xx_HAL_Driver/Src/stm32f1xx_hal_flash_ex.o
LOAD ./Drivers/STM32F1xx_HAL_Driver/Src/stm32f1xx_hal_gpio.o
LOAD ./Drivers/STM32F1xx_HAL_Driver/Src/stm32f1xx_hal_gpio_ex.o
LOAD ./Drivers/STM32F1xx_HAL_Driver/Src/stm32f1xx_hal_i2c.o
LOAD ./Drivers/STM32F1xx_HAL_Driver/Src/stm32f1xx_hal_pwr.o
LOAD ./Drivers/STM32F1xx_HAL_Driver/Src/stm32f1xx_hal_rcc.o
LOAD ./Drivers/STM32F1xx_HAL_Driver/Src/stm32f1xx_hal_rcc_ex.o
LOAD ./Drivers/STM32F1xx_HAL_Driver/Src/stm32f1xx_hal_tim.o
LOAD ./Drivers/STM32F1xx_HAL_Driver/Src/stm32f1xx_hal_tim_ex.o
LOAD ./Drivers/STM32F1xx_HAL_Driver/Src/stm32f1xx_hal_uart.o
LOAD ./Middlewares/Third_Party/FreeRTOS/Source/CMSIS_RTOS_V2/cmsis_os2.o
LOAD ./Middlewares/Third_Party/FreeRTOS/Source/croutine.o
LOAD ./Middlewares/Third_Party/FreeRTOS/Source/event_groups.o
LOAD ./Middlewares/Third_Party/FreeRTOS/Source/list.o
LOAD ./Middlewares/Third_Party/FreeRTOS/Source/queue.o
LOAD ./Middlewares/Third_Party/FreeRTOS/Source/stream_buffer.o
LOAD ./Middlewares/Third_Party/FreeRTOS/Source/tasks.o
LOAD ./Middlewares/Third_Party/FreeRTOS/Source/timers.o
LOAD ./Middlewares/Third_Party/FreeRTOS/Source/portable/GCC/ARM_CM3/port.o
LOAD ./Middlewares/Third_Party/FreeRTOS/Source/portable/MemMang/heap_4.o
START GROUP
LOAD C:/ST/STM32CubeIDE_1.19.0/STM32CubeIDE/plugins/com.st.stm32cube.ide.mcu.externaltools.gnu-tools-for-stm32.13.3.rel1.win32_1.0.0.202411081344/tools/bin/../lib/gcc/arm-none-eabi/13.3.1/../../../../arm-none-eabi/lib/thumb/v7-m/nofp\libc_nano.a
LOAD C:/ST/STM32CubeIDE_1.19.0/STM32CubeIDE/plugins/com.st.stm32cube.ide.mcu.externaltools.gnu-tools-for-stm32.13.3.rel1.win32_1.0.0.202411081344/tools/bin/../lib/gcc/arm-none-eabi/13.3.1/../../../../arm-none-eabi/lib/thumb/v7-m/nofp\libm.a
END GROUP
START GROUP
LOAD C:/ST/STM32CubeIDE_1.19.0/STM32CubeIDE/plugins/com.st.stm32cube.ide.mcu.externaltools.gnu-tools-for-stm32.13.3.rel1.win32_1.0.0.202411081344/tools/bin/../lib/gcc/arm-none-eabi/13.3.1/thumb/v7-m/nofp\libgcc.a
LOAD C:/ST/STM32CubeIDE_1.19.0/STM32CubeIDE/plugins/com.st.stm32cube.ide.mcu.externaltools.gnu-tools-for-stm32.13.3.rel1.win32_1.0.0.202411081344/tools/bin/../lib/gcc/arm-none-eabi/13.3.1/../../../../arm-none-eabi/lib/thumb/v7-m/nofp\libc_nano.a
END GROUP
START GROUP
LOAD C:/ST/STM32CubeIDE_1.19.0/STM32CubeIDE/plugins/com.st.stm32cube.ide.mcu.externaltools.gnu-tools-for-stm32.13.3.rel1.win32_1.0.0.202411081344/tools/bin/../lib/gcc/arm-none-eabi/13.3.1/thumb/v7-m/nofp\libgcc.a
LOAD C:/ST/STM32CubeIDE_1.19.0/STM32CubeIDE/plugins/com.st.stm32cube.ide.mcu.externaltools.gnu-tools-for-stm32.13.3.rel1.win32_1.0.0.202411081344/tools/bin/../lib/gcc/arm-none-eabi/13.3.1/../../../../arm-none-eabi/lib/thumb/v7-m/nofp\libc_nano.a
LOAD C:/ST/STM32CubeIDE_1.19.0/STM32CubeIDE/plugins/com.st.stm32cube.ide.mcu.externaltools.gnu-tools-for-stm32.13.3.rel1.win32_1.0.0.202411081344/tools/bin/../lib/gcc/arm-none-eabi/13.3.1/../../../../arm-none-eabi/lib/thumb/v7-m/nofp\libnosys.a
END GROUP
START GROUP
LOAD C:/ST/STM32CubeIDE_1.19.0/STM32CubeIDE/plugins/com.st.stm32cube.ide.mcu.externaltools.gnu-tools-for-stm32.13.3.rel1.win32_1.0.0.202411081344/tools/bin/../lib/gcc/arm-none-eabi/13.3.1/thumb/v7-m/nofp\libgcc.a
LOAD C:/ST/STM32CubeIDE_1.19.0/STM32CubeIDE/plugins/com.st.stm32cube.ide.mcu.externaltools.gnu-tools-for-stm32.13.3.rel1.win32_1.0.0.202411081344/tools/bin/../lib/gcc/arm-none-eabi/13.3.1/../../../../arm-none-eabi/lib/thumb/v7-m/nofp\libc_nano.a
LOAD C:/ST/STM32CubeIDE_1.19.0/STM32CubeIDE/plugins/com.st.stm32cube.ide.mcu.externaltools.gnu-tools-for-stm32.13.3.rel1.win32_1.0.0.202411081344/tools/bin/../lib/gcc/arm-none-eabi/13.3.1/../../../../arm-none-eabi/lib/thumb/v7-m/nofp\libnosys.a
END GROUP
LOAD C:/ST/STM32CubeIDE_1.19.0/STM32CubeIDE/plugins/com.st.stm32cube.ide.mcu.externaltools.gnu-tools-for-stm32.13.3.rel1.win32_1.0.0.202411081344/tools/bin/../lib/gcc/arm-none-eabi/13.3.1/thumb/v7-m/nofp/crtend.o
LOAD C:/ST/STM32CubeIDE_1.19.0/STM32CubeIDE/plugins/com.st.stm32cube.ide.mcu.externaltools.gnu-tools-for-stm32.13.3.rel1.win32_1.0.0.202411081344/tools/bin/../lib/gcc/arm-none-eabi/13.3.1/thumb/v7-m/nofp/crtn.o
                0x20005000                        _estack = (ORIGIN (RAM) + LENGTH (RAM))
                0x00000200                        _Min_Heap_Size = 0x200
                0x00000400                        _Min_Stack_Size = 0x400

.isr_vector     0x08000000      0x10c
                0x08000000                        . = ALIGN (0x4)
 *(.isr_vector)
 .isr_vector    0x08000000      0x10c ./Core/Startup/startup_stm32f103c8tx.o
                0x08000000                g_pfnVectors
                0x0800010c                        . = ALIGN (0x4)

.text           0x08000110     0xc698
                0x08000110                        . = ALIGN (0x4)
 *(.text)
 .text          0x08000110       0x40 C:/ST/STM32CubeIDE_1.19.0/STM32CubeIDE/plugins/com.st.stm32cube.ide.mcu.externaltools.gnu-tools-for-stm32.13.3.rel1.win32_1.0.0.202411081344/tools/bin/../lib/gcc/arm-none-eabi/13.3.1/thumb/v7-m/nofp/crtbegin.o
 .text          0x08000150       0x10 C:/ST/STM32CubeIDE_1.19.0/STM32CubeIDE/plugins/com.st.stm32cube.ide.mcu.externaltools.gnu-tools-for-stm32.13.3.rel1.win32_1.0.0.202411081344/tools/bin/../lib/gcc/arm-none-eabi/13.3.1/../../../../arm-none-eabi/lib/thumb/v7-m/nofp\libc_nano.a(libc_a-strlen.o)
                0x08000150                strlen
 .text          0x08000160      0x378 C:/ST/STM32CubeIDE_1.19.0/STM32CubeIDE/plugins/com.st.stm32cube.ide.mcu.externaltools.gnu-tools-for-stm32.13.3.rel1.win32_1.0.0.202411081344/tools/bin/../lib/gcc/arm-none-eabi/13.3.1/thumb/v7-m/nofp\libgcc.a(_arm_addsubdf3.o)
                0x08000160                __aeabi_drsub
                0x08000168                __aeabi_dsub
                0x08000168                __subdf3
                0x0800016c                __aeabi_dadd
                0x0800016c                __adddf3
                0x080003e4                __floatunsidf
                0x080003e4                __aeabi_ui2d
                0x08000404                __floatsidf
                0x08000404                __aeabi_i2d
                0x08000428                __aeabi_f2d
                0x08000428                __extendsfdf2
                0x0800046c                __floatundidf
                0x0800046c                __aeabi_ul2d
                0x0800047c                __floatdidf
                0x0800047c                __aeabi_l2d
 .text          0x080004d8      0x424 C:/ST/STM32CubeIDE_1.19.0/STM32CubeIDE/plugins/com.st.stm32cube.ide.mcu.externaltools.gnu-tools-for-stm32.13.3.rel1.win32_1.0.0.202411081344/tools/bin/../lib/gcc/arm-none-eabi/13.3.1/thumb/v7-m/nofp\libgcc.a(_arm_muldivdf3.o)
                0x080004d8                __aeabi_dmul
                0x080004d8                __muldf3
                0x0800072c                __divdf3
                0x0800072c                __aeabi_ddiv
 .text          0x080008fc      0x110 C:/ST/STM32CubeIDE_1.19.0/STM32CubeIDE/plugins/com.st.stm32cube.ide.mcu.externaltools.gnu-tools-for-stm32.13.3.rel1.win32_1.0.0.202411081344/tools/bin/../lib/gcc/arm-none-eabi/13.3.1/thumb/v7-m/nofp\libgcc.a(_arm_cmpdf2.o)
                0x080008fc                __gtdf2
                0x080008fc                __gedf2
                0x08000904                __ltdf2
                0x08000904                __ledf2
                0x0800090c                __nedf2
                0x0800090c                __eqdf2
                0x0800090c                __cmpdf2
                0x08000988                __aeabi_cdrcmple
                0x08000998                __aeabi_cdcmpeq
                0x08000998                __aeabi_cdcmple
                0x080009a8                __aeabi_dcmpeq
                0x080009bc                __aeabi_dcmplt
                0x080009d0                __aeabi_dcmple
                0x080009e4                __aeabi_dcmpge
                0x080009f8                __aeabi_dcmpgt
 .text          0x08000a0c       0x2c C:/ST/STM32CubeIDE_1.19.0/STM32CubeIDE/plugins/com.st.stm32cube.ide.mcu.externaltools.gnu-tools-for-stm32.13.3.rel1.win32_1.0.0.202411081344/tools/bin/../lib/gcc/arm-none-eabi/13.3.1/thumb/v7-m/nofp\libgcc.a(_arm_unorddf2.o)
                0x08000a0c                __unorddf2
                0x08000a0c                __aeabi_dcmpun
 .text          0x08000a38       0x50 C:/ST/STM32CubeIDE_1.19.0/STM32CubeIDE/plugins/com.st.stm32cube.ide.mcu.externaltools.gnu-tools-for-stm32.13.3.rel1.win32_1.0.0.202411081344/tools/bin/../lib/gcc/arm-none-eabi/13.3.1/thumb/v7-m/nofp\libgcc.a(_arm_fixdfsi.o)
                0x08000a38                __aeabi_d2iz
                0x08000a38                __fixdfsi
 .text          0x08000a88       0xa0 C:/ST/STM32CubeIDE_1.19.0/STM32CubeIDE/plugins/com.st.stm32cube.ide.mcu.externaltools.gnu-tools-for-stm32.13.3.rel1.win32_1.0.0.202411081344/tools/bin/../lib/gcc/arm-none-eabi/13.3.1/thumb/v7-m/nofp\libgcc.a(_arm_truncdfsf2.o)
                0x08000a88                __truncdfsf2
                0x08000a88                __aeabi_d2f
 .text          0x08000b28      0x2a0 C:/ST/STM32CubeIDE_1.19.0/STM32CubeIDE/plugins/com.st.stm32cube.ide.mcu.externaltools.gnu-tools-for-stm32.13.3.rel1.win32_1.0.0.202411081344/tools/bin/../lib/gcc/arm-none-eabi/13.3.1/thumb/v7-m/nofp\libgcc.a(_arm_muldivsf3.o)
                0x08000b28                __mulsf3
                0x08000b28                __aeabi_fmul
                0x08000c90                __aeabi_fdiv
                0x08000c90                __divsf3
 .text          0x08000dc8       0x40 C:/ST/STM32CubeIDE_1.19.0/STM32CubeIDE/plugins/com.st.stm32cube.ide.mcu.externaltools.gnu-tools-for-stm32.13.3.rel1.win32_1.0.0.202411081344/tools/bin/../lib/gcc/arm-none-eabi/13.3.1/thumb/v7-m/nofp\libgcc.a(_arm_fixunssfsi.o)
                0x08000dc8                __fixunssfsi
                0x08000dc8                __aeabi_f2uiz
 *(.text*)
 .text.ap_call_read
                0x08000e08       0x2a ./Core/Src/ap33772s/ap33772s.o
 .text.ap_call_write
                0x08000e32       0x2a ./Core/Src/ap33772s/ap33772s.o
 .text.ap_pdo_is_programmable
                0x08000e5c       0x28 ./Core/Src/ap33772s/ap33772s.o
 .text.ap_pdo_is_valid
                0x08000e84       0x20 ./Core/Src/ap33772s/ap33772s.o
 .text.ap_pdo_current_code
                0x08000ea4       0x22 ./Core/Src/ap33772s/ap33772s.o
 .text.ap_pdo_voltage_field
                0x08000ec6       0x22 ./Core/Src/ap33772s/ap33772s.o
 .text.ap_decode_voltage_max_mv
                0x08000ee8       0x32 ./Core/Src/ap33772s/ap33772s.o
 .text.ap_pps_voltage_min_mv
                0x08000f1a       0x2a ./Core/Src/ap33772s/ap33772s.o
 .text.ap_avs_voltage_min_mv
                0x08000f44       0x2a ./Core/Src/ap33772s/ap33772s.o
 *fill*         0x08000f6e        0x2 
 .text.ap_current_code_from_ma
                0x08000f70       0x5c ./Core/Src/ap33772s/ap33772s.o
 .text.ap_current_range_from_code
                0x08000fcc       0x6c ./Core/Src/ap33772s/ap33772s.o
 .text.ap_read_u8
                0x08001038       0x3c ./Core/Src/ap33772s/ap33772s.o
 .text.ap_read_u16
                0x08001074       0x4c ./Core/Src/ap33772s/ap33772s.o
 .text.ap_write_u8
                0x080010c0       0x26 ./Core/Src/ap33772s/ap33772s.o
 .text.ap_get_power_capabilities
                0x080010e6      0x11c ./Core/Src/ap33772s/ap33772s.o
                0x080010e6                ap_get_power_capabilities
 *fill*         0x08001202        0x2 
 .text.ap_init  0x08001204       0x88 ./Core/Src/ap33772s/ap33772s.o
                0x08001204                ap_init
 .text.ap_set_output
                0x0800128c       0x3c ./Core/Src/ap33772s/ap33772s.o
                0x0800128c                ap_set_output
 .text.ap_delay
                0x080012c8       0x20 ./Core/Src/ap33772s/ap33772s.o
                0x080012c8                ap_delay
 .text.ap_send_request
                0x080012e8       0x6a ./Core/Src/ap33772s/ap33772s.o
 *fill*         0x08001352        0x2 
 .text.ap_request_pps
                0x08001354       0xec ./Core/Src/ap33772s/ap33772s.o
                0x08001354                ap_request_pps
 .text.ap_read_voltage
                0x08001440       0x56 ./Core/Src/ap33772s/ap33772s.o
                0x08001440                ap_read_voltage
 *fill*         0x08001496        0x2 
 .text.ap_log_voltage
                0x08001498       0x30 ./Core/Src/ap33772s/ap33772s.o
                0x08001498                ap_log_voltage
 .text.ap_read_current
                0x080014c8       0x56 ./Core/Src/ap33772s/ap33772s.o
                0x080014c8                ap_read_current
 *fill*         0x0800151e        0x2 
 .text.ap_log_current
                0x08001520       0x30 ./Core/Src/ap33772s/ap33772s.o
                0x08001520                ap_log_current
 .text.ap_print_profile
                0x08001550      0x20c ./Core/Src/ap33772s/ap33772s.o
 .text.ap_print_profiles
                0x0800175c       0x40 ./Core/Src/ap33772s/ap33772s.o
                0x0800175c                ap_print_profiles
 .text.ap_get_pdo_info
                0x0800179c      0x156 ./Core/Src/ap33772s/ap33772s.o
                0x0800179c                ap_get_pdo_info
 *fill*         0x080018f2        0x2 
 .text.ap_pps_voltage_min_desc
                0x080018f4       0x54 ./Core/Src/ap33772s/ap33772s.o
                0x080018f4                ap_pps_voltage_min_desc
 .text.ap_avs_voltage_min_desc
                0x08001948       0x54 ./Core/Src/ap33772s/ap33772s.o
                0x08001948                ap_avs_voltage_min_desc
 .text.ap_fixed_peak_current_desc
                0x0800199c       0x5c ./Core/Src/ap33772s/ap33772s.o
                0x0800199c                ap_fixed_peak_current_desc
 .text.bqReadReg
                0x080019f8       0x2a ./Core/Src/bq25798/bq25798.o
                0x080019f8                bqReadReg
 .text.bq_delay
                0x08001a22       0x20 ./Core/Src/bq25798/bq25798.o
                0x08001a22                bq_delay
 *fill*         0x08001a42        0x2 
 .text.bq_init  0x08001a44       0x6c ./Core/Src/bq25798/bq25798.o
                0x08001a44                bq_init
 .text.bqReadPartInfo
                0x08001ab0       0x52 ./Core/Src/bq25798/bq25798.o
                0x08001ab0                bqReadPartInfo
 *fill*         0x08001b02        0x2 
 .text.bqReadStatusFault
                0x08001b04      0x15c ./Core/Src/bq25798/bq25798.o
                0x08001b04                bqReadStatusFault
 .text.bqLogStatusFault
                0x08001c60      0x168 ./Core/Src/bq25798/bq25798.o
                0x08001c60                bqLogStatusFault
 .text.bqRprtPartInfo
                0x08001dc8       0x8c ./Core/Src/bq25798/bq25798.o
                0x08001dc8                bqRprtPartInfo
 .text.main     0x08001e54       0xcc ./Core/Src/main.o
                0x08001e54                main
 .text.SystemClock_Config
                0x08001f20       0x8c ./Core/Src/main.o
                0x08001f20                SystemClock_Config
 .text.MX_I2C1_Init
                0x08001fac       0x5c ./Core/Src/main.o
 .text.MX_I2C2_Init
                0x08002008       0x5c ./Core/Src/main.o
 .text.MX_TIM3_Init
                0x08002064      0x100 ./Core/Src/main.o
 .text.MX_USART2_UART_Init
                0x08002164       0x54 ./Core/Src/main.o
 .text.MX_GPIO_Init
                0x080021b8      0x124 ./Core/Src/main.o
 .text.HAL_GPIO_EXTI_Callback
                0x080022dc       0x6c ./Core/Src/main.o
                0x080022dc                HAL_GPIO_EXTI_Callback
 .text.tb6612fngTask
                0x08002348       0x34 ./Core/Src/main.o
                0x08002348                tb6612fngTask
 .text.ap33772sTask
                0x0800237c       0x78 ./Core/Src/main.o
                0x0800237c                ap33772sTask
 .text.bq25798Task
                0x080023f4       0x40 ./Core/Src/main.o
                0x080023f4                bq25798Task
 .text.vnh5180aTask
                0x08002434       0x34 ./Core/Src/main.o
                0x08002434                vnh5180aTask
 .text.HAL_TIM_PeriodElapsedCallback
                0x08002468       0x1e ./Core/Src/main.o
                0x08002468                HAL_TIM_PeriodElapsedCallback
 .text.Error_Handler
                0x08002486        0xc ./Core/Src/main.o
                0x08002486                Error_Handler
 *fill*         0x08002492        0x2 
 .text.HAL_MspInit
                0x08002494       0x70 ./Core/Src/stm32f1xx_hal_msp.o
                0x08002494                HAL_MspInit
 .text.HAL_I2C_MspInit
                0x08002504       0xd8 ./Core/Src/stm32f1xx_hal_msp.o
                0x08002504                HAL_I2C_MspInit
 .text.HAL_TIM_Base_MspInit
                0x080025dc       0x3c ./Core/Src/stm32f1xx_hal_msp.o
                0x080025dc                HAL_TIM_Base_MspInit
 .text.HAL_TIM_MspPostInit
                0x08002618       0x98 ./Core/Src/stm32f1xx_hal_msp.o
                0x08002618                HAL_TIM_MspPostInit
 .text.HAL_UART_MspInit
                0x080026b0       0x94 ./Core/Src/stm32f1xx_hal_msp.o
                0x080026b0                HAL_UART_MspInit
 .text.HAL_InitTick
                0x08002744       0xf8 ./Core/Src/stm32f1xx_hal_timebase_tim.o
                0x08002744                HAL_InitTick
 .text.NMI_Handler
                0x0800283c        0x8 ./Core/Src/stm32f1xx_it.o
                0x0800283c                NMI_Handler
 .text.HardFault_Handler
                0x08002844        0x8 ./Core/Src/stm32f1xx_it.o
                0x08002844                HardFault_Handler
 .text.MemManage_Handler
                0x0800284c        0x8 ./Core/Src/stm32f1xx_it.o
                0x0800284c                MemManage_Handler
 .text.BusFault_Handler
                0x08002854        0x8 ./Core/Src/stm32f1xx_it.o
                0x08002854                BusFault_Handler
 .text.UsageFault_Handler
                0x0800285c        0x8 ./Core/Src/stm32f1xx_it.o
                0x0800285c                UsageFault_Handler
 .text.DebugMon_Handler
                0x08002864        0xc ./Core/Src/stm32f1xx_it.o
                0x08002864                DebugMon_Handler
 .text.EXTI3_IRQHandler
                0x08002870        0xe ./Core/Src/stm32f1xx_it.o
                0x08002870                EXTI3_IRQHandler
 *fill*         0x0800287e        0x2 
 .text.TIM2_IRQHandler
                0x08002880       0x14 ./Core/Src/stm32f1xx_it.o
                0x08002880                TIM2_IRQHandler
 .text._getpid  0x08002894        0xe ./Core/Src/syscalls.o
                0x08002894                _getpid
 .text._kill    0x080028a2       0x20 ./Core/Src/syscalls.o
                0x080028a2                _kill
 .text._exit    0x080028c2       0x16 ./Core/Src/syscalls.o
                0x080028c2                _exit
 .text._read    0x080028d8       0x3a ./Core/Src/syscalls.o
                0x080028d8                _read
 .text._write   0x08002912       0x38 ./Core/Src/syscalls.o
                0x08002912                _write
 .text._close   0x0800294a       0x16 ./Core/Src/syscalls.o
                0x0800294a                _close
 .text._fstat   0x08002960       0x1e ./Core/Src/syscalls.o
                0x08002960                _fstat
 .text._isatty  0x0800297e       0x14 ./Core/Src/syscalls.o
                0x0800297e                _isatty
 .text._lseek   0x08002992       0x18 ./Core/Src/syscalls.o
                0x08002992                _lseek
 *fill*         0x080029aa        0x2 
 .text._sbrk    0x080029ac       0x6c ./Core/Src/sysmem.o
                0x080029ac                _sbrk
 .text.SystemInit
                0x08002a18        0xc ./Core/Src/system_stm32f1xx.o
                0x08002a18                SystemInit
 .text.clearWriteBuf
                0x08002a24       0x30 ./Core/Src/i2c/i2c.o
                0x08002a24                clearWriteBuf
 .text.clearReadBuf
                0x08002a54       0x30 ./Core/Src/i2c/i2c.o
                0x08002a54                clearReadBuf
 .text.i2cApWrite
                0x08002a84       0x58 ./Core/Src/i2c/i2c.o
                0x08002a84                i2cApWrite
 .text.i2cApRead
                0x08002adc       0x58 ./Core/Src/i2c/i2c.o
                0x08002adc                i2cApRead
 .text.i2cApDelay
                0x08002b34       0x18 ./Core/Src/i2c/i2c.o
                0x08002b34                i2cApDelay
 .text.i2cBqWrite
                0x08002b4c       0x58 ./Core/Src/i2c/i2c.o
                0x08002b4c                i2cBqWrite
 .text.i2cBqRead
                0x08002ba4       0x58 ./Core/Src/i2c/i2c.o
                0x08002ba4                i2cBqRead
 .text.i2cBqDelay
                0x08002bfc       0x18 ./Core/Src/i2c/i2c.o
                0x08002bfc                i2cBqDelay
 .text.logString
                0x08002c14       0x38 ./Core/Src/log/log.o
                0x08002c14                logString
 .text.logInteger
                0x08002c4c       0x3c ./Core/Src/log/log.o
                0x08002c4c                logInteger
 .text.nextLine
                0x08002c88       0x14 ./Core/Src/log/log.o
                0x08002c88                nextLine
 .text.tbSetStndbyPin
                0x08002c9c       0x24 ./Core/Src/tb6612fng/tb6612fng.o
                0x08002c9c                tbSetStndbyPin
 .text.tbSetAin1Pin
                0x08002cc0       0x24 ./Core/Src/tb6612fng/tb6612fng.o
                0x08002cc0                tbSetAin1Pin
 .text.tbSetAin2Pin
                0x08002ce4       0x24 ./Core/Src/tb6612fng/tb6612fng.o
                0x08002ce4                tbSetAin2Pin
 .text.tbPmwStart
                0x08002d08       0x14 ./Core/Src/tb6612fng/tb6612fng.o
                0x08002d08                tbPmwStart
 .text.tbSetDutyCycle
                0x08002d1c       0x24 ./Core/Src/tb6612fng/tb6612fng.o
                0x08002d1c                tbSetDutyCycle
 .text.tbMotorCw
                0x08002d40       0x8c ./Core/Src/tb6612fng/tb6612fng.o
                0x08002d40                tbMotorCw
 *fill*         0x08002dcc        0x4 
 .text.tbMotorCcw
                0x08002dd0       0x8c ./Core/Src/tb6612fng/tb6612fng.o
                0x08002dd0                tbMotorCcw
 .text.tbMotorStop
                0x08002e5c       0x28 ./Core/Src/tb6612fng/tb6612fng.o
                0x08002e5c                tbMotorStop
 .text.tbMotorDrive
                0x08002e84       0x36 ./Core/Src/tb6612fng/tb6612fng.o
                0x08002e84                tbMotorDrive
 .text.tbMotorDriveRevolutions
                0x08002eba       0x42 ./Core/Src/tb6612fng/tb6612fng.o
                0x08002eba                tbMotorDriveRevolutions
 .text.vnSetInAPin
                0x08002efc       0x24 ./Core/Src/vnh5180a/vnh5180a.o
                0x08002efc                vnSetInAPin
 .text.vnSetInBPin
                0x08002f20       0x24 ./Core/Src/vnh5180a/vnh5180a.o
                0x08002f20                vnSetInBPin
 .text.vnReadDiagAPin
                0x08002f44       0x24 ./Core/Src/vnh5180a/vnh5180a.o
                0x08002f44                vnReadDiagAPin
 .text.vnReadDiagBPin
                0x08002f68       0x24 ./Core/Src/vnh5180a/vnh5180a.o
                0x08002f68                vnReadDiagBPin
 .text.vnCheckMotorStatus
                0x08002f8c       0x4c ./Core/Src/vnh5180a/vnh5180a.o
                0x08002f8c                vnCheckMotorStatus
 .text.vnPmwStart
                0x08002fd8       0x14 ./Core/Src/vnh5180a/vnh5180a.o
                0x08002fd8                vnPmwStart
 .text.vnSetDutyCycle
                0x08002fec       0x24 ./Core/Src/vnh5180a/vnh5180a.o
                0x08002fec                vnSetDutyCycle
 .text.vnResetDutyCycle
                0x08003010       0x18 ./Core/Src/vnh5180a/vnh5180a.o
                0x08003010                vnResetDutyCycle
 .text.vnMotorCw
                0x08003028       0xa0 ./Core/Src/vnh5180a/vnh5180a.o
                0x08003028                vnMotorCw
 .text.vnMotorCcw
                0x080030c8       0xa0 ./Core/Src/vnh5180a/vnh5180a.o
                0x080030c8                vnMotorCcw
 .text.vnMotorBrakeToGnd
                0x08003168       0x48 ./Core/Src/vnh5180a/vnh5180a.o
                0x08003168                vnMotorBrakeToGnd
 .text.vnMotorDrive
                0x080031b0       0x2e ./Core/Src/vnh5180a/vnh5180a.o
                0x080031b0                vnMotorDrive
 .text.vnMotorDriveDuration
                0x080031de       0x3e ./Core/Src/vnh5180a/vnh5180a.o
                0x080031de                vnMotorDriveDuration
 .text.Reset_Handler
                0x0800321c       0x48 ./Core/Startup/startup_stm32f103c8tx.o
                0x0800321c                Reset_Handler
 .text.Default_Handler
                0x08003264        0x2 ./Core/Startup/startup_stm32f103c8tx.o
                0x08003264                RTC_Alarm_IRQHandler
                0x08003264                EXTI2_IRQHandler
                0x08003264                TIM1_CC_IRQHandler
                0x08003264                PVD_IRQHandler
                0x08003264                EXTI0_IRQHandler
                0x08003264                I2C2_EV_IRQHandler
                0x08003264                ADC1_2_IRQHandler
                0x08003264                SPI1_IRQHandler
                0x08003264                TAMPER_IRQHandler
                0x08003264                DMA1_Channel4_IRQHandler
                0x08003264                USART3_IRQHandler
                0x08003264                RTC_IRQHandler
                0x08003264                DMA1_Channel7_IRQHandler
                0x08003264                CAN1_RX1_IRQHandler
                0x08003264                TIM4_IRQHandler
                0x08003264                I2C1_EV_IRQHandler
                0x08003264                DMA1_Channel6_IRQHandler
                0x08003264                TIM3_IRQHandler
                0x08003264                RCC_IRQHandler
                0x08003264                TIM1_TRG_COM_IRQHandler
                0x08003264                DMA1_Channel1_IRQHandler
                0x08003264                Default_Handler
                0x08003264                EXTI15_10_IRQHandler
                0x08003264                EXTI9_5_IRQHandler
                0x08003264                SPI2_IRQHandler
                0x08003264                DMA1_Channel5_IRQHandler
                0x08003264                EXTI4_IRQHandler
                0x08003264                USB_LP_CAN1_RX0_IRQHandler
                0x08003264                USB_HP_CAN1_TX_IRQHandler
                0x08003264                DMA1_Channel3_IRQHandler
                0x08003264                TIM1_UP_IRQHandler
                0x08003264                WWDG_IRQHandler
                0x08003264                TIM1_BRK_IRQHandler
                0x08003264                EXTI1_IRQHandler
                0x08003264                USART2_IRQHandler
                0x08003264                I2C2_ER_IRQHandler
                0x08003264                DMA1_Channel2_IRQHandler
                0x08003264                CAN1_SCE_IRQHandler
                0x08003264                FLASH_IRQHandler
                0x08003264                USART1_IRQHandler
                0x08003264                I2C1_ER_IRQHandler
                0x08003264                USBWakeUp_IRQHandler
 *fill*         0x08003266        0x2 
 .text.HAL_Init
                0x08003268       0x2c ./Drivers/STM32F1xx_HAL_Driver/Src/stm32f1xx_hal.o
                0x08003268                HAL_Init
 .text.HAL_IncTick
                0x08003294       0x24 ./Drivers/STM32F1xx_HAL_Driver/Src/stm32f1xx_hal.o
                0x08003294                HAL_IncTick
 .text.HAL_GetTick
                0x080032b8       0x14 ./Drivers/STM32F1xx_HAL_Driver/Src/stm32f1xx_hal.o
                0x080032b8                HAL_GetTick
 .text.__NVIC_SetPriorityGrouping
                0x080032cc       0x48 ./Drivers/STM32F1xx_HAL_Driver/Src/stm32f1xx_hal_cortex.o
 .text.__NVIC_GetPriorityGrouping
                0x08003314       0x1c ./Drivers/STM32F1xx_HAL_Driver/Src/stm32f1xx_hal_cortex.o
 .text.__NVIC_EnableIRQ
                0x08003330       0x38 ./Drivers/STM32F1xx_HAL_Driver/Src/stm32f1xx_hal_cortex.o
 .text.__NVIC_SetPriority
                0x08003368       0x54 ./Drivers/STM32F1xx_HAL_Driver/Src/stm32f1xx_hal_cortex.o
 .text.NVIC_EncodePriority
                0x080033bc       0x64 ./Drivers/STM32F1xx_HAL_Driver/Src/stm32f1xx_hal_cortex.o
 .text.HAL_NVIC_SetPriorityGrouping
                0x08003420       0x16 ./Drivers/STM32F1xx_HAL_Driver/Src/stm32f1xx_hal_cortex.o
                0x08003420                HAL_NVIC_SetPriorityGrouping
 .text.HAL_NVIC_SetPriority
                0x08003436       0x38 ./Drivers/STM32F1xx_HAL_Driver/Src/stm32f1xx_hal_cortex.o
                0x08003436                HAL_NVIC_SetPriority
 .text.HAL_NVIC_EnableIRQ
                0x0800346e       0x1c ./Drivers/STM32F1xx_HAL_Driver/Src/stm32f1xx_hal_cortex.o
                0x0800346e                HAL_NVIC_EnableIRQ
 *fill*         0x0800348a        0x2 
 .text.HAL_GPIO_Init
                0x0800348c      0x308 ./Drivers/STM32F1xx_HAL_Driver/Src/stm32f1xx_hal_gpio.o
                0x0800348c                HAL_GPIO_Init
 .text.HAL_GPIO_ReadPin
                0x08003794       0x2e ./Drivers/STM32F1xx_HAL_Driver/Src/stm32f1xx_hal_gpio.o
                0x08003794                HAL_GPIO_ReadPin
 .text.HAL_GPIO_WritePin
                0x080037c2       0x30 ./Drivers/STM32F1xx_HAL_Driver/Src/stm32f1xx_hal_gpio.o
                0x080037c2                HAL_GPIO_WritePin
 *fill*         0x080037f2        0x2 
 .text.HAL_GPIO_EXTI_IRQHandler
                0x080037f4       0x30 ./Drivers/STM32F1xx_HAL_Driver/Src/stm32f1xx_hal_gpio.o
                0x080037f4                HAL_GPIO_EXTI_IRQHandler
 .text.HAL_I2C_Init
                0x08003824      0x288 ./Drivers/STM32F1xx_HAL_Driver/Src/stm32f1xx_hal_i2c.o
                0x08003824                HAL_I2C_Init
 .text.HAL_I2C_Mem_Write
                0x08003aac      0x1f4 ./Drivers/STM32F1xx_HAL_Driver/Src/stm32f1xx_hal_i2c.o
                0x08003aac                HAL_I2C_Mem_Write
 .text.HAL_I2C_Mem_Read
                0x08003ca0      0x4e8 ./Drivers/STM32F1xx_HAL_Driver/Src/stm32f1xx_hal_i2c.o
                0x08003ca0                HAL_I2C_Mem_Read
 .text.I2C_RequestMemoryWrite
                0x08004188      0x12c ./Drivers/STM32F1xx_HAL_Driver/Src/stm32f1xx_hal_i2c.o
 .text.I2C_RequestMemoryRead
                0x080042b4      0x1d0 ./Drivers/STM32F1xx_HAL_Driver/Src/stm32f1xx_hal_i2c.o
 .text.I2C_WaitOnFlagUntilTimeout
                0x08004484       0xf4 ./Drivers/STM32F1xx_HAL_Driver/Src/stm32f1xx_hal_i2c.o
 .text.I2C_WaitOnMasterAddressFlagUntilTimeout
                0x08004578      0x140 ./Drivers/STM32F1xx_HAL_Driver/Src/stm32f1xx_hal_i2c.o
 .text.I2C_WaitOnTXEFlagUntilTimeout
                0x080046b8       0x90 ./Drivers/STM32F1xx_HAL_Driver/Src/stm32f1xx_hal_i2c.o
 .text.I2C_WaitOnBTFFlagUntilTimeout
                0x08004748       0x90 ./Drivers/STM32F1xx_HAL_Driver/Src/stm32f1xx_hal_i2c.o
 .text.I2C_WaitOnRXNEFlagUntilTimeout
                0x080047d8       0xba ./Drivers/STM32F1xx_HAL_Driver/Src/stm32f1xx_hal_i2c.o
 .text.I2C_IsAcknowledgeFailed
                0x08004892       0x5c ./Drivers/STM32F1xx_HAL_Driver/Src/stm32f1xx_hal_i2c.o
 *fill*         0x080048ee        0x2 
 .text.HAL_RCC_OscConfig
                0x080048f0      0x504 ./Drivers/STM32F1xx_HAL_Driver/Src/stm32f1xx_hal_rcc.o
                0x080048f0                HAL_RCC_OscConfig
 .text.HAL_RCC_ClockConfig
                0x08004df4      0x1d4 ./Drivers/STM32F1xx_HAL_Driver/Src/stm32f1xx_hal_rcc.o
                0x08004df4                HAL_RCC_ClockConfig
 .text.HAL_RCC_GetSysClockFreq
                0x08004fc8       0xac ./Drivers/STM32F1xx_HAL_Driver/Src/stm32f1xx_hal_rcc.o
                0x08004fc8                HAL_RCC_GetSysClockFreq
 .text.HAL_RCC_GetHCLKFreq
                0x08005074       0x14 ./Drivers/STM32F1xx_HAL_Driver/Src/stm32f1xx_hal_rcc.o
                0x08005074                HAL_RCC_GetHCLKFreq
 .text.HAL_RCC_GetPCLK1Freq
                0x08005088       0x28 ./Drivers/STM32F1xx_HAL_Driver/Src/stm32f1xx_hal_rcc.o
                0x08005088                HAL_RCC_GetPCLK1Freq
 .text.HAL_RCC_GetPCLK2Freq
                0x080050b0       0x28 ./Drivers/STM32F1xx_HAL_Driver/Src/stm32f1xx_hal_rcc.o
                0x080050b0                HAL_RCC_GetPCLK2Freq
 .text.HAL_RCC_GetClockConfig
                0x080050d8       0x60 ./Drivers/STM32F1xx_HAL_Driver/Src/stm32f1xx_hal_rcc.o
                0x080050d8                HAL_RCC_GetClockConfig
 .text.RCC_Delay
                0x08005138       0x3c ./Drivers/STM32F1xx_HAL_Driver/Src/stm32f1xx_hal_rcc.o
 .text.HAL_TIM_Base_Init
                0x08005174       0x9e ./Drivers/STM32F1xx_HAL_Driver/Src/stm32f1xx_hal_tim.o
                0x08005174                HAL_TIM_Base_Init
 *fill*         0x08005212        0x2 
 .text.HAL_TIM_Base_Start_IT
                0x08005214       0xa4 ./Drivers/STM32F1xx_HAL_Driver/Src/stm32f1xx_hal_tim.o
                0x08005214                HAL_TIM_Base_Start_IT
 .text.HAL_TIM_PWM_Init
                0x080052b8       0x9e ./Drivers/STM32F1xx_HAL_Driver/Src/stm32f1xx_hal_tim.o
                0x080052b8                HAL_TIM_PWM_Init
 .text.HAL_TIM_PWM_MspInit
                0x08005356       0x12 ./Drivers/STM32F1xx_HAL_Driver/Src/stm32f1xx_hal_tim.o
                0x08005356                HAL_TIM_PWM_MspInit
 .text.HAL_TIM_PWM_Start
                0x08005368      0x144 ./Drivers/STM32F1xx_HAL_Driver/Src/stm32f1xx_hal_tim.o
                0x08005368                HAL_TIM_PWM_Start
 .text.HAL_TIM_IRQHandler
                0x080054ac      0x1e0 ./Drivers/STM32F1xx_HAL_Driver/Src/stm32f1xx_hal_tim.o
                0x080054ac                HAL_TIM_IRQHandler
 .text.HAL_TIM_PWM_ConfigChannel
                0x0800568c      0x184 ./Drivers/STM32F1xx_HAL_Driver/Src/stm32f1xx_hal_tim.o
                0x0800568c                HAL_TIM_PWM_ConfigChannel
 .text.HAL_TIM_ConfigClockSource
                0x08005810      0x18e ./Drivers/STM32F1xx_HAL_Driver/Src/stm32f1xx_hal_tim.o
                0x08005810                HAL_TIM_ConfigClockSource
 .text.HAL_TIM_OC_DelayElapsedCallback
                0x0800599e       0x12 ./Drivers/STM32F1xx_HAL_Driver/Src/stm32f1xx_hal_tim.o
                0x0800599e                HAL_TIM_OC_DelayElapsedCallback
 .text.HAL_TIM_IC_CaptureCallback
                0x080059b0       0x12 ./Drivers/STM32F1xx_HAL_Driver/Src/stm32f1xx_hal_tim.o
                0x080059b0                HAL_TIM_IC_CaptureCallback
 .text.HAL_TIM_PWM_PulseFinishedCallback
                0x080059c2       0x12 ./Drivers/STM32F1xx_HAL_Driver/Src/stm32f1xx_hal_tim.o
                0x080059c2                HAL_TIM_PWM_PulseFinishedCallback
 .text.HAL_TIM_TriggerCallback
                0x080059d4       0x12 ./Drivers/STM32F1xx_HAL_Driver/Src/stm32f1xx_hal_tim.o
                0x080059d4                HAL_TIM_TriggerCallback
 *fill*         0x080059e6        0x2 
 .text.TIM_Base_SetConfig
                0x080059e8       0xdc ./Drivers/STM32F1xx_HAL_Driver/Src/stm32f1xx_hal_tim.o
                0x080059e8                TIM_Base_SetConfig
 .text.TIM_OC1_SetConfig
                0x08005ac4       0xcc ./Drivers/STM32F1xx_HAL_Driver/Src/stm32f1xx_hal_tim.o
 .text.TIM_OC2_SetConfig
                0x08005b90       0xd4 ./Drivers/STM32F1xx_HAL_Driver/Src/stm32f1xx_hal_tim.o
                0x08005b90                TIM_OC2_SetConfig
 .text.TIM_OC3_SetConfig
                0x08005c64       0xd4 ./Drivers/STM32F1xx_HAL_Driver/Src/stm32f1xx_hal_tim.o
 .text.TIM_OC4_SetConfig
                0x08005d38       0x9c ./Drivers/STM32F1xx_HAL_Driver/Src/stm32f1xx_hal_tim.o
 .text.TIM_TI1_ConfigInputStage
                0x08005dd4       0x5c ./Drivers/STM32F1xx_HAL_Driver/Src/stm32f1xx_hal_tim.o
 .text.TIM_TI2_ConfigInputStage
                0x08005e30       0x5e ./Drivers/STM32F1xx_HAL_Driver/Src/stm32f1xx_hal_tim.o
 .text.TIM_ITRx_SetConfig
                0x08005e8e       0x34 ./Drivers/STM32F1xx_HAL_Driver/Src/stm32f1xx_hal_tim.o
 .text.TIM_ETR_SetConfig
                0x08005ec2       0x3e ./Drivers/STM32F1xx_HAL_Driver/Src/stm32f1xx_hal_tim.o
                0x08005ec2                TIM_ETR_SetConfig
 .text.TIM_CCxChannelCmd
                0x08005f00       0x48 ./Drivers/STM32F1xx_HAL_Driver/Src/stm32f1xx_hal_tim.o
                0x08005f00                TIM_CCxChannelCmd
 .text.HAL_TIMEx_MasterConfigSynchronization
                0x08005f48       0xbc ./Drivers/STM32F1xx_HAL_Driver/Src/stm32f1xx_hal_tim_ex.o
                0x08005f48                HAL_TIMEx_MasterConfigSynchronization
 .text.HAL_TIMEx_CommutCallback
                0x08006004       0x12 ./Drivers/STM32F1xx_HAL_Driver/Src/stm32f1xx_hal_tim_ex.o
                0x08006004                HAL_TIMEx_CommutCallback
 .text.HAL_TIMEx_BreakCallback
                0x08006016       0x12 ./Drivers/STM32F1xx_HAL_Driver/Src/stm32f1xx_hal_tim_ex.o
                0x08006016                HAL_TIMEx_BreakCallback
 .text.HAL_UART_Init
                0x08006028       0xa0 ./Drivers/STM32F1xx_HAL_Driver/Src/stm32f1xx_hal_uart.o
                0x08006028                HAL_UART_Init
 .text.HAL_UART_Transmit
                0x080060c8      0x116 ./Drivers/STM32F1xx_HAL_Driver/Src/stm32f1xx_hal_uart.o
                0x080060c8                HAL_UART_Transmit
 .text.UART_WaitOnFlagUntilTimeout
                0x080061de       0xb2 ./Drivers/STM32F1xx_HAL_Driver/Src/stm32f1xx_hal_uart.o
 .text.UART_EndRxTransfer
                0x08006290       0xc4 ./Drivers/STM32F1xx_HAL_Driver/Src/stm32f1xx_hal_uart.o
 .text.UART_SetConfig
                0x08006354      0x11c ./Drivers/STM32F1xx_HAL_Driver/Src/stm32f1xx_hal_uart.o
 .text.__NVIC_SetPriority
                0x08006470       0x54 ./Middlewares/Third_Party/FreeRTOS/Source/CMSIS_RTOS_V2/cmsis_os2.o
 .text.SysTick_Handler
                0x080064c4       0x20 ./Middlewares/Third_Party/FreeRTOS/Source/CMSIS_RTOS_V2/cmsis_os2.o
                0x080064c4                SysTick_Handler
 .text.SVC_Setup
                0x080064e4       0x12 ./Middlewares/Third_Party/FreeRTOS/Source/CMSIS_RTOS_V2/cmsis_os2.o
 *fill*         0x080064f6        0x2 
 .text.osKernelInitialize
                0x080064f8       0x44 ./Middlewares/Third_Party/FreeRTOS/Source/CMSIS_RTOS_V2/cmsis_os2.o
                0x080064f8                osKernelInitialize
 .text.osKernelStart
                0x0800653c       0x4c ./Middlewares/Third_Party/FreeRTOS/Source/CMSIS_RTOS_V2/cmsis_os2.o
                0x0800653c                osKernelStart
 .text.osThreadNew
                0x08006588      0x124 ./Middlewares/Third_Party/FreeRTOS/Source/CMSIS_RTOS_V2/cmsis_os2.o
                0x08006588                osThreadNew
 .text.osDelay  0x080066ac       0x36 ./Middlewares/Third_Party/FreeRTOS/Source/CMSIS_RTOS_V2/cmsis_os2.o
                0x080066ac                osDelay
 .text.osSemaphoreNew
                0x080066e2      0x112 ./Middlewares/Third_Party/FreeRTOS/Source/CMSIS_RTOS_V2/cmsis_os2.o
                0x080066e2                osSemaphoreNew
 .text.osSemaphoreAcquire
                0x080067f4       0xa4 ./Middlewares/Third_Party/FreeRTOS/Source/CMSIS_RTOS_V2/cmsis_os2.o
                0x080067f4                osSemaphoreAcquire
 .text.vApplicationGetIdleTaskMemory
                0x08006898       0x30 ./Middlewares/Third_Party/FreeRTOS/Source/CMSIS_RTOS_V2/cmsis_os2.o
                0x08006898                vApplicationGetIdleTaskMemory
 .text.vApplicationGetTimerTaskMemory
                0x080068c8       0x34 ./Middlewares/Third_Party/FreeRTOS/Source/CMSIS_RTOS_V2/cmsis_os2.o
                0x080068c8                vApplicationGetTimerTaskMemory
 .text.vListInitialise
                0x080068fc       0x3e ./Middlewares/Third_Party/FreeRTOS/Source/list.o
                0x080068fc                vListInitialise
 .text.vListInitialiseItem
                0x0800693a       0x18 ./Middlewares/Third_Party/FreeRTOS/Source/list.o
                0x0800693a                vListInitialiseItem
 .text.vListInsertEnd
                0x08006952       0x46 ./Middlewares/Third_Party/FreeRTOS/Source/list.o
                0x08006952                vListInsertEnd
 .text.vListInsert
                0x08006998       0x70 ./Middlewares/Third_Party/FreeRTOS/Source/list.o
                0x08006998                vListInsert
 .text.uxListRemove
                0x08006a08       0x52 ./Middlewares/Third_Party/FreeRTOS/Source/list.o
                0x08006a08                uxListRemove
 *fill*         0x08006a5a        0x2 
 .text.xQueueGenericReset
                0x08006a5c       0xd4 ./Middlewares/Third_Party/FreeRTOS/Source/queue.o
                0x08006a5c                xQueueGenericReset
 .text.xQueueGenericCreateStatic
                0x08006b30       0xfa ./Middlewares/Third_Party/FreeRTOS/Source/queue.o
                0x08006b30                xQueueGenericCreateStatic
 .text.xQueueGenericCreate
                0x08006c2a       0x76 ./Middlewares/Third_Party/FreeRTOS/Source/queue.o
                0x08006c2a                xQueueGenericCreate
 .text.prvInitialiseNewQueue
                0x08006ca0       0x46 ./Middlewares/Third_Party/FreeRTOS/Source/queue.o
 .text.xQueueCreateCountingSemaphoreStatic
                0x08006ce6       0x72 ./Middlewares/Third_Party/FreeRTOS/Source/queue.o
                0x08006ce6                xQueueCreateCountingSemaphoreStatic
 .text.xQueueCreateCountingSemaphore
                0x08006d58       0x6a ./Middlewares/Third_Party/FreeRTOS/Source/queue.o
                0x08006d58                xQueueCreateCountingSemaphore
 *fill*         0x08006dc2        0x2 
 .text.xQueueGenericSend
                0x08006dc4      0x204 ./Middlewares/Third_Party/FreeRTOS/Source/queue.o
                0x08006dc4                xQueueGenericSend
 .text.xQueueGenericSendFromISR
                0x08006fc8      0x13c ./Middlewares/Third_Party/FreeRTOS/Source/queue.o
                0x08006fc8                xQueueGenericSendFromISR
 .text.xQueueGiveFromISR
                0x08007104      0x120 ./Middlewares/Third_Party/FreeRTOS/Source/queue.o
                0x08007104                xQueueGiveFromISR
 .text.xQueueReceive
                0x08007224      0x1c4 ./Middlewares/Third_Party/FreeRTOS/Source/queue.o
                0x08007224                xQueueReceive
 .text.xQueueSemaphoreTake
                0x080073e8      0x220 ./Middlewares/Third_Party/FreeRTOS/Source/queue.o
                0x080073e8                xQueueSemaphoreTake
 .text.xQueueReceiveFromISR
                0x08007608      0x104 ./Middlewares/Third_Party/FreeRTOS/Source/queue.o
                0x08007608                xQueueReceiveFromISR
 .text.vQueueDelete
                0x0800770c       0x48 ./Middlewares/Third_Party/FreeRTOS/Source/queue.o
                0x0800770c                vQueueDelete
 .text.prvGetDisinheritPriorityAfterTimeout
                0x08007754       0x2e ./Middlewares/Third_Party/FreeRTOS/Source/queue.o
 .text.prvCopyDataToQueue
                0x08007782       0xd4 ./Middlewares/Third_Party/FreeRTOS/Source/queue.o
 .text.prvCopyDataFromQueue
                0x08007856       0x4c ./Middlewares/Third_Party/FreeRTOS/Source/queue.o
 .text.prvUnlockQueue
                0x080078a2       0xa4 ./Middlewares/Third_Party/FreeRTOS/Source/queue.o
 .text.prvIsQueueEmpty
                0x08007946       0x2c ./Middlewares/Third_Party/FreeRTOS/Source/queue.o
 .text.prvIsQueueFull
                0x08007972       0x30 ./Middlewares/Third_Party/FreeRTOS/Source/queue.o
 *fill*         0x080079a2        0x2 
 .text.vQueueAddToRegistry
                0x080079a4       0x50 ./Middlewares/Third_Party/FreeRTOS/Source/queue.o
                0x080079a4                vQueueAddToRegistry
 .text.vQueueUnregisterQueue
                0x080079f4       0x54 ./Middlewares/Third_Party/FreeRTOS/Source/queue.o
                0x080079f4                vQueueUnregisterQueue
 .text.vQueueWaitForMessageRestricted
                0x08007a48       0x68 ./Middlewares/Third_Party/FreeRTOS/Source/queue.o
                0x08007a48                vQueueWaitForMessageRestricted
 .text.xTaskCreateStatic
                0x08007ab0       0xc0 ./Middlewares/Third_Party/FreeRTOS/Source/tasks.o
                0x08007ab0                xTaskCreateStatic
 .text.xTaskCreate
                0x08007b70       0x8a ./Middlewares/Third_Party/FreeRTOS/Source/tasks.o
                0x08007b70                xTaskCreate
 *fill*         0x08007bfa        0x2 
 .text.prvInitialiseNewTask
                0x08007bfc      0x150 ./Middlewares/Third_Party/FreeRTOS/Source/tasks.o
 .text.prvAddNewTaskToReadyList
                0x08007d4c       0xe0 ./Middlewares/Third_Party/FreeRTOS/Source/tasks.o
 .text.vTaskDelay
                0x08007e2c       0x6c ./Middlewares/Third_Party/FreeRTOS/Source/tasks.o
                0x08007e2c                vTaskDelay
 .text.vTaskStartScheduler
                0x08007e98       0xe0 ./Middlewares/Third_Party/FreeRTOS/Source/tasks.o
                0x08007e98                vTaskStartScheduler
 .text.vTaskSuspendAll
                0x08007f78       0x1c ./Middlewares/Third_Party/FreeRTOS/Source/tasks.o
                0x08007f78                vTaskSuspendAll
 .text.xTaskResumeAll
                0x08007f94      0x13c ./Middlewares/Third_Party/FreeRTOS/Source/tasks.o
                0x08007f94                xTaskResumeAll
 .text.xTaskGetTickCount
                0x080080d0       0x1c ./Middlewares/Third_Party/FreeRTOS/Source/tasks.o
                0x080080d0                xTaskGetTickCount
 .text.xTaskIncrementTick
                0x080080ec      0x174 ./Middlewares/Third_Party/FreeRTOS/Source/tasks.o
                0x080080ec                xTaskIncrementTick
 .text.vTaskSwitchContext
                0x08008260       0xc8 ./Middlewares/Third_Party/FreeRTOS/Source/tasks.o
                0x08008260                vTaskSwitchContext
 .text.vTaskPlaceOnEventList
                0x08008328       0x4c ./Middlewares/Third_Party/FreeRTOS/Source/tasks.o
                0x08008328                vTaskPlaceOnEventList
 .text.vTaskPlaceOnEventListRestricted
                0x08008374       0x58 ./Middlewares/Third_Party/FreeRTOS/Source/tasks.o
                0x08008374                vTaskPlaceOnEventListRestricted
 .text.xTaskRemoveFromEventList
                0x080083cc       0xc8 ./Middlewares/Third_Party/FreeRTOS/Source/tasks.o
                0x080083cc                xTaskRemoveFromEventList
 .text.vTaskInternalSetTimeOutState
                0x08008494       0x2c ./Middlewares/Third_Party/FreeRTOS/Source/tasks.o
                0x08008494                vTaskInternalSetTimeOutState
 .text.xTaskCheckForTimeOut
                0x080084c0       0xc8 ./Middlewares/Third_Party/FreeRTOS/Source/tasks.o
                0x080084c0                xTaskCheckForTimeOut
 .text.vTaskMissedYield
                0x08008588       0x18 ./Middlewares/Third_Party/FreeRTOS/Source/tasks.o
                0x08008588                vTaskMissedYield
 .text.prvIdleTask
                0x080085a0       0x30 ./Middlewares/Third_Party/FreeRTOS/Source/tasks.o
 .text.prvInitialiseTaskLists
                0x080085d0       0x80 ./Middlewares/Third_Party/FreeRTOS/Source/tasks.o
 .text.prvCheckTasksWaitingTermination
                0x08008650       0x5c ./Middlewares/Third_Party/FreeRTOS/Source/tasks.o
 .text.prvDeleteTCB
                0x080086ac       0x6a ./Middlewares/Third_Party/FreeRTOS/Source/tasks.o
 *fill*         0x08008716        0x2 
 .text.prvResetNextTaskUnblockTime
                0x08008718       0x40 ./Middlewares/Third_Party/FreeRTOS/Source/tasks.o
 .text.xTaskGetSchedulerState
                0x08008758       0x3c ./Middlewares/Third_Party/FreeRTOS/Source/tasks.o
                0x08008758                xTaskGetSchedulerState
 .text.xTaskPriorityInherit
                0x08008794       0xd0 ./Middlewares/Third_Party/FreeRTOS/Source/tasks.o
                0x08008794                xTaskPriorityInherit
 .text.xTaskPriorityDisinherit
                0x08008864       0xe0 ./Middlewares/Third_Party/FreeRTOS/Source/tasks.o
                0x08008864                xTaskPriorityDisinherit
 .text.vTaskPriorityDisinheritAfterTimeout
                0x08008944      0x108 ./Middlewares/Third_Party/FreeRTOS/Source/tasks.o
                0x08008944                vTaskPriorityDisinheritAfterTimeout
 .text.pvTaskIncrementMutexHeldCount
                0x08008a4c       0x28 ./Middlewares/Third_Party/FreeRTOS/Source/tasks.o
                0x08008a4c                pvTaskIncrementMutexHeldCount
 .text.prvAddCurrentTaskToDelayedList
                0x08008a74       0xa8 ./Middlewares/Third_Party/FreeRTOS/Source/tasks.o
 .text.xTimerCreateTimerTask
                0x08008b1c       0x94 ./Middlewares/Third_Party/FreeRTOS/Source/timers.o
                0x08008b1c                xTimerCreateTimerTask
 .text.xTimerGenericCommand
                0x08008bb0       0x9c ./Middlewares/Third_Party/FreeRTOS/Source/timers.o
                0x08008bb0                xTimerGenericCommand
 .text.prvProcessExpiredTimer
                0x08008c4c       0x9c ./Middlewares/Third_Party/FreeRTOS/Source/timers.o
 .text.prvTimerTask
                0x08008ce8       0x26 ./Middlewares/Third_Party/FreeRTOS/Source/timers.o
 *fill*         0x08008d0e        0x2 
 .text.prvProcessTimerOrBlockTask
                0x08008d10       0x9c ./Middlewares/Third_Party/FreeRTOS/Source/timers.o
 .text.prvGetNextExpireTime
                0x08008dac       0x44 ./Middlewares/Third_Party/FreeRTOS/Source/timers.o
 .text.prvSampleTimeNow
                0x08008df0       0x40 ./Middlewares/Third_Party/FreeRTOS/Source/timers.o
 .text.prvInsertTimerInActiveList
                0x08008e30       0x84 ./Middlewares/Third_Party/FreeRTOS/Source/timers.o
 .text.prvProcessReceivedCommands
                0x08008eb4      0x1cc ./Middlewares/Third_Party/FreeRTOS/Source/timers.o
 .text.prvSwitchTimerLists
                0x08009080       0xcc ./Middlewares/Third_Party/FreeRTOS/Source/timers.o
 .text.prvCheckForValidListAndQueue
                0x0800914c       0x80 ./Middlewares/Third_Party/FreeRTOS/Source/timers.o
 .text.pxPortInitialiseStack
                0x080091cc       0x58 ./Middlewares/Third_Party/FreeRTOS/Source/portable/GCC/ARM_CM3/port.o
                0x080091cc                pxPortInitialiseStack
 .text.prvTaskExitError
                0x08009224       0x58 ./Middlewares/Third_Party/FreeRTOS/Source/portable/GCC/ARM_CM3/port.o
 *fill*         0x0800927c        0x4 
 .text.SVC_Handler
                0x08009280       0x28 ./Middlewares/Third_Party/FreeRTOS/Source/portable/GCC/ARM_CM3/port.o
                0x08009280                SVC_Handler
 .text.prvPortStartFirstTask
                0x080092a8       0x20 ./Middlewares/Third_Party/FreeRTOS/Source/portable/GCC/ARM_CM3/port.o
 .text.xPortStartScheduler
                0x080092c8       0xe4 ./Middlewares/Third_Party/FreeRTOS/Source/portable/GCC/ARM_CM3/port.o
                0x080092c8                xPortStartScheduler
 .text.vPortEnterCritical
                0x080093ac       0x60 ./Middlewares/Third_Party/FreeRTOS/Source/portable/GCC/ARM_CM3/port.o
                0x080093ac                vPortEnterCritical
 .text.vPortExitCritical
                0x0800940c       0x54 ./Middlewares/Third_Party/FreeRTOS/Source/portable/GCC/ARM_CM3/port.o
                0x0800940c                vPortExitCritical
 .text.PendSV_Handler
                0x08009460       0x48 ./Middlewares/Third_Party/FreeRTOS/Source/portable/GCC/ARM_CM3/port.o
                0x08009460                PendSV_Handler
 .text.xPortSysTickHandler
                0x080094a8       0x44 ./Middlewares/Third_Party/FreeRTOS/Source/portable/GCC/ARM_CM3/port.o
                0x080094a8                xPortSysTickHandler
 .text.vPortSetupTimerInterrupt
                0x080094ec       0x44 ./Middlewares/Third_Party/FreeRTOS/Source/portable/GCC/ARM_CM3/port.o
                0x080094ec                vPortSetupTimerInterrupt
 .text.vPortValidateInterruptPriority
                0x08009530       0x80 ./Middlewares/Third_Party/FreeRTOS/Source/portable/GCC/ARM_CM3/port.o
                0x08009530                vPortValidateInterruptPriority
 .text.pvPortMalloc
                0x080095b0      0x19c ./Middlewares/Third_Party/FreeRTOS/Source/portable/MemMang/heap_4.o
                0x080095b0                pvPortMalloc
 .text.vPortFree
                0x0800974c       0xc8 ./Middlewares/Third_Party/FreeRTOS/Source/portable/MemMang/heap_4.o
                0x0800974c                vPortFree
 .text.prvHeapInit
                0x08009814       0xc4 ./Middlewares/Third_Party/FreeRTOS/Source/portable/MemMang/heap_4.o
 .text.prvInsertBlockIntoFreeList
                0x080098d8       0xb0 ./Middlewares/Third_Party/FreeRTOS/Source/portable/MemMang/heap_4.o
 .text.__assert_func
                0x08009988       0x3c C:/ST/STM32CubeIDE_1.19.0/STM32CubeIDE/plugins/com.st.stm32cube.ide.mcu.externaltools.gnu-tools-for-stm32.13.3.rel1.win32_1.0.0.202411081344/tools/bin/../lib/gcc/arm-none-eabi/13.3.1/../../../../arm-none-eabi/lib/thumb/v7-m/nofp\libc_nano.a(libc_a-assert.o)
                0x08009988                __assert_func
 .text.calloc   0x080099c4       0x10 C:/ST/STM32CubeIDE_1.19.0/STM32CubeIDE/plugins/com.st.stm32cube.ide.mcu.externaltools.gnu-tools-for-stm32.13.3.rel1.win32_1.0.0.202411081344/tools/bin/../lib/gcc/arm-none-eabi/13.3.1/../../../../arm-none-eabi/lib/thumb/v7-m/nofp\libc_nano.a(libc_a-calloc.o)
                0x080099c4                calloc
 .text._calloc_r
                0x080099d4       0x28 C:/ST/STM32CubeIDE_1.19.0/STM32CubeIDE/plugins/com.st.stm32cube.ide.mcu.externaltools.gnu-tools-for-stm32.13.3.rel1.win32_1.0.0.202411081344/tools/bin/../lib/gcc/arm-none-eabi/13.3.1/../../../../arm-none-eabi/lib/thumb/v7-m/nofp\libc_nano.a(libc_a-callocr.o)
                0x080099d4                _calloc_r
 .text.malloc   0x080099fc       0x10 C:/ST/STM32CubeIDE_1.19.0/STM32CubeIDE/plugins/com.st.stm32cube.ide.mcu.externaltools.gnu-tools-for-stm32.13.3.rel1.win32_1.0.0.202411081344/tools/bin/../lib/gcc/arm-none-eabi/13.3.1/../../../../arm-none-eabi/lib/thumb/v7-m/nofp\libc_nano.a(libc_a-malloc.o)
                0x080099fc                malloc
 .text.sbrk_aligned
                0x08009a0c       0x44 C:/ST/STM32CubeIDE_1.19.0/STM32CubeIDE/plugins/com.st.stm32cube.ide.mcu.externaltools.gnu-tools-for-stm32.13.3.rel1.win32_1.0.0.202411081344/tools/bin/../lib/gcc/arm-none-eabi/13.3.1/../../../../arm-none-eabi/lib/thumb/v7-m/nofp\libc_nano.a(libc_a-mallocr.o)
 .text._malloc_r
                0x08009a50      0x100 C:/ST/STM32CubeIDE_1.19.0/STM32CubeIDE/plugins/com.st.stm32cube.ide.mcu.externaltools.gnu-tools-for-stm32.13.3.rel1.win32_1.0.0.202411081344/tools/bin/../lib/gcc/arm-none-eabi/13.3.1/../../../../arm-none-eabi/lib/thumb/v7-m/nofp\libc_nano.a(libc_a-mallocr.o)
                0x08009a50                _malloc_r
 .text.__malloc_lock
                0x08009b50        0xc C:/ST/STM32CubeIDE_1.19.0/STM32CubeIDE/plugins/com.st.stm32cube.ide.mcu.externaltools.gnu-tools-for-stm32.13.3.rel1.win32_1.0.0.202411081344/tools/bin/../lib/gcc/arm-none-eabi/13.3.1/../../../../arm-none-eabi/lib/thumb/v7-m/nofp\libc_nano.a(libc_a-mlock.o)
                0x08009b50                __malloc_lock
 .text.__malloc_unlock
                0x08009b5c        0xc C:/ST/STM32CubeIDE_1.19.0/STM32CubeIDE/plugins/com.st.stm32cube.ide.mcu.externaltools.gnu-tools-for-stm32.13.3.rel1.win32_1.0.0.202411081344/tools/bin/../lib/gcc/arm-none-eabi/13.3.1/../../../../arm-none-eabi/lib/thumb/v7-m/nofp\libc_nano.a(libc_a-mlock.o)
                0x08009b5c                __malloc_unlock
 .text.__cvt    0x08009b68       0xc8 C:/ST/STM32CubeIDE_1.19.0/STM32CubeIDE/plugins/com.st.stm32cube.ide.mcu.externaltools.gnu-tools-for-stm32.13.3.rel1.win32_1.0.0.202411081344/tools/bin/../lib/gcc/arm-none-eabi/13.3.1/../../../../arm-none-eabi/lib/thumb/v7-m/nofp\libc_nano.a(libc_a-nano-vfprintf_float.o)
                0x08009b68                __cvt
 .text.__exponent
                0x08009c30       0x74 C:/ST/STM32CubeIDE_1.19.0/STM32CubeIDE/plugins/com.st.stm32cube.ide.mcu.externaltools.gnu-tools-for-stm32.13.3.rel1.win32_1.0.0.202411081344/tools/bin/../lib/gcc/arm-none-eabi/13.3.1/../../../../arm-none-eabi/lib/thumb/v7-m/nofp\libc_nano.a(libc_a-nano-vfprintf_float.o)
                0x08009c30                __exponent
 .text._printf_float
                0x08009ca4      0x458 C:/ST/STM32CubeIDE_1.19.0/STM32CubeIDE/plugins/com.st.stm32cube.ide.mcu.externaltools.gnu-tools-for-stm32.13.3.rel1.win32_1.0.0.202411081344/tools/bin/../lib/gcc/arm-none-eabi/13.3.1/../../../../arm-none-eabi/lib/thumb/v7-m/nofp\libc_nano.a(libc_a-nano-vfprintf_float.o)
                0x08009ca4                _printf_float
 .text._printf_common
                0x0800a0fc       0xe4 C:/ST/STM32CubeIDE_1.19.0/STM32CubeIDE/plugins/com.st.stm32cube.ide.mcu.externaltools.gnu-tools-for-stm32.13.3.rel1.win32_1.0.0.202411081344/tools/bin/../lib/gcc/arm-none-eabi/13.3.1/../../../../arm-none-eabi/lib/thumb/v7-m/nofp\libc_nano.a(libc_a-nano-vfprintf_i.o)
                0x0800a0fc                _printf_common
 .text._printf_i
                0x0800a1e0      0x23c C:/ST/STM32CubeIDE_1.19.0/STM32CubeIDE/plugins/com.st.stm32cube.ide.mcu.externaltools.gnu-tools-for-stm32.13.3.rel1.win32_1.0.0.202411081344/tools/bin/../lib/gcc/arm-none-eabi/13.3.1/../../../../arm-none-eabi/lib/thumb/v7-m/nofp\libc_nano.a(libc_a-nano-vfprintf_i.o)
                0x0800a1e0                _printf_i
 .text.std      0x0800a41c       0x6c C:/ST/STM32CubeIDE_1.19.0/STM32CubeIDE/plugins/com.st.stm32cube.ide.mcu.externaltools.gnu-tools-for-stm32.13.3.rel1.win32_1.0.0.202411081344/tools/bin/../lib/gcc/arm-none-eabi/13.3.1/../../../../arm-none-eabi/lib/thumb/v7-m/nofp\libc_nano.a(libc_a-findfp.o)
 .text.stdio_exit_handler
                0x0800a488       0x18 C:/ST/STM32CubeIDE_1.19.0/STM32CubeIDE/plugins/com.st.stm32cube.ide.mcu.externaltools.gnu-tools-for-stm32.13.3.rel1.win32_1.0.0.202411081344/tools/bin/../lib/gcc/arm-none-eabi/13.3.1/../../../../arm-none-eabi/lib/thumb/v7-m/nofp\libc_nano.a(libc_a-findfp.o)
 .text.cleanup_stdio
                0x0800a4a0       0x40 C:/ST/STM32CubeIDE_1.19.0/STM32CubeIDE/plugins/com.st.stm32cube.ide.mcu.externaltools.gnu-tools-for-stm32.13.3.rel1.win32_1.0.0.202411081344/tools/bin/../lib/gcc/arm-none-eabi/13.3.1/../../../../arm-none-eabi/lib/thumb/v7-m/nofp\libc_nano.a(libc_a-findfp.o)
 .text.global_stdio_init.part.0
                0x0800a4e0       0x3c C:/ST/STM32CubeIDE_1.19.0/STM32CubeIDE/plugins/com.st.stm32cube.ide.mcu.externaltools.gnu-tools-for-stm32.13.3.rel1.win32_1.0.0.202411081344/tools/bin/../lib/gcc/arm-none-eabi/13.3.1/../../../../arm-none-eabi/lib/thumb/v7-m/nofp\libc_nano.a(libc_a-findfp.o)
 .text.__sfp_lock_acquire
                0x0800a51c        0xc C:/ST/STM32CubeIDE_1.19.0/STM32CubeIDE/plugins/com.st.stm32cube.ide.mcu.externaltools.gnu-tools-for-stm32.13.3.rel1.win32_1.0.0.202411081344/tools/bin/../lib/gcc/arm-none-eabi/13.3.1/../../../../arm-none-eabi/lib/thumb/v7-m/nofp\libc_nano.a(libc_a-findfp.o)
                0x0800a51c                __sfp_lock_acquire
 .text.__sfp_lock_release
                0x0800a528        0xc C:/ST/STM32CubeIDE_1.19.0/STM32CubeIDE/plugins/com.st.stm32cube.ide.mcu.externaltools.gnu-tools-for-stm32.13.3.rel1.win32_1.0.0.202411081344/tools/bin/../lib/gcc/arm-none-eabi/13.3.1/../../../../arm-none-eabi/lib/thumb/v7-m/nofp\libc_nano.a(libc_a-findfp.o)
                0x0800a528                __sfp_lock_release
 .text.__sinit  0x0800a534       0x30 C:/ST/STM32CubeIDE_1.19.0/STM32CubeIDE/plugins/com.st.stm32cube.ide.mcu.externaltools.gnu-tools-for-stm32.13.3.rel1.win32_1.0.0.202411081344/tools/bin/../lib/gcc/arm-none-eabi/13.3.1/../../../../arm-none-eabi/lib/thumb/v7-m/nofp\libc_nano.a(libc_a-findfp.o)
                0x0800a534                __sinit
 .text.fprintf  0x0800a564       0x24 C:/ST/STM32CubeIDE_1.19.0/STM32CubeIDE/plugins/com.st.stm32cube.ide.mcu.externaltools.gnu-tools-for-stm32.13.3.rel1.win32_1.0.0.202411081344/tools/bin/../lib/gcc/arm-none-eabi/13.3.1/../../../../arm-none-eabi/lib/thumb/v7-m/nofp\libc_nano.a(libc_a-fprintf.o)
                0x0800a564                fiprintf
                0x0800a564                fprintf
 .text._fwalk_sglue
                0x0800a588       0x3c C:/ST/STM32CubeIDE_1.19.0/STM32CubeIDE/plugins/com.st.stm32cube.ide.mcu.externaltools.gnu-tools-for-stm32.13.3.rel1.win32_1.0.0.202411081344/tools/bin/../lib/gcc/arm-none-eabi/13.3.1/../../../../arm-none-eabi/lib/thumb/v7-m/nofp\libc_nano.a(libc_a-fwalk.o)
                0x0800a588                _fwalk_sglue
 .text.printf   0x0800a5c4       0x24 C:/ST/STM32CubeIDE_1.19.0/STM32CubeIDE/plugins/com.st.stm32cube.ide.mcu.externaltools.gnu-tools-for-stm32.13.3.rel1.win32_1.0.0.202411081344/tools/bin/../lib/gcc/arm-none-eabi/13.3.1/../../../../arm-none-eabi/lib/thumb/v7-m/nofp\libc_nano.a(libc_a-printf.o)
                0x0800a5c4                iprintf
                0x0800a5c4                printf
 .text.snprintf
                0x0800a5e8       0x6c C:/ST/STM32CubeIDE_1.19.0/STM32CubeIDE/plugins/com.st.stm32cube.ide.mcu.externaltools.gnu-tools-for-stm32.13.3.rel1.win32_1.0.0.202411081344/tools/bin/../lib/gcc/arm-none-eabi/13.3.1/../../../../arm-none-eabi/lib/thumb/v7-m/nofp\libc_nano.a(libc_a-snprintf.o)
                0x0800a5e8                sniprintf
                0x0800a5e8                snprintf
 .text.sprintf  0x0800a654       0x44 C:/ST/STM32CubeIDE_1.19.0/STM32CubeIDE/plugins/com.st.stm32cube.ide.mcu.externaltools.gnu-tools-for-stm32.13.3.rel1.win32_1.0.0.202411081344/tools/bin/../lib/gcc/arm-none-eabi/13.3.1/../../../../arm-none-eabi/lib/thumb/v7-m/nofp\libc_nano.a(libc_a-sprintf.o)
                0x0800a654                siprintf
                0x0800a654                sprintf
 .text.__sread  0x0800a698       0x22 C:/ST/STM32CubeIDE_1.19.0/STM32CubeIDE/plugins/com.st.stm32cube.ide.mcu.externaltools.gnu-tools-for-stm32.13.3.rel1.win32_1.0.0.202411081344/tools/bin/../lib/gcc/arm-none-eabi/13.3.1/../../../../arm-none-eabi/lib/thumb/v7-m/nofp\libc_nano.a(libc_a-stdio.o)
                0x0800a698                __sread
 .text.__swrite
                0x0800a6ba       0x38 C:/ST/STM32CubeIDE_1.19.0/STM32CubeIDE/plugins/com.st.stm32cube.ide.mcu.externaltools.gnu-tools-for-stm32.13.3.rel1.win32_1.0.0.202411081344/tools/bin/../lib/gcc/arm-none-eabi/13.3.1/../../../../arm-none-eabi/lib/thumb/v7-m/nofp\libc_nano.a(libc_a-stdio.o)
                0x0800a6ba                __swrite
 .text.__sseek  0x0800a6f2       0x24 C:/ST/STM32CubeIDE_1.19.0/STM32CubeIDE/plugins/com.st.stm32cube.ide.mcu.externaltools.gnu-tools-for-stm32.13.3.rel1.win32_1.0.0.202411081344/tools/bin/../lib/gcc/arm-none-eabi/13.3.1/../../../../arm-none-eabi/lib/thumb/v7-m/nofp\libc_nano.a(libc_a-stdio.o)
                0x0800a6f2                __sseek
 .text.__sclose
                0x0800a716        0x8 C:/ST/STM32CubeIDE_1.19.0/STM32CubeIDE/plugins/com.st.stm32cube.ide.mcu.externaltools.gnu-tools-for-stm32.13.3.rel1.win32_1.0.0.202411081344/tools/bin/../lib/gcc/arm-none-eabi/13.3.1/../../../../arm-none-eabi/lib/thumb/v7-m/nofp\libc_nano.a(libc_a-stdio.o)
                0x0800a716                __sclose
 .text.memset   0x0800a71e       0x10 C:/ST/STM32CubeIDE_1.19.0/STM32CubeIDE/plugins/com.st.stm32cube.ide.mcu.externaltools.gnu-tools-for-stm32.13.3.rel1.win32_1.0.0.202411081344/tools/bin/../lib/gcc/arm-none-eabi/13.3.1/../../../../arm-none-eabi/lib/thumb/v7-m/nofp\libc_nano.a(libc_a-memset.o)
                0x0800a71e                memset
 *fill*         0x0800a72e        0x2 
 .text._localeconv_r
                0x0800a730        0x8 C:/ST/STM32CubeIDE_1.19.0/STM32CubeIDE/plugins/com.st.stm32cube.ide.mcu.externaltools.gnu-tools-for-stm32.13.3.rel1.win32_1.0.0.202411081344/tools/bin/../lib/gcc/arm-none-eabi/13.3.1/../../../../arm-none-eabi/lib/thumb/v7-m/nofp\libc_nano.a(libc_a-localeconv.o)
                0x0800a730                _localeconv_r
 .text._close_r
                0x0800a738       0x20 C:/ST/STM32CubeIDE_1.19.0/STM32CubeIDE/plugins/com.st.stm32cube.ide.mcu.externaltools.gnu-tools-for-stm32.13.3.rel1.win32_1.0.0.202411081344/tools/bin/../lib/gcc/arm-none-eabi/13.3.1/../../../../arm-none-eabi/lib/thumb/v7-m/nofp\libc_nano.a(libc_a-closer.o)
                0x0800a738                _close_r
 .text._reclaim_reent
                0x0800a758       0xbc C:/ST/STM32CubeIDE_1.19.0/STM32CubeIDE/plugins/com.st.stm32cube.ide.mcu.externaltools.gnu-tools-for-stm32.13.3.rel1.win32_1.0.0.202411081344/tools/bin/../lib/gcc/arm-none-eabi/13.3.1/../../../../arm-none-eabi/lib/thumb/v7-m/nofp\libc_nano.a(libc_a-reent.o)
                0x0800a758                _reclaim_reent
 .text._lseek_r
                0x0800a814       0x24 C:/ST/STM32CubeIDE_1.19.0/STM32CubeIDE/plugins/com.st.stm32cube.ide.mcu.externaltools.gnu-tools-for-stm32.13.3.rel1.win32_1.0.0.202411081344/tools/bin/../lib/gcc/arm-none-eabi/13.3.1/../../../../arm-none-eabi/lib/thumb/v7-m/nofp\libc_nano.a(libc_a-lseekr.o)
                0x0800a814                _lseek_r
 .text._read_r  0x0800a838       0x24 C:/ST/STM32CubeIDE_1.19.0/STM32CubeIDE/plugins/com.st.stm32cube.ide.mcu.externaltools.gnu-tools-for-stm32.13.3.rel1.win32_1.0.0.202411081344/tools/bin/../lib/gcc/arm-none-eabi/13.3.1/../../../../arm-none-eabi/lib/thumb/v7-m/nofp\libc_nano.a(libc_a-readr.o)
                0x0800a838                _read_r
 .text._sbrk_r  0x0800a85c       0x20 C:/ST/STM32CubeIDE_1.19.0/STM32CubeIDE/plugins/com.st.stm32cube.ide.mcu.externaltools.gnu-tools-for-stm32.13.3.rel1.win32_1.0.0.202411081344/tools/bin/../lib/gcc/arm-none-eabi/13.3.1/../../../../arm-none-eabi/lib/thumb/v7-m/nofp\libc_nano.a(libc_a-sbrkr.o)
                0x0800a85c                _sbrk_r
 .text._write_r
                0x0800a87c       0x24 C:/ST/STM32CubeIDE_1.19.0/STM32CubeIDE/plugins/com.st.stm32cube.ide.mcu.externaltools.gnu-tools-for-stm32.13.3.rel1.win32_1.0.0.202411081344/tools/bin/../lib/gcc/arm-none-eabi/13.3.1/../../../../arm-none-eabi/lib/thumb/v7-m/nofp\libc_nano.a(libc_a-writer.o)
                0x0800a87c                _write_r
 .text.__errno  0x0800a8a0        0xc C:/ST/STM32CubeIDE_1.19.0/STM32CubeIDE/plugins/com.st.stm32cube.ide.mcu.externaltools.gnu-tools-for-stm32.13.3.rel1.win32_1.0.0.202411081344/tools/bin/../lib/gcc/arm-none-eabi/13.3.1/../../../../arm-none-eabi/lib/thumb/v7-m/nofp\libc_nano.a(libc_a-errno.o)
                0x0800a8a0                __errno
 .text.__libc_init_array
                0x0800a8ac       0x48 C:/ST/STM32CubeIDE_1.19.0/STM32CubeIDE/plugins/com.st.stm32cube.ide.mcu.externaltools.gnu-tools-for-stm32.13.3.rel1.win32_1.0.0.202411081344/tools/bin/../lib/gcc/arm-none-eabi/13.3.1/../../../../arm-none-eabi/lib/thumb/v7-m/nofp\libc_nano.a(libc_a-init.o)
                0x0800a8ac                __libc_init_array
 .text.__retarget_lock_init_recursive
                0x0800a8f4        0x2 C:/ST/STM32CubeIDE_1.19.0/STM32CubeIDE/plugins/com.st.stm32cube.ide.mcu.externaltools.gnu-tools-for-stm32.13.3.rel1.win32_1.0.0.202411081344/tools/bin/../lib/gcc/arm-none-eabi/13.3.1/../../../../arm-none-eabi/lib/thumb/v7-m/nofp\libc_nano.a(libc_a-lock.o)
                0x0800a8f4                __retarget_lock_init_recursive
 .text.__retarget_lock_acquire_recursive
                0x0800a8f6        0x2 C:/ST/STM32CubeIDE_1.19.0/STM32CubeIDE/plugins/com.st.stm32cube.ide.mcu.externaltools.gnu-tools-for-stm32.13.3.rel1.win32_1.0.0.202411081344/tools/bin/../lib/gcc/arm-none-eabi/13.3.1/../../../../arm-none-eabi/lib/thumb/v7-m/nofp\libc_nano.a(libc_a-lock.o)
                0x0800a8f6                __retarget_lock_acquire_recursive
 .text.__retarget_lock_release_recursive
                0x0800a8f8        0x2 C:/ST/STM32CubeIDE_1.19.0/STM32CubeIDE/plugins/com.st.stm32cube.ide.mcu.externaltools.gnu-tools-for-stm32.13.3.rel1.win32_1.0.0.202411081344/tools/bin/../lib/gcc/arm-none-eabi/13.3.1/../../../../arm-none-eabi/lib/thumb/v7-m/nofp\libc_nano.a(libc_a-lock.o)
                0x0800a8f8                __retarget_lock_release_recursive
 .text.memchr   0x0800a8fa       0x1c C:/ST/STM32CubeIDE_1.19.0/STM32CubeIDE/plugins/com.st.stm32cube.ide.mcu.externaltools.gnu-tools-for-stm32.13.3.rel1.win32_1.0.0.202411081344/tools/bin/../lib/gcc/arm-none-eabi/13.3.1/../../../../arm-none-eabi/lib/thumb/v7-m/nofp\libc_nano.a(libc_a-memchr-stub.o)
                0x0800a8fa                memchr
 .text.memcpy   0x0800a916       0x1c C:/ST/STM32CubeIDE_1.19.0/STM32CubeIDE/plugins/com.st.stm32cube.ide.mcu.externaltools.gnu-tools-for-stm32.13.3.rel1.win32_1.0.0.202411081344/tools/bin/../lib/gcc/arm-none-eabi/13.3.1/../../../../arm-none-eabi/lib/thumb/v7-m/nofp\libc_nano.a(libc_a-memcpy-stub.o)
                0x0800a916                memcpy
 .text.abort    0x0800a932        0xe C:/ST/STM32CubeIDE_1.19.0/STM32CubeIDE/plugins/com.st.stm32cube.ide.mcu.externaltools.gnu-tools-for-stm32.13.3.rel1.win32_1.0.0.202411081344/tools/bin/../lib/gcc/arm-none-eabi/13.3.1/../../../../arm-none-eabi/lib/thumb/v7-m/nofp\libc_nano.a(libc_a-abort.o)
                0x0800a932                abort
 .text.quorem   0x0800a940      0x110 C:/ST/STM32CubeIDE_1.19.0/STM32CubeIDE/plugins/com.st.stm32cube.ide.mcu.externaltools.gnu-tools-for-stm32.13.3.rel1.win32_1.0.0.202411081344/tools/bin/../lib/gcc/arm-none-eabi/13.3.1/../../../../arm-none-eabi/lib/thumb/v7-m/nofp\libc_nano.a(libc_a-dtoa.o)
 .text._dtoa_r  0x0800aa50      0xba8 C:/ST/STM32CubeIDE_1.19.0/STM32CubeIDE/plugins/com.st.stm32cube.ide.mcu.externaltools.gnu-tools-for-stm32.13.3.rel1.win32_1.0.0.202411081344/tools/bin/../lib/gcc/arm-none-eabi/13.3.1/../../../../arm-none-eabi/lib/thumb/v7-m/nofp\libc_nano.a(libc_a-dtoa.o)
                0x0800aa50                _dtoa_r
 .text._free_r  0x0800b5f8       0x90 C:/ST/STM32CubeIDE_1.19.0/STM32CubeIDE/plugins/com.st.stm32cube.ide.mcu.externaltools.gnu-tools-for-stm32.13.3.rel1.win32_1.0.0.202411081344/tools/bin/../lib/gcc/arm-none-eabi/13.3.1/../../../../arm-none-eabi/lib/thumb/v7-m/nofp\libc_nano.a(libc_a-freer.o)
                0x0800b5f8                _free_r
 .text._Balloc  0x0800b688       0x80 C:/ST/STM32CubeIDE_1.19.0/STM32CubeIDE/plugins/com.st.stm32cube.ide.mcu.externaltools.gnu-tools-for-stm32.13.3.rel1.win32_1.0.0.202411081344/tools/bin/../lib/gcc/arm-none-eabi/13.3.1/../../../../arm-none-eabi/lib/thumb/v7-m/nofp\libc_nano.a(libc_a-mprec.o)
                0x0800b688                _Balloc
 .text._Bfree   0x0800b708       0x44 C:/ST/STM32CubeIDE_1.19.0/STM32CubeIDE/plugins/com.st.stm32cube.ide.mcu.externaltools.gnu-tools-for-stm32.13.3.rel1.win32_1.0.0.202411081344/tools/bin/../lib/gcc/arm-none-eabi/13.3.1/../../../../arm-none-eabi/lib/thumb/v7-m/nofp\libc_nano.a(libc_a-mprec.o)
                0x0800b708                _Bfree
 .text.__multadd
                0x0800b74c       0x8c C:/ST/STM32CubeIDE_1.19.0/STM32CubeIDE/plugins/com.st.stm32cube.ide.mcu.externaltools.gnu-tools-for-stm32.13.3.rel1.win32_1.0.0.202411081344/tools/bin/../lib/gcc/arm-none-eabi/13.3.1/../../../../arm-none-eabi/lib/thumb/v7-m/nofp\libc_nano.a(libc_a-mprec.o)
                0x0800b74c                __multadd
 .text.__hi0bits
                0x0800b7d8       0x3e C:/ST/STM32CubeIDE_1.19.0/STM32CubeIDE/plugins/com.st.stm32cube.ide.mcu.externaltools.gnu-tools-for-stm32.13.3.rel1.win32_1.0.0.202411081344/tools/bin/../lib/gcc/arm-none-eabi/13.3.1/../../../../arm-none-eabi/lib/thumb/v7-m/nofp\libc_nano.a(libc_a-mprec.o)
                0x0800b7d8                __hi0bits
 .text.__lo0bits
                0x0800b816       0x5a C:/ST/STM32CubeIDE_1.19.0/STM32CubeIDE/plugins/com.st.stm32cube.ide.mcu.externaltools.gnu-tools-for-stm32.13.3.rel1.win32_1.0.0.202411081344/tools/bin/../lib/gcc/arm-none-eabi/13.3.1/../../../../arm-none-eabi/lib/thumb/v7-m/nofp\libc_nano.a(libc_a-mprec.o)
                0x0800b816                __lo0bits
 .text.__i2b    0x0800b870       0x2c C:/ST/STM32CubeIDE_1.19.0/STM32CubeIDE/plugins/com.st.stm32cube.ide.mcu.externaltools.gnu-tools-for-stm32.13.3.rel1.win32_1.0.0.202411081344/tools/bin/../lib/gcc/arm-none-eabi/13.3.1/../../../../arm-none-eabi/lib/thumb/v7-m/nofp\libc_nano.a(libc_a-mprec.o)
                0x0800b870                __i2b
 .text.__multiply
                0x0800b89c      0x144 C:/ST/STM32CubeIDE_1.19.0/STM32CubeIDE/plugins/com.st.stm32cube.ide.mcu.externaltools.gnu-tools-for-stm32.13.3.rel1.win32_1.0.0.202411081344/tools/bin/../lib/gcc/arm-none-eabi/13.3.1/../../../../arm-none-eabi/lib/thumb/v7-m/nofp\libc_nano.a(libc_a-mprec.o)
                0x0800b89c                __multiply
 .text.__pow5mult
                0x0800b9e0       0xb4 C:/ST/STM32CubeIDE_1.19.0/STM32CubeIDE/plugins/com.st.stm32cube.ide.mcu.externaltools.gnu-tools-for-stm32.13.3.rel1.win32_1.0.0.202411081344/tools/bin/../lib/gcc/arm-none-eabi/13.3.1/../../../../arm-none-eabi/lib/thumb/v7-m/nofp\libc_nano.a(libc_a-mprec.o)
                0x0800b9e0                __pow5mult
 .text.__lshift
                0x0800ba94       0xd8 C:/ST/STM32CubeIDE_1.19.0/STM32CubeIDE/plugins/com.st.stm32cube.ide.mcu.externaltools.gnu-tools-for-stm32.13.3.rel1.win32_1.0.0.202411081344/tools/bin/../lib/gcc/arm-none-eabi/13.3.1/../../../../arm-none-eabi/lib/thumb/v7-m/nofp\libc_nano.a(libc_a-mprec.o)
                0x0800ba94                __lshift
 .text.__mcmp   0x0800bb6c       0x36 C:/ST/STM32CubeIDE_1.19.0/STM32CubeIDE/plugins/com.st.stm32cube.ide.mcu.externaltools.gnu-tools-for-stm32.13.3.rel1.win32_1.0.0.202411081344/tools/bin/../lib/gcc/arm-none-eabi/13.3.1/../../../../arm-none-eabi/lib/thumb/v7-m/nofp\libc_nano.a(libc_a-mprec.o)
                0x0800bb6c                __mcmp
 *fill*         0x0800bba2        0x2 
 .text.__mdiff  0x0800bba4      0x128 C:/ST/STM32CubeIDE_1.19.0/STM32CubeIDE/plugins/com.st.stm32cube.ide.mcu.externaltools.gnu-tools-for-stm32.13.3.rel1.win32_1.0.0.202411081344/tools/bin/../lib/gcc/arm-none-eabi/13.3.1/../../../../arm-none-eabi/lib/thumb/v7-m/nofp\libc_nano.a(libc_a-mprec.o)
                0x0800bba4                __mdiff
 .text.__d2b    0x0800bccc       0xb0 C:/ST/STM32CubeIDE_1.19.0/STM32CubeIDE/plugins/com.st.stm32cube.ide.mcu.externaltools.gnu-tools-for-stm32.13.3.rel1.win32_1.0.0.202411081344/tools/bin/../lib/gcc/arm-none-eabi/13.3.1/../../../../arm-none-eabi/lib/thumb/v7-m/nofp\libc_nano.a(libc_a-mprec.o)
                0x0800bccc                __d2b
 .text.__ssputs_r
                0x0800bd7c       0xb6 C:/ST/STM32CubeIDE_1.19.0/STM32CubeIDE/plugins/com.st.stm32cube.ide.mcu.externaltools.gnu-tools-for-stm32.13.3.rel1.win32_1.0.0.202411081344/tools/bin/../lib/gcc/arm-none-eabi/13.3.1/../../../../arm-none-eabi/lib/thumb/v7-m/nofp\libc_nano.a(libc_a-nano-svfprintf.o)
                0x0800bd7c                __ssputs_r
 *fill*         0x0800be32        0x2 
 .text._svfprintf_r
                0x0800be34      0x1f8 C:/ST/STM32CubeIDE_1.19.0/STM32CubeIDE/plugins/com.st.stm32cube.ide.mcu.externaltools.gnu-tools-for-stm32.13.3.rel1.win32_1.0.0.202411081344/tools/bin/../lib/gcc/arm-none-eabi/13.3.1/../../../../arm-none-eabi/lib/thumb/v7-m/nofp\libc_nano.a(libc_a-nano-svfprintf.o)
                0x0800be34                _svfiprintf_r
                0x0800be34                _svfprintf_r
 .text.__sfputc_r
                0x0800c02c       0x2a C:/ST/STM32CubeIDE_1.19.0/STM32CubeIDE/plugins/com.st.stm32cube.ide.mcu.externaltools.gnu-tools-for-stm32.13.3.rel1.win32_1.0.0.202411081344/tools/bin/../lib/gcc/arm-none-eabi/13.3.1/../../../../arm-none-eabi/lib/thumb/v7-m/nofp\libc_nano.a(libc_a-nano-vfprintf.o)
 .text.__sfputs_r
                0x0800c056       0x24 C:/ST/STM32CubeIDE_1.19.0/STM32CubeIDE/plugins/com.st.stm32cube.ide.mcu.externaltools.gnu-tools-for-stm32.13.3.rel1.win32_1.0.0.202411081344/tools/bin/../lib/gcc/arm-none-eabi/13.3.1/../../../../arm-none-eabi/lib/thumb/v7-m/nofp\libc_nano.a(libc_a-nano-vfprintf.o)
                0x0800c056                __sfputs_r
 *fill*         0x0800c07a        0x2 
 .text._vfprintf_r
                0x0800c07c      0x230 C:/ST/STM32CubeIDE_1.19.0/STM32CubeIDE/plugins/com.st.stm32cube.ide.mcu.externaltools.gnu-tools-for-stm32.13.3.rel1.win32_1.0.0.202411081344/tools/bin/../lib/gcc/arm-none-eabi/13.3.1/../../../../arm-none-eabi/lib/thumb/v7-m/nofp\libc_nano.a(libc_a-nano-vfprintf.o)
                0x0800c07c                _vfprintf_r
                0x0800c07c                _vfiprintf_r
 .text.__sflush_r
                0x0800c2ac      0x100 C:/ST/STM32CubeIDE_1.19.0/STM32CubeIDE/plugins/com.st.stm32cube.ide.mcu.externaltools.gnu-tools-for-stm32.13.3.rel1.win32_1.0.0.202411081344/tools/bin/../lib/gcc/arm-none-eabi/13.3.1/../../../../arm-none-eabi/lib/thumb/v7-m/nofp\libc_nano.a(libc_a-fflush.o)
                0x0800c2ac                __sflush_r
 .text._fflush_r
                0x0800c3ac       0x50 C:/ST/STM32CubeIDE_1.19.0/STM32CubeIDE/plugins/com.st.stm32cube.ide.mcu.externaltools.gnu-tools-for-stm32.13.3.rel1.win32_1.0.0.202411081344/tools/bin/../lib/gcc/arm-none-eabi/13.3.1/../../../../arm-none-eabi/lib/thumb/v7-m/nofp\libc_nano.a(libc_a-fflush.o)
                0x0800c3ac                _fflush_r
 .text.__swbuf_r
                0x0800c3fc       0x7c C:/ST/STM32CubeIDE_1.19.0/STM32CubeIDE/plugins/com.st.stm32cube.ide.mcu.externaltools.gnu-tools-for-stm32.13.3.rel1.win32_1.0.0.202411081344/tools/bin/../lib/gcc/arm-none-eabi/13.3.1/../../../../arm-none-eabi/lib/thumb/v7-m/nofp\libc_nano.a(libc_a-wbuf.o)
                0x0800c3fc                __swbuf_r
 .text.__swsetup_r
                0x0800c478       0xac C:/ST/STM32CubeIDE_1.19.0/STM32CubeIDE/plugins/com.st.stm32cube.ide.mcu.externaltools.gnu-tools-for-stm32.13.3.rel1.win32_1.0.0.202411081344/tools/bin/../lib/gcc/arm-none-eabi/13.3.1/../../../../arm-none-eabi/lib/thumb/v7-m/nofp\libc_nano.a(libc_a-wsetup.o)
                0x0800c478                __swsetup_r
 .text.memmove  0x0800c524       0x34 C:/ST/STM32CubeIDE_1.19.0/STM32CubeIDE/plugins/com.st.stm32cube.ide.mcu.externaltools.gnu-tools-for-stm32.13.3.rel1.win32_1.0.0.202411081344/tools/bin/../lib/gcc/arm-none-eabi/13.3.1/../../../../arm-none-eabi/lib/thumb/v7-m/nofp\libc_nano.a(libc_a-memmove.o)
                0x0800c524                memmove
 .text._raise_r
                0x0800c558       0x50 C:/ST/STM32CubeIDE_1.19.0/STM32CubeIDE/plugins/com.st.stm32cube.ide.mcu.externaltools.gnu-tools-for-stm32.13.3.rel1.win32_1.0.0.202411081344/tools/bin/../lib/gcc/arm-none-eabi/13.3.1/../../../../arm-none-eabi/lib/thumb/v7-m/nofp\libc_nano.a(libc_a-signal.o)
                0x0800c558                _raise_r
 .text.raise    0x0800c5a8       0x10 C:/ST/STM32CubeIDE_1.19.0/STM32CubeIDE/plugins/com.st.stm32cube.ide.mcu.externaltools.gnu-tools-for-stm32.13.3.rel1.win32_1.0.0.202411081344/tools/bin/../lib/gcc/arm-none-eabi/13.3.1/../../../../arm-none-eabi/lib/thumb/v7-m/nofp\libc_nano.a(libc_a-signal.o)
                0x0800c5a8                raise
 .text._kill_r  0x0800c5b8       0x24 C:/ST/STM32CubeIDE_1.19.0/STM32CubeIDE/plugins/com.st.stm32cube.ide.mcu.externaltools.gnu-tools-for-stm32.13.3.rel1.win32_1.0.0.202411081344/tools/bin/../lib/gcc/arm-none-eabi/13.3.1/../../../../arm-none-eabi/lib/thumb/v7-m/nofp\libc_nano.a(libc_a-signalr.o)
                0x0800c5b8                _kill_r
 .text._getpid_r
                0x0800c5dc        0x4 C:/ST/STM32CubeIDE_1.19.0/STM32CubeIDE/plugins/com.st.stm32cube.ide.mcu.externaltools.gnu-tools-for-stm32.13.3.rel1.win32_1.0.0.202411081344/tools/bin/../lib/gcc/arm-none-eabi/13.3.1/../../../../arm-none-eabi/lib/thumb/v7-m/nofp\libc_nano.a(libc_a-signalr.o)
                0x0800c5dc                _getpid_r
 .text.__ascii_mbtowc
                0x0800c5e0       0x24 C:/ST/STM32CubeIDE_1.19.0/STM32CubeIDE/plugins/com.st.stm32cube.ide.mcu.externaltools.gnu-tools-for-stm32.13.3.rel1.win32_1.0.0.202411081344/tools/bin/../lib/gcc/arm-none-eabi/13.3.1/../../../../arm-none-eabi/lib/thumb/v7-m/nofp\libc_nano.a(libc_a-mbtowc_r.o)
                0x0800c5e0                __ascii_mbtowc
 .text._realloc_r
                0x0800c604       0x5c C:/ST/STM32CubeIDE_1.19.0/STM32CubeIDE/plugins/com.st.stm32cube.ide.mcu.externaltools.gnu-tools-for-stm32.13.3.rel1.win32_1.0.0.202411081344/tools/bin/../lib/gcc/arm-none-eabi/13.3.1/../../../../arm-none-eabi/lib/thumb/v7-m/nofp\libc_nano.a(libc_a-reallocr.o)
                0x0800c604                _realloc_r
 .text.__ascii_wctomb
                0x0800c660       0x1a C:/ST/STM32CubeIDE_1.19.0/STM32CubeIDE/plugins/com.st.stm32cube.ide.mcu.externaltools.gnu-tools-for-stm32.13.3.rel1.win32_1.0.0.202411081344/tools/bin/../lib/gcc/arm-none-eabi/13.3.1/../../../../arm-none-eabi/lib/thumb/v7-m/nofp\libc_nano.a(libc_a-wctomb_r.o)
                0x0800c660                __ascii_wctomb
 .text.__swhatbuf_r
                0x0800c67a       0x4a C:/ST/STM32CubeIDE_1.19.0/STM32CubeIDE/plugins/com.st.stm32cube.ide.mcu.externaltools.gnu-tools-for-stm32.13.3.rel1.win32_1.0.0.202411081344/tools/bin/../lib/gcc/arm-none-eabi/13.3.1/../../../../arm-none-eabi/lib/thumb/v7-m/nofp\libc_nano.a(libc_a-makebuf.o)
                0x0800c67a                __swhatbuf_r
 .text.__smakebuf_r
                0x0800c6c4       0x78 C:/ST/STM32CubeIDE_1.19.0/STM32CubeIDE/plugins/com.st.stm32cube.ide.mcu.externaltools.gnu-tools-for-stm32.13.3.rel1.win32_1.0.0.202411081344/tools/bin/../lib/gcc/arm-none-eabi/13.3.1/../../../../arm-none-eabi/lib/thumb/v7-m/nofp\libc_nano.a(libc_a-makebuf.o)
                0x0800c6c4                __smakebuf_r
 .text._fstat_r
                0x0800c73c       0x24 C:/ST/STM32CubeIDE_1.19.0/STM32CubeIDE/plugins/com.st.stm32cube.ide.mcu.externaltools.gnu-tools-for-stm32.13.3.rel1.win32_1.0.0.202411081344/tools/bin/../lib/gcc/arm-none-eabi/13.3.1/../../../../arm-none-eabi/lib/thumb/v7-m/nofp\libc_nano.a(libc_a-fstatr.o)
                0x0800c73c                _fstat_r
 .text._isatty_r
                0x0800c760       0x20 C:/ST/STM32CubeIDE_1.19.0/STM32CubeIDE/plugins/com.st.stm32cube.ide.mcu.externaltools.gnu-tools-for-stm32.13.3.rel1.win32_1.0.0.202411081344/tools/bin/../lib/gcc/arm-none-eabi/13.3.1/../../../../arm-none-eabi/lib/thumb/v7-m/nofp\libc_nano.a(libc_a-isattyr.o)
                0x0800c760                _isatty_r
 .text._malloc_usable_size_r
                0x0800c780       0x10 C:/ST/STM32CubeIDE_1.19.0/STM32CubeIDE/plugins/com.st.stm32cube.ide.mcu.externaltools.gnu-tools-for-stm32.13.3.rel1.win32_1.0.0.202411081344/tools/bin/../lib/gcc/arm-none-eabi/13.3.1/../../../../arm-none-eabi/lib/thumb/v7-m/nofp\libc_nano.a(libc_a-msizer.o)
                0x0800c780                _malloc_usable_size_r
 *(.glue_7)
 .glue_7        0x0800c790        0x0 linker stubs
 *(.glue_7t)
 .glue_7t       0x0800c790        0x0 linker stubs
 *(.eh_frame)
 .eh_frame      0x0800c790        0x0 C:/ST/STM32CubeIDE_1.19.0/STM32CubeIDE/plugins/com.st.stm32cube.ide.mcu.externaltools.gnu-tools-for-stm32.13.3.rel1.win32_1.0.0.202411081344/tools/bin/../lib/gcc/arm-none-eabi/13.3.1/thumb/v7-m/nofp/crtbegin.o
 *(.init)
 .init          0x0800c790        0x4 C:/ST/STM32CubeIDE_1.19.0/STM32CubeIDE/plugins/com.st.stm32cube.ide.mcu.externaltools.gnu-tools-for-stm32.13.3.rel1.win32_1.0.0.202411081344/tools/bin/../lib/gcc/arm-none-eabi/13.3.1/thumb/v7-m/nofp/crti.o
                0x0800c790                _init
 .init          0x0800c794        0x8 C:/ST/STM32CubeIDE_1.19.0/STM32CubeIDE/plugins/com.st.stm32cube.ide.mcu.externaltools.gnu-tools-for-stm32.13.3.rel1.win32_1.0.0.202411081344/tools/bin/../lib/gcc/arm-none-eabi/13.3.1/thumb/v7-m/nofp/crtn.o
 *(.fini)
 .fini          0x0800c79c        0x4 C:/ST/STM32CubeIDE_1.19.0/STM32CubeIDE/plugins/com.st.stm32cube.ide.mcu.externaltools.gnu-tools-for-stm32.13.3.rel1.win32_1.0.0.202411081344/tools/bin/../lib/gcc/arm-none-eabi/13.3.1/thumb/v7-m/nofp/crti.o
                0x0800c79c                _fini
 .fini          0x0800c7a0        0x8 C:/ST/STM32CubeIDE_1.19.0/STM32CubeIDE/plugins/com.st.stm32cube.ide.mcu.externaltools.gnu-tools-for-stm32.13.3.rel1.win32_1.0.0.202411081344/tools/bin/../lib/gcc/arm-none-eabi/13.3.1/thumb/v7-m/nofp/crtn.o
                0x0800c7a8                        . = ALIGN (0x4)
                0x0800c7a8                        _etext = .

.vfp11_veneer   0x0800c7a8        0x0
 .vfp11_veneer  0x0800c7a8        0x0 linker stubs

.v4_bx          0x0800c7a8        0x0
 .v4_bx         0x0800c7a8        0x0 linker stubs

.iplt           0x0800c7a8        0x0
 .iplt          0x0800c7a8        0x0 C:/ST/STM32CubeIDE_1.19.0/STM32CubeIDE/plugins/com.st.stm32cube.ide.mcu.externaltools.gnu-tools-for-stm32.13.3.rel1.win32_1.0.0.202411081344/tools/bin/../lib/gcc/arm-none-eabi/13.3.1/thumb/v7-m/nofp/crtbegin.o

.rodata         0x0800c7a8      0xba4
                0x0800c7a8                        . = ALIGN (0x4)
 *(.rodata)
 .rodata        0x0800c7a8      0x1d8 ./Core/Src/ap33772s/ap33772s.o
 .rodata        0x0800c980      0x2b2 ./Core/Src/bq25798/bq25798.o
 *fill*         0x0800cc32        0x2 
 .rodata        0x0800cc34       0x36 ./Core/Src/main.o
 *fill*         0x0800cc6a        0x2 
 .rodata        0x0800cc6c       0x4f ./Core/Src/i2c/i2c.o
 *fill*         0x0800ccbb        0x1 
 .rodata        0x0800ccbc        0xf ./Core/Src/log/log.o
 *fill*         0x0800cccb        0x1 
 .rodata        0x0800cccc       0x85 ./Core/Src/tb6612fng/tb6612fng.o
 *fill*         0x0800cd51        0x3 
 .rodata        0x0800cd54      0x17c ./Core/Src/vnh5180a/vnh5180a.o
 .rodata        0x0800ced0        0x5 ./Middlewares/Third_Party/FreeRTOS/Source/tasks.o
 *fill*         0x0800ced5        0x3 
 .rodata        0x0800ced8        0xd ./Middlewares/Third_Party/FreeRTOS/Source/timers.o
 *(.rodata*)
 *fill*         0x0800cee5        0x3 
 .rodata.__func__.0
                0x0800cee8       0x12 ./Core/Src/bq25798/bq25798.o
 *fill*         0x0800cefa        0x2 
 .rodata.tbTask_attributes
                0x0800cefc       0x24 ./Core/Src/main.o
                0x0800cefc                tbTask_attributes
 .rodata.apTask_attributes
                0x0800cf20       0x24 ./Core/Src/main.o
                0x0800cf20                apTask_attributes
 .rodata.bqTask_attributes
                0x0800cf44       0x24 ./Core/Src/main.o
                0x0800cf44                bqTask_attributes
 .rodata.vnTask_attributes
                0x0800cf68       0x24 ./Core/Src/main.o
                0x0800cf68                vnTask_attributes
 .rodata.vnTaskSem_attributes
                0x0800cf8c       0x10 ./Core/Src/main.o
                0x0800cf8c                vnTaskSem_attributes
 .rodata.tbTaskSem_attributes
                0x0800cf9c       0x10 ./Core/Src/main.o
                0x0800cf9c                tbTaskSem_attributes
 .rodata.AHBPrescTable
                0x0800cfac       0x10 ./Core/Src/system_stm32f1xx.o
                0x0800cfac                AHBPrescTable
 .rodata.APBPrescTable
                0x0800cfbc        0x8 ./Core/Src/system_stm32f1xx.o
                0x0800cfbc                APBPrescTable
 .rodata.aPLLMULFactorTable.1
                0x0800cfc4       0x10 ./Drivers/STM32F1xx_HAL_Driver/Src/stm32f1xx_hal_rcc.o
 .rodata.aPredivFactorTable.0
                0x0800cfd4        0x2 ./Drivers/STM32F1xx_HAL_Driver/Src/stm32f1xx_hal_rcc.o
 .rodata.__assert_func.str1.1
                0x0800cfd6      0x171 C:/ST/STM32CubeIDE_1.19.0/STM32CubeIDE/plugins/com.st.stm32cube.ide.mcu.externaltools.gnu-tools-for-stm32.13.3.rel1.win32_1.0.0.202411081344/tools/bin/../lib/gcc/arm-none-eabi/13.3.1/../../../../arm-none-eabi/lib/thumb/v7-m/nofp\libc_nano.a(libc_a-assert.o)
                                 0x3d (size before relaxing)
 .rodata._printf_float.str1.1
                0x0800d147       0x12 C:/ST/STM32CubeIDE_1.19.0/STM32CubeIDE/plugins/com.st.stm32cube.ide.mcu.externaltools.gnu-tools-for-stm32.13.3.rel1.win32_1.0.0.202411081344/tools/bin/../lib/gcc/arm-none-eabi/13.3.1/../../../../arm-none-eabi/lib/thumb/v7-m/nofp\libc_nano.a(libc_a-nano-vfprintf_float.o)
 .rodata._printf_i.str1.1
                0x0800d147       0x22 C:/ST/STM32CubeIDE_1.19.0/STM32CubeIDE/plugins/com.st.stm32cube.ide.mcu.externaltools.gnu-tools-for-stm32.13.3.rel1.win32_1.0.0.202411081344/tools/bin/../lib/gcc/arm-none-eabi/13.3.1/../../../../arm-none-eabi/lib/thumb/v7-m/nofp\libc_nano.a(libc_a-nano-vfprintf_i.o)
 .rodata._dtoa_r.str1.1
                0x0800d147       0x8f C:/ST/STM32CubeIDE_1.19.0/STM32CubeIDE/plugins/com.st.stm32cube.ide.mcu.externaltools.gnu-tools-for-stm32.13.3.rel1.win32_1.0.0.202411081344/tools/bin/../lib/gcc/arm-none-eabi/13.3.1/../../../../arm-none-eabi/lib/thumb/v7-m/nofp\libc_nano.a(libc_a-dtoa.o)
 .rodata._Balloc.str1.1
                0x0800d147       0x70 C:/ST/STM32CubeIDE_1.19.0/STM32CubeIDE/plugins/com.st.stm32cube.ide.mcu.externaltools.gnu-tools-for-stm32.13.3.rel1.win32_1.0.0.202411081344/tools/bin/../lib/gcc/arm-none-eabi/13.3.1/../../../../arm-none-eabi/lib/thumb/v7-m/nofp\libc_nano.a(libc_a-mprec.o)
 .rodata.__multadd.str1.1
                0x0800d147       0x11 C:/ST/STM32CubeIDE_1.19.0/STM32CubeIDE/plugins/com.st.stm32cube.ide.mcu.externaltools.gnu-tools-for-stm32.13.3.rel1.win32_1.0.0.202411081344/tools/bin/../lib/gcc/arm-none-eabi/13.3.1/../../../../arm-none-eabi/lib/thumb/v7-m/nofp\libc_nano.a(libc_a-mprec.o)
 *fill*         0x0800d147        0x1 
 .rodata.p05.0  0x0800d148        0xc C:/ST/STM32CubeIDE_1.19.0/STM32CubeIDE/plugins/com.st.stm32cube.ide.mcu.externaltools.gnu-tools-for-stm32.13.3.rel1.win32_1.0.0.202411081344/tools/bin/../lib/gcc/arm-none-eabi/13.3.1/../../../../arm-none-eabi/lib/thumb/v7-m/nofp\libc_nano.a(libc_a-mprec.o)
 *fill*         0x0800d154        0x4 
 .rodata.__mprec_bigtens
                0x0800d158       0x28 C:/ST/STM32CubeIDE_1.19.0/STM32CubeIDE/plugins/com.st.stm32cube.ide.mcu.externaltools.gnu-tools-for-stm32.13.3.rel1.win32_1.0.0.202411081344/tools/bin/../lib/gcc/arm-none-eabi/13.3.1/../../../../arm-none-eabi/lib/thumb/v7-m/nofp\libc_nano.a(libc_a-mprec.o)
                0x0800d158                __mprec_bigtens
 .rodata.__mprec_tens
                0x0800d180       0xc8 C:/ST/STM32CubeIDE_1.19.0/STM32CubeIDE/plugins/com.st.stm32cube.ide.mcu.externaltools.gnu-tools-for-stm32.13.3.rel1.win32_1.0.0.202411081344/tools/bin/../lib/gcc/arm-none-eabi/13.3.1/../../../../arm-none-eabi/lib/thumb/v7-m/nofp\libc_nano.a(libc_a-mprec.o)
                0x0800d180                __mprec_tens
 .rodata._svfprintf_r.str1.1
                0x0800d248       0x11 C:/ST/STM32CubeIDE_1.19.0/STM32CubeIDE/plugins/com.st.stm32cube.ide.mcu.externaltools.gnu-tools-for-stm32.13.3.rel1.win32_1.0.0.202411081344/tools/bin/../lib/gcc/arm-none-eabi/13.3.1/../../../../arm-none-eabi/lib/thumb/v7-m/nofp\libc_nano.a(libc_a-nano-svfprintf.o)
 .rodata._vfprintf_r.str1.1
                0x0800d248       0x11 C:/ST/STM32CubeIDE_1.19.0/STM32CubeIDE/plugins/com.st.stm32cube.ide.mcu.externaltools.gnu-tools-for-stm32.13.3.rel1.win32_1.0.0.202411081344/tools/bin/../lib/gcc/arm-none-eabi/13.3.1/../../../../arm-none-eabi/lib/thumb/v7-m/nofp\libc_nano.a(libc_a-nano-vfprintf.o)
 .rodata._setlocale_r.str1.1
                0x0800d248        0x9 C:/ST/STM32CubeIDE_1.19.0/STM32CubeIDE/plugins/com.st.stm32cube.ide.mcu.externaltools.gnu-tools-for-stm32.13.3.rel1.win32_1.0.0.202411081344/tools/bin/../lib/gcc/arm-none-eabi/13.3.1/../../../../arm-none-eabi/lib/thumb/v7-m/nofp\libc_nano.a(libc_a-locale.o)
 .rodata.str1.1
                0x0800d248        0x2 C:/ST/STM32CubeIDE_1.19.0/STM32CubeIDE/plugins/com.st.stm32cube.ide.mcu.externaltools.gnu-tools-for-stm32.13.3.rel1.win32_1.0.0.202411081344/tools/bin/../lib/gcc/arm-none-eabi/13.3.1/../../../../arm-none-eabi/lib/thumb/v7-m/nofp\libc_nano.a(libc_a-locale.o)
 .rodata._ctype_
                0x0800d248      0x101 C:/ST/STM32CubeIDE_1.19.0/STM32CubeIDE/plugins/com.st.stm32cube.ide.mcu.externaltools.gnu-tools-for-stm32.13.3.rel1.win32_1.0.0.202411081344/tools/bin/../lib/gcc/arm-none-eabi/13.3.1/../../../../arm-none-eabi/lib/thumb/v7-m/nofp\libc_nano.a(libc_a-ctype_.o)
                0x0800d248                _ctype_
                0x0800d34c                        . = ALIGN (0x4)
 *fill*         0x0800d349        0x3 

.ARM.extab      0x0800d34c        0x0
                0x0800d34c                        . = ALIGN (0x4)
 *(.ARM.extab* .gnu.linkonce.armextab.*)