../Core/Src/main.c:139:5:main	1
../Core/Src/main.c:241:6:SystemClock_Config	3
../Core/Src/main.c:281:13:MX_I2C1_Init	2
../Core/Src/main.c:315:13:MX_I2C2_Init	2
../Core/Src/main.c:349:13:MX_TIM3_Init	7
../Core/Src/main.c:412:13:MX_USART2_UART_Init	2
../Core/Src/main.c:445:13:MX_GPIO_Init	1
../Core/Src/main.c:505:6:HAL_GPIO_EXTI_Callback	3
../Core/Src/main.c:529:6:tb6612fngTask	1
../Core/Src/main.c:552:6:ap33772sTask	1
../Core/Src/main.c:585:6:bq25798Task	1
../Core/Src/main.c:628:6:vnh5180aTask	1
../Core/Src/main.c:649:6:HAL_TIM_PeriodElapsedCallback	2
../Core/Src/main.c:667:6:Error_Handler	1
