../Core/Src/main.c:133:5:main	8	static
../Core/Src/main.c:233:6:SystemClock_Config	72	static
../Core/Src/main.c:273:13:MX_I2C1_Init	8	static
../Core/Src/main.c:307:13:MX_I2C2_Init	8	static
../Core/Src/main.c:341:13:MX_TIM3_Init	64	static
../Core/Src/main.c:404:13:MX_USART2_UART_Init	8	static
../Core/Src/main.c:437:13:MX_GPIO_Init	40	static
../Core/Src/main.c:497:6:HAL_GPIO_EXTI_Callback	24	static,ignoring_inline_asm
../Core/Src/main.c:521:6:tb6612fngTask	16	static
../Core/Src/main.c:542:6:ap33772sTask	24	static
../Core/Src/main.c:575:6:bq25798Task	24	static
../Core/Src/main.c:617:6:vnh5180aTask	16	static
../Core/Src/main.c:639:6:HAL_TIM_PeriodElapsedCallback	16	static
../Core/Src/main.c:657:6:Error_Handler	4	static,ignoring_inline_asm
