../Core/Src/main.c:139:5:main	1
../Core/Src/main.c:239:6:SystemClock_Config	3
../Core/Src/main.c:279:13:MX_I2C1_Init	2
../Core/Src/main.c:313:13:MX_I2C2_Init	2
../Core/Src/main.c:347:13:MX_TIM3_Init	7
../Core/Src/main.c:410:13:MX_USART2_UART_Init	2
../Core/Src/main.c:443:13:MX_GPIO_Init	1
../Core/Src/main.c:503:6:HAL_GPIO_EXTI_Callback	3
../Core/Src/main.c:527:6:tb6612fngTask	1
../Core/Src/main.c:551:6:ap33772sTask	1
../Core/Src/main.c:584:6:bq25798Task	1
../Core/Src/main.c:627:6:vnh5180aTask	1
../Core/Src/main.c:648:6:HAL_TIM_PeriodElapsedCallback	2
../Core/Src/main.c:666:6:Error_Handler	1
