../Core/Src/main.c:95:5:main	128	static
../Core/Src/main.c:187:6:SystemClock_Config	72	static
../Core/Src/main.c:227:13:MX_I2C1_Init	8	static
../Core/Src/main.c:261:13:MX_I2C2_Init	8	static
../Core/Src/main.c:295:13:MX_TIM3_Init	64	static
../Core/Src/main.c:358:13:MX_USART2_UART_Init	8	static
../Core/Src/main.c:391:13:MX_GPIO_Init	40	static
../Core/Src/main.c:451:6:tb6612fngTask	16	static
../Core/Src/main.c:464:6:vnh5180aTask	16	static
../Core/Src/main.c:477:6:ap33772sTask	24	static
../Core/Src/main.c:501:6:bq25798Task	24	static
../Core/Src/main.c:526:6:HAL_TIM_PeriodElapsedCallback	16	static
../Core/Src/main.c:544:6:Error_Handler	4	static,ignoring_inline_asm
