../Core/Src/ap33772s/ap33772s.c:67:19:ap_call_read	32	static
../Core/Src/ap33772s/ap33772s.c:72:19:ap_call_write	32	static
../Core/Src/ap33772s/ap33772s.c:77:5:ap_read_bytes	24	static
../Core/Src/ap33772s/ap33772s.c:85:5:ap_write_bytes	24	static
../Core/Src/ap33772s/ap33772s.c:100:20:ap_pdo_is_programmable	16	static
../Core/Src/ap33772s/ap33772s.c:110:20:ap_pdo_is_valid	16	static
../Core/Src/ap33772s/ap33772s.c:120:23:ap_pdo_current_code	16	static
../Core/Src/ap33772s/ap33772s.c:125:23:ap_pdo_voltage_field	16	static
../Core/Src/ap33772s/ap33772s.c:136:19:ap_decode_voltage_max_mv	24	static
../Core/Src/ap33772s/ap33772s.c:147:19:ap_pps_voltage_min_mv	16	static
../Core/Src/ap33772s/ap33772s.c:157:19:ap_avs_voltage_min_mv	16	static
../Core/Src/ap33772s/ap33772s.c:170:12:ap_current_code_from_ma	24	static
../Core/Src/ap33772s/ap33772s.c:200:13:ap_current_range_from_code	32	static
../Core/Src/ap33772s/ap33772s.c:226:12:ap_read_u8	32	static
../Core/Src/ap33772s/ap33772s.c:244:12:ap_read_u16	32	static
../Core/Src/ap33772s/ap33772s.c:262:12:ap_write_u8	16	static
../Core/Src/ap33772s/ap33772s.c:274:12:ap_write_u16	24	static
../Core/Src/ap33772s/ap33772s.c:280:5:ap_get_power_capabilities	56	static
../Core/Src/ap33772s/ap33772s.c:320:8:ap_init	32	static
../Core/Src/ap33772s/ap33772s.c:340:6:ap_destroy	16	static
../Core/Src/ap33772s/ap33772s.c:345:5:ap_reset_device	48	static
../Core/Src/ap33772s/ap33772s.c:403:5:ap_set_output	24	static
../Core/Src/ap33772s/ap33772s.c:413:6:ap_delay	16	static
../Core/Src/ap33772s/ap33772s.c:417:12:ap_send_request	32	static
../Core/Src/ap33772s/ap33772s.c:427:5:ap_request_fixed_pdo	32	static
../Core/Src/ap33772s/ap33772s.c:451:5:ap_request_pps	48	static
../Core/Src/ap33772s/ap33772s.c:482:5:ap_request_avs	48	static
../Core/Src/ap33772s/ap33772s.c:520:5:ap_request_max_power	24	static
../Core/Src/ap33772s/ap33772s.c:534:5:ap_read_status	24	static
../Core/Src/ap33772s/ap33772s.c:548:5:ap_read_opmode	24	static
../Core/Src/ap33772s/ap33772s.c:562:5:ap_set_ntc	32	static
../Core/Src/ap33772s/ap33772s.c:594:5:ap_read_temperature	24	static
../Core/Src/ap33772s/ap33772s.c:608:5:ap_read_voltage	24	static
../Core/Src/ap33772s/ap33772s.c:622:6:ap_log_voltage	16	static
../Core/Src/ap33772s/ap33772s.c:629:5:ap_read_current	24	static
../Core/Src/ap33772s/ap33772s.c:643:6:ap_log_current	16	static
../Core/Src/ap33772s/ap33772s.c:650:5:ap_read_vreq	24	static
../Core/Src/ap33772s/ap33772s.c:664:5:ap_read_ireq	24	static
../Core/Src/ap33772s/ap33772s.c:678:5:ap_read_vselmin	24	static
../Core/Src/ap33772s/ap33772s.c:692:5:ap_set_vselmin	24	static
../Core/Src/ap33772s/ap33772s.c:701:5:ap_read_uvp_threshold	24	static
../Core/Src/ap33772s/ap33772s.c:729:5:ap_set_uvp_threshold	24	static
../Core/Src/ap33772s/ap33772s.c:751:5:ap_read_ovp_threshold	24	static
../Core/Src/ap33772s/ap33772s.c:765:5:ap_set_ovp_threshold	24	static
../Core/Src/ap33772s/ap33772s.c:774:5:ap_read_ocp_threshold	24	static
../Core/Src/ap33772s/ap33772s.c:788:5:ap_set_ocp_threshold	24	static
../Core/Src/ap33772s/ap33772s.c:797:5:ap_read_otp_threshold	24	static
../Core/Src/ap33772s/ap33772s.c:811:5:ap_set_otp_threshold	16	static
../Core/Src/ap33772s/ap33772s.c:819:5:ap_read_dr_threshold	24	static
../Core/Src/ap33772s/ap33772s.c:833:5:ap_set_dr_threshold	16	static
../Core/Src/ap33772s/ap33772s.c:841:9:ap_get_num_pdo	16	static
../Core/Src/ap33772s/ap33772s.c:849:5:ap_get_pps_index	16	static
../Core/Src/ap33772s/ap33772s.c:857:5:ap_get_avs_index	16	static
../Core/Src/ap33772s/ap33772s.c:865:13:ap_print_profile	72	static
../Core/Src/ap33772s/ap33772s.c:944:6:ap_print_profiles	24	static
../Core/Src/ap33772s/ap33772s.c:954:12:ap_read_pdo_register	40	static
../Core/Src/ap33772s/ap33772s.c:977:5:ap_refresh_pdo	40	static
../Core/Src/ap33772s/ap33772s.c:1024:5:ap_get_pdo_info	32	static
../Core/Src/ap33772s/ap33772s.c:1070:13:ap_pps_voltage_min_desc	16	static
../Core/Src/ap33772s/ap33772s.c:1086:13:ap_avs_voltage_min_desc	16	static
../Core/Src/ap33772s/ap33772s.c:1102:13:ap_fixed_peak_current_desc	16	static
../Core/Src/ap33772s/ap33772s.c:1118:5:ap_read_gpio	16	static
../Core/Src/ap33772s/ap33772s.c:1126:5:ap_write_gpio	16	static
../Core/Src/ap33772s/ap33772s.c:1134:5:ap_set_gpio_pullup	24	static
../Core/Src/ap33772s/ap33772s.c:1152:5:ap_set_gpio_pulldown	24	static
../Core/Src/ap33772s/ap33772s.c:1170:5:ap_set_gpio_input_enable	24	static
../Core/Src/ap33772s/ap33772s.c:1188:5:ap_set_gpio_output	24	static
../Core/Src/ap33772s/ap33772s.c:1206:5:ap_set_gpio_output_enable	24	static
../Core/Src/ap33772s/ap33772s.c:1224:5:ap_read_gpio_input	24	static
../Core/Src/ap33772s/ap33772s.c:1238:5:ap_read_config	16	static
../Core/Src/ap33772s/ap33772s.c:1246:5:ap_write_config	16	static
../Core/Src/ap33772s/ap33772s.c:1254:5:ap_read_pdconfig	16	static
../Core/Src/ap33772s/ap33772s.c:1262:5:ap_write_pdconfig	16	static
../Core/Src/ap33772s/ap33772s.c:1270:5:ap_read_pd_msg_result	16	static
../Core/Src/ap33772s/ap33772s.c:1278:5:ap_set_data_role_swap_accept	24	static
../Core/Src/ap33772s/ap33772s.c:1296:5:ap_read_data_role	24	static
../Core/Src/ap33772s/ap33772s.c:1310:5:ap_send_data_role_swap	16	static
../Core/Src/ap33772s/ap33772s.c:1318:5:ap3_send_hard_reset	16	static
