../Core/Src/ap33772s/ap33772s.c:67:19:ap_call_read	32	static
../Core/Src/ap33772s/ap33772s.c:72:19:ap_call_write	32	static
../Core/Src/ap33772s/ap33772s.c:77:5:ap_read_bytes	24	static
../Core/Src/ap33772s/ap33772s.c:85:5:ap_write_bytes	24	static
../Core/Src/ap33772s/ap33772s.c:100:20:ap_pdo_is_programmable	16	static
../Core/Src/ap33772s/ap33772s.c:110:20:ap_pdo_is_valid	16	static
../Core/Src/ap33772s/ap33772s.c:120:23:ap_pdo_current_code	16	static
../Core/Src/ap33772s/ap33772s.c:125:23:ap_pdo_voltage_field	16	static
../Core/Src/ap33772s/ap33772s.c:136:19:ap_decode_voltage_max_mv	24	static
../Core/Src/ap33772s/ap33772s.c:147:19:ap_pps_voltage_min_mv	16	static
../Core/Src/ap33772s/ap33772s.c:157:19:ap_avs_voltage_min_mv	16	static
../Core/Src/ap33772s/ap33772s.c:170:12:ap_current_code_from_ma	24	static
../Core/Src/ap33772s/ap33772s.c:200:13:ap_current_range_from_code	32	static
../Core/Src/ap33772s/ap33772s.c:226:12:ap_read_u8	32	static
../Core/Src/ap33772s/ap33772s.c:244:12:ap_read_u16	32	static
../Core/Src/ap33772s/ap33772s.c:262:12:ap_write_u8	16	static
../Core/Src/ap33772s/ap33772s.c:274:12:ap_write_u16	24	static
../Core/Src/ap33772s/ap33772s.c:280:5:ap_get_power_capabilities	56	static
../Core/Src/ap33772s/ap33772s.c:320:8:ap_init	32	static
../Core/Src/ap33772s/ap33772s.c:342:6:ap_destroy	16	static
../Core/Src/ap33772s/ap33772s.c:347:5:ap_reset_device	48	static
../Core/Src/ap33772s/ap33772s.c:405:5:ap_set_output	24	static
../Core/Src/ap33772s/ap33772s.c:415:6:ap_delay	16	static
../Core/Src/ap33772s/ap33772s.c:419:12:ap_send_request	32	static
../Core/Src/ap33772s/ap33772s.c:429:5:ap_request_fixed_pdo	32	static
../Core/Src/ap33772s/ap33772s.c:453:5:ap_request_pps	48	static
../Core/Src/ap33772s/ap33772s.c:484:5:ap_request_avs	48	static
../Core/Src/ap33772s/ap33772s.c:522:5:ap_request_max_power	24	static
../Core/Src/ap33772s/ap33772s.c:536:5:ap_read_status	24	static
../Core/Src/ap33772s/ap33772s.c:550:5:ap_read_opmode	24	static
../Core/Src/ap33772s/ap33772s.c:564:5:ap_set_ntc	32	static
../Core/Src/ap33772s/ap33772s.c:596:5:ap_read_temperature	24	static
../Core/Src/ap33772s/ap33772s.c:610:5:ap_read_voltage	24	static
../Core/Src/ap33772s/ap33772s.c:624:6:ap_log_voltage	16	static
../Core/Src/ap33772s/ap33772s.c:631:5:ap_read_current	24	static
../Core/Src/ap33772s/ap33772s.c:645:6:ap_log_current	16	static
../Core/Src/ap33772s/ap33772s.c:652:5:ap_read_vreq	24	static
../Core/Src/ap33772s/ap33772s.c:666:5:ap_read_ireq	24	static
../Core/Src/ap33772s/ap33772s.c:680:5:ap_read_vselmin	24	static
../Core/Src/ap33772s/ap33772s.c:694:5:ap_set_vselmin	24	static
../Core/Src/ap33772s/ap33772s.c:703:5:ap_read_uvp_threshold	24	static
../Core/Src/ap33772s/ap33772s.c:731:5:ap_set_uvp_threshold	24	static
../Core/Src/ap33772s/ap33772s.c:753:5:ap_read_ovp_threshold	24	static
../Core/Src/ap33772s/ap33772s.c:767:5:ap_set_ovp_threshold	24	static
../Core/Src/ap33772s/ap33772s.c:776:5:ap_read_ocp_threshold	24	static
../Core/Src/ap33772s/ap33772s.c:790:5:ap_set_ocp_threshold	24	static
../Core/Src/ap33772s/ap33772s.c:799:5:ap_read_otp_threshold	24	static
../Core/Src/ap33772s/ap33772s.c:813:5:ap_set_otp_threshold	16	static
../Core/Src/ap33772s/ap33772s.c:821:5:ap_read_dr_threshold	24	static
../Core/Src/ap33772s/ap33772s.c:835:5:ap_set_dr_threshold	16	static
../Core/Src/ap33772s/ap33772s.c:843:9:ap_get_num_pdo	16	static
../Core/Src/ap33772s/ap33772s.c:851:5:ap_get_pps_index	16	static
../Core/Src/ap33772s/ap33772s.c:859:5:ap_get_avs_index	16	static
../Core/Src/ap33772s/ap33772s.c:867:13:ap_print_profile	72	static
../Core/Src/ap33772s/ap33772s.c:946:6:ap_print_profiles	24	static
../Core/Src/ap33772s/ap33772s.c:956:12:ap_read_pdo_register	40	static
../Core/Src/ap33772s/ap33772s.c:979:5:ap_refresh_pdo	40	static
../Core/Src/ap33772s/ap33772s.c:1026:5:ap_get_pdo_info	32	static
../Core/Src/ap33772s/ap33772s.c:1072:13:ap_pps_voltage_min_desc	16	static
../Core/Src/ap33772s/ap33772s.c:1088:13:ap_avs_voltage_min_desc	16	static
../Core/Src/ap33772s/ap33772s.c:1104:13:ap_fixed_peak_current_desc	16	static
../Core/Src/ap33772s/ap33772s.c:1120:5:ap_read_gpio	16	static
../Core/Src/ap33772s/ap33772s.c:1128:5:ap_write_gpio	16	static
../Core/Src/ap33772s/ap33772s.c:1136:5:ap_set_gpio_pullup	24	static
../Core/Src/ap33772s/ap33772s.c:1154:5:ap_set_gpio_pulldown	24	static
../Core/Src/ap33772s/ap33772s.c:1172:5:ap_set_gpio_input_enable	24	static
../Core/Src/ap33772s/ap33772s.c:1190:5:ap_set_gpio_output	24	static
../Core/Src/ap33772s/ap33772s.c:1208:5:ap_set_gpio_output_enable	24	static
../Core/Src/ap33772s/ap33772s.c:1226:5:ap_read_gpio_input	24	static
../Core/Src/ap33772s/ap33772s.c:1240:5:ap_read_config	16	static
../Core/Src/ap33772s/ap33772s.c:1248:5:ap_write_config	16	static
../Core/Src/ap33772s/ap33772s.c:1256:5:ap_read_pdconfig	16	static
../Core/Src/ap33772s/ap33772s.c:1264:5:ap_write_pdconfig	16	static
../Core/Src/ap33772s/ap33772s.c:1272:5:ap_read_pd_msg_result	16	static
../Core/Src/ap33772s/ap33772s.c:1280:5:ap_set_data_role_swap_accept	24	static
../Core/Src/ap33772s/ap33772s.c:1298:5:ap_read_data_role	24	static
../Core/Src/ap33772s/ap33772s.c:1312:5:ap_send_data_role_swap	16	static
../Core/Src/ap33772s/ap33772s.c:1320:5:ap3_send_hard_reset	16	static
